2025-12-13 22:04:02,309 - INFO - Starting comprehensive experiment for RandomForest
2025-12-13 22:04:11,201 - INFO - Performing feature analysis...
2025-12-13 22:04:13,076 - INFO - Model justification: Ensemble of decision trees, robust to outliers and captures non-linear relationships
2025-12-13 22:04:13,077 - INFO - Performing robust cross-validation...
2025-12-13 22:04:14,910 - INFO - CV Results - MSE: 0.7484 ± 0.1123
2025-12-13 22:04:14,910 - INFO - Starting hyperparameter optimization...
2025-12-13 22:07:10,545 - INFO - Best parameters for RandomForest: {'n_estimators': 108, 'max_depth': 7, 'min_samples_split': 7, 'min_samples_leaf': 2}
2025-12-13 22:07:10,545 - INFO - ⏱️ HPO took 175.64 seconds
2025-12-13 22:07:10,546 - INFO - Training final model...
2025-12-13 22:07:10,667 - INFO - ⏱️ Training took 0.12 seconds
2025-12-13 22:07:10,667 - INFO - Performing residual analysis...
2025-12-13 22:07:11,816 - INFO - Generating XAI explanations...
2025-12-13 22:07:12,424 - INFO - Computing feature importance...
2025-12-13 22:07:14,059 - INFO - Experiment completed for RandomForest
2025-12-13 22:07:14,059 - INFO - Total time: 191.32s (3.19 min)
2025-12-13 22:07:14,060 - INFO - Starting comprehensive experiment for RandomForest
2025-12-13 22:07:22,195 - INFO - Performing feature analysis...
2025-12-13 22:07:23,373 - INFO - Model justification: Ensemble of decision trees, robust to outliers and captures non-linear relationships
2025-12-13 22:07:23,373 - INFO - Performing robust cross-validation...
2025-12-13 22:07:25,206 - INFO - CV Results - MSE: 0.8671 ± 0.1325
2025-12-13 22:07:25,206 - INFO - Starting hyperparameter optimization...
2025-12-13 22:10:26,410 - INFO - Best parameters for RandomForest: {'n_estimators': 757, 'max_depth': 6, 'min_samples_split': 2, 'min_samples_leaf': 2}
2025-12-13 22:10:26,410 - INFO - ⏱️ HPO took 181.20 seconds
2025-12-13 22:10:26,410 - INFO - Training final model...
2025-12-13 22:10:27,239 - INFO - ⏱️ Training took 0.83 seconds
2025-12-13 22:10:27,239 - INFO - Performing residual analysis...
2025-12-13 22:10:28,262 - INFO - Generating XAI explanations...
2025-12-13 22:10:29,189 - INFO - Computing feature importance...
2025-12-13 22:10:37,507 - INFO - Experiment completed for RandomForest
2025-12-13 22:10:37,508 - INFO - Total time: 203.05s (3.38 min)
2025-12-13 22:10:37,508 - INFO - Starting comprehensive experiment for RandomForest
2025-12-13 22:10:45,616 - INFO - Performing feature analysis...
2025-12-13 22:10:46,900 - INFO - Model justification: Ensemble of decision trees, robust to outliers and captures non-linear relationships
2025-12-13 22:10:46,900 - INFO - Performing robust cross-validation...
2025-12-13 22:10:48,748 - INFO - CV Results - MSE: 0.7909 ± 0.1478
2025-12-13 22:10:48,748 - INFO - Starting hyperparameter optimization...
2025-12-13 22:13:38,672 - INFO - Best parameters for RandomForest: {'n_estimators': 776, 'max_depth': 7, 'min_samples_split': 3, 'min_samples_leaf': 2}
2025-12-13 22:13:38,672 - INFO - ⏱️ HPO took 169.92 seconds
2025-12-13 22:13:38,672 - INFO - Training final model...
2025-12-13 22:13:39,549 - INFO - ⏱️ Training took 0.88 seconds
2025-12-13 22:13:39,549 - INFO - Performing residual analysis...
2025-12-13 22:13:40,564 - INFO - Generating XAI explanations...
2025-12-13 22:13:41,704 - INFO - Computing feature importance...
2025-12-13 22:13:50,410 - INFO - Experiment completed for RandomForest
2025-12-13 22:13:50,410 - INFO - Total time: 192.49s (3.21 min)
2025-12-13 22:13:50,410 - INFO - Starting comprehensive experiment for RandomForest
2025-12-13 22:13:57,522 - INFO - Performing feature analysis...
2025-12-13 22:13:58,672 - INFO - Model justification: Ensemble of decision trees, robust to outliers and captures non-linear relationships
2025-12-13 22:13:58,672 - INFO - Performing robust cross-validation...
2025-12-13 22:14:00,499 - INFO - CV Results - MSE: 0.8627 ± 0.1595
2025-12-13 22:14:00,499 - INFO - Starting hyperparameter optimization...
2025-12-13 22:15:53,767 - INFO - Best parameters for RandomForest: {'n_estimators': 310, 'max_depth': 16, 'min_samples_split': 6, 'min_samples_leaf': 5}
2025-12-13 22:15:53,767 - INFO - ⏱️ HPO took 113.27 seconds
2025-12-13 22:15:53,767 - INFO - Training final model...
2025-12-13 22:15:54,106 - INFO - ⏱️ Training took 0.34 seconds
2025-12-13 22:15:54,106 - INFO - Performing residual analysis...
2025-12-13 22:15:55,110 - INFO - Generating XAI explanations...
2025-12-13 22:15:55,795 - INFO - Computing feature importance...
2025-12-13 22:15:59,427 - INFO - Experiment completed for RandomForest
2025-12-13 22:15:59,427 - INFO - Total time: 128.64s (2.14 min)
2025-12-13 22:15:59,427 - INFO - Starting comprehensive experiment for RandomForest
2025-12-13 22:16:07,220 - INFO - Performing feature analysis...
2025-12-13 22:16:08,381 - INFO - Model justification: Ensemble of decision trees, robust to outliers and captures non-linear relationships
2025-12-13 22:16:08,381 - INFO - Performing robust cross-validation...
2025-12-13 22:16:10,208 - INFO - CV Results - MSE: 0.8034 ± 0.0932
2025-12-13 22:16:10,208 - INFO - Starting hyperparameter optimization...
2025-12-13 22:19:09,633 - INFO - Best parameters for RandomForest: {'n_estimators': 909, 'max_depth': 7, 'min_samples_split': 2, 'min_samples_leaf': 1}
2025-12-13 22:19:09,633 - INFO - ⏱️ HPO took 179.42 seconds
2025-12-13 22:19:09,633 - INFO - Training final model...
2025-12-13 22:19:10,671 - INFO - ⏱️ Training took 1.04 seconds
2025-12-13 22:19:10,671 - INFO - Performing residual analysis...
2025-12-13 22:19:11,680 - INFO - Generating XAI explanations...
2025-12-13 22:19:13,084 - INFO - Computing feature importance...
2025-12-13 22:19:23,179 - INFO - Experiment completed for RandomForest
2025-12-13 22:19:23,179 - INFO - Total time: 203.37s (3.39 min)
2025-12-13 22:19:23,180 - INFO - Starting comprehensive experiment for RandomForest
2025-12-13 22:19:31,495 - INFO - Performing feature analysis...
2025-12-13 22:19:32,659 - INFO - Model justification: Ensemble of decision trees, robust to outliers and captures non-linear relationships
2025-12-13 22:19:32,659 - INFO - Performing robust cross-validation...
2025-12-13 22:19:34,479 - INFO - CV Results - MSE: 0.7220 ± 0.1345
2025-12-13 22:19:34,479 - INFO - Starting hyperparameter optimization...
2025-12-13 22:21:50,501 - INFO - Best parameters for RandomForest: {'n_estimators': 339, 'max_depth': 19, 'min_samples_split': 4, 'min_samples_leaf': 2}
2025-12-13 22:21:50,501 - INFO - ⏱️ HPO took 136.02 seconds
2025-12-13 22:21:50,501 - INFO - Training final model...
2025-12-13 22:21:50,901 - INFO - ⏱️ Training took 0.40 seconds
2025-12-13 22:21:50,901 - INFO - Performing residual analysis...
2025-12-13 22:21:51,913 - INFO - Generating XAI explanations...
2025-12-13 22:21:52,952 - INFO - Computing feature importance...
2025-12-13 22:21:57,020 - INFO - Experiment completed for RandomForest
2025-12-13 22:21:57,020 - INFO - Total time: 153.46s (2.56 min)
2025-12-13 22:21:57,020 - INFO - Starting comprehensive experiment for RandomForest
2025-12-13 22:22:05,881 - INFO - Performing feature analysis...
2025-12-13 22:22:07,057 - INFO - Model justification: Ensemble of decision trees, robust to outliers and captures non-linear relationships
2025-12-13 22:22:07,057 - INFO - Performing robust cross-validation...
2025-12-13 22:22:08,887 - INFO - CV Results - MSE: 0.6901 ± 0.0884
2025-12-13 22:22:08,887 - INFO - Starting hyperparameter optimization...
2025-12-13 22:24:47,373 - INFO - Best parameters for RandomForest: {'n_estimators': 438, 'max_depth': 11, 'min_samples_split': 4, 'min_samples_leaf': 1}
2025-12-13 22:24:47,373 - INFO - ⏱️ HPO took 158.49 seconds
2025-12-13 22:24:47,373 - INFO - Training final model...
2025-12-13 22:24:47,915 - INFO - ⏱️ Training took 0.54 seconds
2025-12-13 22:24:47,915 - INFO - Performing residual analysis...
2025-12-13 22:24:48,945 - INFO - Generating XAI explanations...
2025-12-13 22:24:50,180 - INFO - Computing feature importance...
2025-12-13 22:24:55,447 - INFO - Experiment completed for RandomForest
2025-12-13 22:24:55,447 - INFO - Total time: 178.05s (2.97 min)
2025-12-13 22:24:55,448 - INFO - Starting comprehensive experiment for RandomForest
2025-12-13 22:25:03,125 - INFO - Performing feature analysis...
2025-12-13 22:25:04,298 - INFO - Model justification: Ensemble of decision trees, robust to outliers and captures non-linear relationships
2025-12-13 22:25:04,298 - INFO - Performing robust cross-validation...
2025-12-13 22:25:06,115 - INFO - CV Results - MSE: 0.7415 ± 0.1473
2025-12-13 22:25:06,115 - INFO - Starting hyperparameter optimization...
2025-12-13 22:28:19,069 - INFO - Best parameters for RandomForest: {'n_estimators': 1000, 'max_depth': 8, 'min_samples_split': 8, 'min_samples_leaf': 1}
2025-12-13 22:28:19,069 - INFO - ⏱️ HPO took 192.95 seconds
2025-12-13 22:28:19,069 - INFO - Training final model...
2025-12-13 22:28:20,217 - INFO - ⏱️ Training took 1.15 seconds
2025-12-13 22:28:20,217 - INFO - Performing residual analysis...
2025-12-13 22:28:21,259 - INFO - Generating XAI explanations...
2025-12-13 22:28:22,532 - INFO - Computing feature importance...
2025-12-13 22:28:33,688 - INFO - Experiment completed for RandomForest
2025-12-13 22:28:33,688 - INFO - Total time: 217.86s (3.63 min)
2025-12-13 22:28:33,689 - INFO - Starting comprehensive experiment for RandomForest
2025-12-13 22:28:41,607 - INFO - Performing feature analysis...
2025-12-13 22:28:42,779 - INFO - Model justification: Ensemble of decision trees, robust to outliers and captures non-linear relationships
2025-12-13 22:28:42,779 - INFO - Performing robust cross-validation...
2025-12-13 22:28:44,620 - INFO - CV Results - MSE: 0.7943 ± 0.1054
2025-12-13 22:28:44,620 - INFO - Starting hyperparameter optimization...
2025-12-13 22:31:46,897 - INFO - Best parameters for RandomForest: {'n_estimators': 808, 'max_depth': 7, 'min_samples_split': 2, 'min_samples_leaf': 4}
2025-12-13 22:31:46,897 - INFO - ⏱️ HPO took 182.28 seconds
2025-12-13 22:31:46,897 - INFO - Training final model...
2025-12-13 22:31:47,783 - INFO - ⏱️ Training took 0.89 seconds
2025-12-13 22:31:47,783 - INFO - Performing residual analysis...
2025-12-13 22:31:48,803 - INFO - Generating XAI explanations...
2025-12-13 22:31:49,920 - INFO - Computing feature importance...
2025-12-13 22:31:58,842 - INFO - Experiment completed for RandomForest
2025-12-13 22:31:58,843 - INFO - Total time: 204.77s (3.41 min)
2025-12-13 22:31:58,843 - INFO - Starting comprehensive experiment for RandomForest
2025-12-13 22:32:07,516 - INFO - Performing feature analysis...
2025-12-13 22:32:08,680 - INFO - Model justification: Ensemble of decision trees, robust to outliers and captures non-linear relationships
2025-12-13 22:32:08,680 - INFO - Performing robust cross-validation...
2025-12-13 22:32:10,523 - INFO - CV Results - MSE: 0.7561 ± 0.1609
2025-12-13 22:32:10,523 - INFO - Starting hyperparameter optimization...
2025-12-13 22:33:39,636 - INFO - Best parameters for RandomForest: {'n_estimators': 161, 'max_depth': 17, 'min_samples_split': 4, 'min_samples_leaf': 3}
2025-12-13 22:33:39,636 - INFO - ⏱️ HPO took 89.11 seconds
2025-12-13 22:33:39,636 - INFO - Training final model...
2025-12-13 22:33:39,821 - INFO - ⏱️ Training took 0.19 seconds
2025-12-13 22:33:39,821 - INFO - Performing residual analysis...
2025-12-13 22:33:40,830 - INFO - Generating XAI explanations...
2025-12-13 22:33:41,491 - INFO - Computing feature importance...
2025-12-13 22:33:43,616 - INFO - Experiment completed for RandomForest
2025-12-13 22:33:43,616 - INFO - Total time: 104.40s (1.74 min)
2025-12-13 22:33:43,616 - INFO - Starting comprehensive experiment for RandomForest
2025-12-13 22:33:51,629 - INFO - Performing feature analysis...
2025-12-13 22:33:52,803 - INFO - Model justification: Ensemble of decision trees, robust to outliers and captures non-linear relationships
2025-12-13 22:33:52,803 - INFO - Performing robust cross-validation...
2025-12-13 22:33:54,640 - INFO - CV Results - MSE: 0.8227 ± 0.1022
2025-12-13 22:33:54,640 - INFO - Starting hyperparameter optimization...
2025-12-13 22:36:54,319 - INFO - Best parameters for RandomForest: {'n_estimators': 850, 'max_depth': 6, 'min_samples_split': 5, 'min_samples_leaf': 2}
2025-12-13 22:36:54,319 - INFO - ⏱️ HPO took 179.68 seconds
2025-12-13 22:36:54,319 - INFO - Training final model...
2025-12-13 22:36:55,255 - INFO - ⏱️ Training took 0.94 seconds
2025-12-13 22:36:55,255 - INFO - Performing residual analysis...
2025-12-13 22:36:56,435 - INFO - Generating XAI explanations...
2025-12-13 22:36:57,401 - INFO - Computing feature importance...
2025-12-13 22:37:06,849 - INFO - Experiment completed for RandomForest
2025-12-13 22:37:06,850 - INFO - Total time: 202.85s (3.38 min)
2025-12-13 22:37:06,850 - INFO - Starting comprehensive experiment for RandomForest
2025-12-13 22:37:15,391 - INFO - Performing feature analysis...
2025-12-13 22:37:16,565 - INFO - Model justification: Ensemble of decision trees, robust to outliers and captures non-linear relationships
2025-12-13 22:37:16,565 - INFO - Performing robust cross-validation...
2025-12-13 22:37:18,414 - INFO - CV Results - MSE: 0.8339 ± 0.1235
2025-12-13 22:37:18,414 - INFO - Starting hyperparameter optimization...
2025-12-13 22:40:11,117 - INFO - Best parameters for RandomForest: {'n_estimators': 910, 'max_depth': 7, 'min_samples_split': 6, 'min_samples_leaf': 2}
2025-12-13 22:40:11,117 - INFO - ⏱️ HPO took 172.70 seconds
2025-12-13 22:40:11,117 - INFO - Training final model...
2025-12-13 22:40:12,149 - INFO - ⏱️ Training took 1.03 seconds
2025-12-13 22:40:12,149 - INFO - Performing residual analysis...
2025-12-13 22:40:13,180 - INFO - Generating XAI explanations...
2025-12-13 22:40:14,342 - INFO - Computing feature importance...
2025-12-13 22:40:24,657 - INFO - Experiment completed for RandomForest
2025-12-13 22:40:24,658 - INFO - Total time: 197.42s (3.29 min)
2025-12-13 22:40:24,658 - INFO - Starting comprehensive experiment for RandomForest
2025-12-13 22:40:32,134 - INFO - Performing feature analysis...
2025-12-13 22:40:33,310 - INFO - Model justification: Ensemble of decision trees, robust to outliers and captures non-linear relationships
2025-12-13 22:40:33,310 - INFO - Performing robust cross-validation...
2025-12-13 22:40:35,158 - INFO - CV Results - MSE: 0.8057 ± 0.0892
2025-12-13 22:40:35,158 - INFO - Starting hyperparameter optimization...
2025-12-13 22:43:14,020 - INFO - Best parameters for RandomForest: {'n_estimators': 569, 'max_depth': 7, 'min_samples_split': 5, 'min_samples_leaf': 1}
2025-12-13 22:43:14,020 - INFO - ⏱️ HPO took 158.86 seconds
2025-12-13 22:43:14,020 - INFO - Training final model...
2025-12-13 22:43:14,682 - INFO - ⏱️ Training took 0.66 seconds
2025-12-13 22:43:14,682 - INFO - Performing residual analysis...
2025-12-13 22:43:15,714 - INFO - Generating XAI explanations...
2025-12-13 22:43:16,787 - INFO - Computing feature importance...
2025-12-13 22:43:23,331 - INFO - Experiment completed for RandomForest
2025-12-13 22:43:23,331 - INFO - Total time: 178.29s (2.97 min)
2025-12-13 22:43:23,332 - INFO - Starting comprehensive experiment for RandomForest
2025-12-13 22:43:30,508 - INFO - Performing feature analysis...
2025-12-13 22:43:31,685 - INFO - Model justification: Ensemble of decision trees, robust to outliers and captures non-linear relationships
2025-12-13 22:43:31,685 - INFO - Performing robust cross-validation...
2025-12-13 22:43:33,526 - INFO - CV Results - MSE: 0.7110 ± 0.1243
2025-12-13 22:43:33,526 - INFO - Starting hyperparameter optimization...
2025-12-13 22:46:47,527 - INFO - Best parameters for RandomForest: {'n_estimators': 834, 'max_depth': 20, 'min_samples_split': 7, 'min_samples_leaf': 1}
2025-12-13 22:46:47,527 - INFO - ⏱️ HPO took 194.00 seconds
2025-12-13 22:46:47,527 - INFO - Training final model...
2025-12-13 22:46:48,520 - INFO - ⏱️ Training took 0.99 seconds
2025-12-13 22:46:48,520 - INFO - Performing residual analysis...
2025-12-13 22:46:49,568 - INFO - Generating XAI explanations...
2025-12-13 22:46:51,004 - INFO - Computing feature importance...
2025-12-13 22:47:00,730 - INFO - Experiment completed for RandomForest
2025-12-13 22:47:00,730 - INFO - Total time: 217.01s (3.62 min)
2025-12-13 22:47:00,730 - INFO - Starting comprehensive experiment for RandomForest
2025-12-13 22:47:08,172 - INFO - Performing feature analysis...
2025-12-13 22:47:09,358 - INFO - Model justification: Ensemble of decision trees, robust to outliers and captures non-linear relationships
2025-12-13 22:47:09,358 - INFO - Performing robust cross-validation...
2025-12-13 22:47:11,223 - INFO - CV Results - MSE: 0.8595 ± 0.1525
2025-12-13 22:47:11,223 - INFO - Starting hyperparameter optimization...
2025-12-13 22:49:44,097 - INFO - Best parameters for RandomForest: {'n_estimators': 459, 'max_depth': 6, 'min_samples_split': 6, 'min_samples_leaf': 1}
2025-12-13 22:49:44,097 - INFO - ⏱️ HPO took 152.87 seconds
2025-12-13 22:49:44,097 - INFO - Training final model...
2025-12-13 22:49:44,608 - INFO - ⏱️ Training took 0.51 seconds
2025-12-13 22:49:44,608 - INFO - Performing residual analysis...
2025-12-13 22:49:45,643 - INFO - Generating XAI explanations...
2025-12-13 22:49:46,383 - INFO - Computing feature importance...
2025-12-13 22:49:51,764 - INFO - Experiment completed for RandomForest
2025-12-13 22:49:51,764 - INFO - Total time: 170.64s (2.84 min)
2025-12-13 22:49:51,764 - INFO - Starting comprehensive experiment for RandomForest
2025-12-13 22:49:58,917 - INFO - Performing feature analysis...
2025-12-13 22:50:00,104 - INFO - Model justification: Ensemble of decision trees, robust to outliers and captures non-linear relationships
2025-12-13 22:50:00,104 - INFO - Performing robust cross-validation...
2025-12-13 22:50:01,963 - INFO - CV Results - MSE: 0.8194 ± 0.0733
2025-12-13 22:50:01,963 - INFO - Starting hyperparameter optimization...
2025-12-13 22:52:53,268 - INFO - Best parameters for RandomForest: {'n_estimators': 682, 'max_depth': 8, 'min_samples_split': 3, 'min_samples_leaf': 1}
2025-12-13 22:52:53,268 - INFO - ⏱️ HPO took 171.30 seconds
2025-12-13 22:52:53,268 - INFO - Training final model...
2025-12-13 22:52:54,080 - INFO - ⏱️ Training took 0.81 seconds
2025-12-13 22:52:54,080 - INFO - Performing residual analysis...
2025-12-13 22:52:55,207 - INFO - Generating XAI explanations...
2025-12-13 22:52:56,592 - INFO - Computing feature importance...
2025-12-13 22:53:04,539 - INFO - Experiment completed for RandomForest
2025-12-13 22:53:04,539 - INFO - Total time: 192.39s (3.21 min)
2025-12-13 22:53:04,539 - INFO - Starting comprehensive experiment for RandomForest
2025-12-13 22:53:12,692 - INFO - Performing feature analysis...
2025-12-13 22:53:13,873 - INFO - Model justification: Ensemble of decision trees, robust to outliers and captures non-linear relationships
2025-12-13 22:53:13,873 - INFO - Performing robust cross-validation...
2025-12-13 22:53:15,727 - INFO - CV Results - MSE: 0.7692 ± 0.1216
2025-12-13 22:53:15,727 - INFO - Starting hyperparameter optimization...
2025-12-13 22:56:17,202 - INFO - Best parameters for RandomForest: {'n_estimators': 686, 'max_depth': 17, 'min_samples_split': 4, 'min_samples_leaf': 1}
2025-12-13 22:56:17,202 - INFO - ⏱️ HPO took 181.48 seconds
2025-12-13 22:56:17,202 - INFO - Training final model...
2025-12-13 22:56:18,063 - INFO - ⏱️ Training took 0.86 seconds
2025-12-13 22:56:18,063 - INFO - Performing residual analysis...
2025-12-13 22:56:19,080 - INFO - Generating XAI explanations...
2025-12-13 22:56:20,821 - INFO - Computing feature importance...
2025-12-13 22:56:28,972 - INFO - Experiment completed for RandomForest
2025-12-13 22:56:28,972 - INFO - Total time: 204.05s (3.40 min)
2025-12-13 22:56:28,973 - INFO - Starting comprehensive experiment for RandomForest
2025-12-13 22:56:37,344 - INFO - Performing feature analysis...
2025-12-13 22:56:38,639 - INFO - Model justification: Ensemble of decision trees, robust to outliers and captures non-linear relationships
2025-12-13 22:56:38,639 - INFO - Performing robust cross-validation...
2025-12-13 22:56:40,480 - INFO - CV Results - MSE: 0.8344 ± 0.1096
2025-12-13 22:56:40,480 - INFO - Starting hyperparameter optimization...
2025-12-13 22:59:49,850 - INFO - Best parameters for RandomForest: {'n_estimators': 849, 'max_depth': 7, 'min_samples_split': 6, 'min_samples_leaf': 1}
2025-12-13 22:59:49,850 - INFO - ⏱️ HPO took 189.37 seconds
2025-12-13 22:59:49,850 - INFO - Training final model...
2025-12-13 22:59:50,814 - INFO - ⏱️ Training took 0.96 seconds
2025-12-13 22:59:50,815 - INFO - Performing residual analysis...
2025-12-13 22:59:51,834 - INFO - Generating XAI explanations...
2025-12-13 22:59:52,929 - INFO - Computing feature importance...
2025-12-13 23:00:02,341 - INFO - Experiment completed for RandomForest
2025-12-13 23:00:02,341 - INFO - Total time: 212.98s (3.55 min)
2025-12-13 23:00:02,342 - INFO - Starting comprehensive experiment for RandomForest
2025-12-13 23:00:09,861 - INFO - Performing feature analysis...
2025-12-13 23:00:11,023 - INFO - Model justification: Ensemble of decision trees, robust to outliers and captures non-linear relationships
2025-12-13 23:00:11,023 - INFO - Performing robust cross-validation...
2025-12-13 23:00:12,847 - INFO - CV Results - MSE: 0.8828 ± 0.1722
2025-12-13 23:00:12,847 - INFO - Starting hyperparameter optimization...
2025-12-13 23:03:01,433 - INFO - Best parameters for RandomForest: {'n_estimators': 850, 'max_depth': 6, 'min_samples_split': 5, 'min_samples_leaf': 2}
2025-12-13 23:03:01,433 - INFO - ⏱️ HPO took 168.59 seconds
2025-12-13 23:03:01,433 - INFO - Training final model...
2025-12-13 23:03:02,353 - INFO - ⏱️ Training took 0.92 seconds
2025-12-13 23:03:02,354 - INFO - Performing residual analysis...
2025-12-13 23:03:03,372 - INFO - Generating XAI explanations...
2025-12-13 23:03:04,322 - INFO - Computing feature importance...
2025-12-13 23:03:13,590 - INFO - Experiment completed for RandomForest
2025-12-13 23:03:13,590 - INFO - Total time: 190.87s (3.18 min)
2025-12-13 23:03:13,591 - INFO - Starting comprehensive experiment for RandomForest
2025-12-13 23:03:22,324 - INFO - Performing feature analysis...
2025-12-13 23:03:23,492 - INFO - Model justification: Ensemble of decision trees, robust to outliers and captures non-linear relationships
2025-12-13 23:03:23,492 - INFO - Performing robust cross-validation...
2025-12-13 23:03:25,308 - INFO - CV Results - MSE: 0.7137 ± 0.1769
2025-12-13 23:03:25,308 - INFO - Starting hyperparameter optimization...
2025-12-13 23:06:33,965 - INFO - Best parameters for RandomForest: {'n_estimators': 943, 'max_depth': 8, 'min_samples_split': 8, 'min_samples_leaf': 1}
2025-12-13 23:06:33,965 - INFO - ⏱️ HPO took 188.66 seconds
2025-12-13 23:06:33,965 - INFO - Training final model...
2025-12-13 23:06:35,041 - INFO - ⏱️ Training took 1.08 seconds
2025-12-13 23:06:35,041 - INFO - Performing residual analysis...
2025-12-13 23:06:36,050 - INFO - Generating XAI explanations...
2025-12-13 23:06:37,289 - INFO - Computing feature importance...
2025-12-13 23:06:47,920 - INFO - Experiment completed for RandomForest
2025-12-13 23:06:47,920 - INFO - Total time: 213.95s (3.57 min)
2025-12-13 23:06:47,921 - INFO - Starting comprehensive experiment for RandomForest
2025-12-13 23:06:56,413 - INFO - Performing feature analysis...
2025-12-13 23:06:57,583 - INFO - Model justification: Ensemble of decision trees, robust to outliers and captures non-linear relationships
2025-12-13 23:06:57,583 - INFO - Performing robust cross-validation...
2025-12-13 23:06:59,409 - INFO - CV Results - MSE: 0.8165 ± 0.1407
2025-12-13 23:06:59,409 - INFO - Starting hyperparameter optimization...
2025-12-13 23:09:50,979 - INFO - Best parameters for RandomForest: {'n_estimators': 690, 'max_depth': 7, 'min_samples_split': 3, 'min_samples_leaf': 2}
2025-12-13 23:09:50,979 - INFO - ⏱️ HPO took 171.57 seconds
2025-12-13 23:09:50,979 - INFO - Training final model...
2025-12-13 23:09:51,756 - INFO - ⏱️ Training took 0.78 seconds
2025-12-13 23:09:51,756 - INFO - Performing residual analysis...
2025-12-13 23:09:52,751 - INFO - Generating XAI explanations...
2025-12-13 23:09:53,972 - INFO - Computing feature importance...
2025-12-13 23:10:01,638 - INFO - Experiment completed for RandomForest
2025-12-13 23:10:01,638 - INFO - Total time: 193.34s (3.22 min)
2025-12-13 23:10:01,638 - INFO - Starting comprehensive experiment for RandomForest
2025-12-13 23:10:09,959 - INFO - Performing feature analysis...
2025-12-13 23:10:11,123 - INFO - Model justification: Ensemble of decision trees, robust to outliers and captures non-linear relationships
2025-12-13 23:10:11,123 - INFO - Performing robust cross-validation...
2025-12-13 23:10:12,948 - INFO - CV Results - MSE: 0.7963 ± 0.1196
2025-12-13 23:10:12,949 - INFO - Starting hyperparameter optimization...
2025-12-13 23:13:17,896 - INFO - Best parameters for RandomForest: {'n_estimators': 961, 'max_depth': 9, 'min_samples_split': 8, 'min_samples_leaf': 4}
2025-12-13 23:13:17,896 - INFO - ⏱️ HPO took 184.95 seconds
2025-12-13 23:13:17,896 - INFO - Training final model...
2025-12-13 23:13:18,956 - INFO - ⏱️ Training took 1.06 seconds
2025-12-13 23:13:18,956 - INFO - Performing residual analysis...
2025-12-13 23:13:19,971 - INFO - Generating XAI explanations...
2025-12-13 23:13:21,169 - INFO - Computing feature importance...
2025-12-13 23:13:31,749 - INFO - Experiment completed for RandomForest
2025-12-13 23:13:31,749 - INFO - Total time: 209.73s (3.50 min)
2025-12-13 23:13:31,750 - INFO - Starting comprehensive experiment for RandomForest
2025-12-13 23:13:39,376 - INFO - Performing feature analysis...
2025-12-13 23:13:40,656 - INFO - Model justification: Ensemble of decision trees, robust to outliers and captures non-linear relationships
2025-12-13 23:13:40,656 - INFO - Performing robust cross-validation...
2025-12-13 23:13:42,480 - INFO - CV Results - MSE: 0.7917 ± 0.1672
2025-12-13 23:13:42,480 - INFO - Starting hyperparameter optimization...
2025-12-13 23:16:10,475 - INFO - Best parameters for RandomForest: {'n_estimators': 577, 'max_depth': 16, 'min_samples_split': 2, 'min_samples_leaf': 2}
2025-12-13 23:16:10,475 - INFO - ⏱️ HPO took 148.00 seconds
2025-12-13 23:16:10,475 - INFO - Training final model...
2025-12-13 23:16:11,164 - INFO - ⏱️ Training took 0.69 seconds
2025-12-13 23:16:11,164 - INFO - Performing residual analysis...
2025-12-13 23:16:12,167 - INFO - Generating XAI explanations...
2025-12-13 23:16:13,603 - INFO - Computing feature importance...
2025-12-13 23:16:20,285 - INFO - Experiment completed for RandomForest
2025-12-13 23:16:20,285 - INFO - Total time: 168.16s (2.80 min)
2025-12-13 23:16:20,286 - INFO - Starting comprehensive experiment for RandomForest
2025-12-13 23:16:29,540 - INFO - Performing feature analysis...
2025-12-13 23:16:30,844 - INFO - Model justification: Ensemble of decision trees, robust to outliers and captures non-linear relationships
2025-12-13 23:16:30,844 - INFO - Performing robust cross-validation...
2025-12-13 23:16:32,684 - INFO - CV Results - MSE: 0.8270 ± 0.1343
2025-12-13 23:16:32,684 - INFO - Starting hyperparameter optimization...
2025-12-13 23:19:19,029 - INFO - Best parameters for RandomForest: {'n_estimators': 650, 'max_depth': 7, 'min_samples_split': 4, 'min_samples_leaf': 2}
2025-12-13 23:19:19,029 - INFO - ⏱️ HPO took 166.35 seconds
2025-12-13 23:19:19,029 - INFO - Training final model...
2025-12-13 23:19:19,786 - INFO - ⏱️ Training took 0.76 seconds
2025-12-13 23:19:19,786 - INFO - Performing residual analysis...
2025-12-13 23:19:20,804 - INFO - Generating XAI explanations...
2025-12-13 23:19:21,853 - INFO - Computing feature importance...
2025-12-13 23:19:29,299 - INFO - Experiment completed for RandomForest
2025-12-13 23:19:29,299 - INFO - Total time: 188.62s (3.14 min)
2025-12-13 23:19:29,299 - INFO - Starting comprehensive experiment for RandomForest
2025-12-13 23:19:36,683 - INFO - Performing feature analysis...
2025-12-13 23:19:37,877 - INFO - Model justification: Ensemble of decision trees, robust to outliers and captures non-linear relationships
2025-12-13 23:19:37,877 - INFO - Performing robust cross-validation...
2025-12-13 23:19:39,726 - INFO - CV Results - MSE: 0.7778 ± 0.1329
2025-12-13 23:19:39,726 - INFO - Starting hyperparameter optimization...
2025-12-13 23:22:34,963 - INFO - Best parameters for RandomForest: {'n_estimators': 743, 'max_depth': 8, 'min_samples_split': 5, 'min_samples_leaf': 1}
2025-12-13 23:22:34,963 - INFO - ⏱️ HPO took 175.24 seconds
2025-12-13 23:22:34,964 - INFO - Training final model...
2025-12-13 23:22:35,848 - INFO - ⏱️ Training took 0.88 seconds
2025-12-13 23:22:35,848 - INFO - Performing residual analysis...
2025-12-13 23:22:36,876 - INFO - Generating XAI explanations...
2025-12-13 23:22:38,146 - INFO - Computing feature importance...
2025-12-13 23:22:47,064 - INFO - Experiment completed for RandomForest
2025-12-13 23:22:47,064 - INFO - Total time: 197.37s (3.29 min)
2025-12-13 23:22:47,064 - INFO - Starting comprehensive experiment for RandomForest
2025-12-13 23:22:55,360 - INFO - Performing feature analysis...
2025-12-13 23:22:56,577 - INFO - Model justification: Ensemble of decision trees, robust to outliers and captures non-linear relationships
2025-12-13 23:22:56,577 - INFO - Performing robust cross-validation...
2025-12-13 23:22:58,434 - INFO - CV Results - MSE: 0.6837 ± 0.0974
2025-12-13 23:22:58,435 - INFO - Starting hyperparameter optimization...
2025-12-13 23:25:18,653 - INFO - Best parameters for RandomForest: {'n_estimators': 109, 'max_depth': 19, 'min_samples_split': 7, 'min_samples_leaf': 3}
2025-12-13 23:25:18,653 - INFO - ⏱️ HPO took 140.22 seconds
2025-12-13 23:25:18,654 - INFO - Training final model...
2025-12-13 23:25:18,780 - INFO - ⏱️ Training took 0.13 seconds
2025-12-13 23:25:18,780 - INFO - Performing residual analysis...
2025-12-13 23:25:19,814 - INFO - Generating XAI explanations...
2025-12-13 23:25:20,423 - INFO - Computing feature importance...
2025-12-13 23:25:22,020 - INFO - Experiment completed for RandomForest
2025-12-13 23:25:22,020 - INFO - Total time: 154.57s (2.58 min)
2025-12-13 23:25:22,020 - INFO - Starting comprehensive experiment for RandomForest
2025-12-13 23:25:29,131 - INFO - Performing feature analysis...
2025-12-13 23:25:30,367 - INFO - Model justification: Ensemble of decision trees, robust to outliers and captures non-linear relationships
2025-12-13 23:25:30,367 - INFO - Performing robust cross-validation...
2025-12-13 23:25:32,275 - INFO - CV Results - MSE: 0.7981 ± 0.1578
2025-12-13 23:25:32,275 - INFO - Starting hyperparameter optimization...
2025-12-13 23:28:50,633 - INFO - Best parameters for RandomForest: {'n_estimators': 827, 'max_depth': 10, 'min_samples_split': 7, 'min_samples_leaf': 1}
2025-12-13 23:28:50,633 - INFO - ⏱️ HPO took 198.36 seconds
2025-12-13 23:28:50,633 - INFO - Training final model...
2025-12-13 23:28:51,676 - INFO - ⏱️ Training took 1.04 seconds
2025-12-13 23:28:51,676 - INFO - Performing residual analysis...
2025-12-13 23:28:52,722 - INFO - Generating XAI explanations...
2025-12-13 23:28:54,151 - INFO - Computing feature importance...
2025-12-13 23:29:04,110 - INFO - Experiment completed for RandomForest
2025-12-13 23:29:04,110 - INFO - Total time: 221.62s (3.69 min)
2025-12-13 23:29:04,111 - INFO - Starting comprehensive experiment for RandomForest
2025-12-13 23:29:12,683 - INFO - Performing feature analysis...
2025-12-13 23:29:13,881 - INFO - Model justification: Ensemble of decision trees, robust to outliers and captures non-linear relationships
2025-12-13 23:29:13,881 - INFO - Performing robust cross-validation...
2025-12-13 23:29:15,754 - INFO - CV Results - MSE: 0.7634 ± 0.1481
2025-12-13 23:29:15,754 - INFO - Starting hyperparameter optimization...
2025-12-13 23:32:02,991 - INFO - Best parameters for RandomForest: {'n_estimators': 777, 'max_depth': 9, 'min_samples_split': 6, 'min_samples_leaf': 3}
2025-12-13 23:32:02,991 - INFO - ⏱️ HPO took 167.24 seconds
2025-12-13 23:32:02,991 - INFO - Training final model...
2025-12-13 23:32:03,917 - INFO - ⏱️ Training took 0.93 seconds
2025-12-13 23:32:03,917 - INFO - Performing residual analysis...
2025-12-13 23:32:04,992 - INFO - Generating XAI explanations...
2025-12-13 23:32:06,283 - INFO - Computing feature importance...
2025-12-13 23:32:15,668 - INFO - Experiment completed for RandomForest
2025-12-13 23:32:15,668 - INFO - Total time: 191.15s (3.19 min)
2025-12-13 23:32:15,668 - INFO - Starting comprehensive experiment for RandomForest
2025-12-13 23:32:23,128 - INFO - Performing feature analysis...
2025-12-13 23:32:24,381 - INFO - Model justification: Ensemble of decision trees, robust to outliers and captures non-linear relationships
2025-12-13 23:32:24,382 - INFO - Performing robust cross-validation...
2025-12-13 23:32:26,331 - INFO - CV Results - MSE: 0.8041 ± 0.1854
2025-12-13 23:32:26,331 - INFO - Starting hyperparameter optimization...
2025-12-13 23:34:19,348 - INFO - Best parameters for RandomForest: {'n_estimators': 360, 'max_depth': 17, 'min_samples_split': 4, 'min_samples_leaf': 3}
2025-12-13 23:34:19,348 - INFO - ⏱️ HPO took 113.02 seconds
2025-12-13 23:34:19,348 - INFO - Training final model...
2025-12-13 23:34:19,792 - INFO - ⏱️ Training took 0.44 seconds
2025-12-13 23:34:19,792 - INFO - Performing residual analysis...
2025-12-13 23:34:20,827 - INFO - Generating XAI explanations...
2025-12-13 23:34:21,733 - INFO - Computing feature importance...
2025-12-13 23:34:26,383 - INFO - Experiment completed for RandomForest
2025-12-13 23:34:26,383 - INFO - Total time: 130.31s (2.17 min)
2025-12-13 23:34:26,384 - INFO - Starting comprehensive experiment for RandomForest
2025-12-13 23:34:34,156 - INFO - Performing feature analysis...
2025-12-13 23:34:35,364 - INFO - Model justification: Ensemble of decision trees, robust to outliers and captures non-linear relationships
2025-12-13 23:34:35,364 - INFO - Performing robust cross-validation...
2025-12-13 23:34:37,313 - INFO - CV Results - MSE: 0.6836 ± 0.1624
2025-12-13 23:34:37,313 - INFO - Starting hyperparameter optimization...
2025-12-13 23:37:26,435 - INFO - Best parameters for RandomForest: {'n_estimators': 564, 'max_depth': 11, 'min_samples_split': 4, 'min_samples_leaf': 2}
2025-12-13 23:37:26,435 - INFO - ⏱️ HPO took 169.12 seconds
2025-12-13 23:37:26,435 - INFO - Training final model...
2025-12-13 23:37:27,121 - INFO - ⏱️ Training took 0.69 seconds
2025-12-13 23:37:27,121 - INFO - Performing residual analysis...
2025-12-13 23:37:28,151 - INFO - Generating XAI explanations...
2025-12-13 23:37:29,533 - INFO - Computing feature importance...
2025-12-13 23:37:36,367 - INFO - Experiment completed for RandomForest
2025-12-13 23:37:36,368 - INFO - Total time: 189.59s (3.16 min)
