2025-12-13 21:36:44,738 - INFO - Starting comprehensive experiment for XGBoost
2025-12-13 21:36:53,057 - INFO - Performing feature analysis...
2025-12-13 21:36:54,672 - INFO - Model justification: Gradient boosting with regularization, handles missing values, state-of-art for tabular data
2025-12-13 21:36:54,672 - INFO - Performing robust cross-validation...
2025-12-13 21:36:55,365 - INFO - CV Results - MSE: 0.8978 ± 0.1282
2025-12-13 21:36:55,365 - INFO - Starting hyperparameter optimization...
2025-12-13 21:37:29,435 - INFO - Best parameters for XGBoost: {'n_estimators': 294, 'max_depth': 4, 'learning_rate': 0.04087347231129921, 'subsample': 0.9753942410553741, 'colsample_bytree': 0.908561868338527, 'gamma': 0.9438660220496645}
2025-12-13 21:37:29,435 - INFO - ⏱️ HPO took 34.07 seconds
2025-12-13 21:37:29,435 - INFO - Training final model...
2025-12-13 21:37:29,499 - INFO - ⏱️ Training took 0.06 seconds
2025-12-13 21:37:29,499 - INFO - Performing residual analysis...
2025-12-13 21:37:30,683 - INFO - Generating XAI explanations...
2025-12-13 21:37:31,295 - INFO - Computing feature importance...
2025-12-13 21:37:32,007 - INFO - Experiment completed for XGBoost
2025-12-13 21:37:32,007 - INFO - Total time: 46.84s (0.78 min)
2025-12-13 21:37:32,007 - INFO - Starting comprehensive experiment for XGBoost
2025-12-13 21:37:43,016 - INFO - Performing feature analysis...
2025-12-13 21:37:44,193 - INFO - Model justification: Gradient boosting with regularization, handles missing values, state-of-art for tabular data
2025-12-13 21:37:44,193 - INFO - Performing robust cross-validation...
2025-12-13 21:37:44,710 - INFO - CV Results - MSE: 1.0187 ± 0.1241
2025-12-13 21:37:44,710 - INFO - Starting hyperparameter optimization...
2025-12-13 21:38:12,998 - INFO - Best parameters for XGBoost: {'n_estimators': 235, 'max_depth': 4, 'learning_rate': 0.03130198173451589, 'subsample': 0.7747540663713404, 'colsample_bytree': 0.9641643460030728, 'gamma': 0.8543345521506678}
2025-12-13 21:38:12,998 - INFO - ⏱️ HPO took 28.29 seconds
2025-12-13 21:38:12,998 - INFO - Training final model...
2025-12-13 21:38:13,052 - INFO - ⏱️ Training took 0.05 seconds
2025-12-13 21:38:13,052 - INFO - Performing residual analysis...
2025-12-13 21:38:14,046 - INFO - Generating XAI explanations...
2025-12-13 21:38:14,626 - INFO - Computing feature importance...
2025-12-13 21:38:15,296 - INFO - Experiment completed for XGBoost
2025-12-13 21:38:15,297 - INFO - Total time: 42.91s (0.72 min)
2025-12-13 21:38:15,297 - INFO - Starting comprehensive experiment for XGBoost
2025-12-13 21:38:24,074 - INFO - Performing feature analysis...
2025-12-13 21:38:25,242 - INFO - Model justification: Gradient boosting with regularization, handles missing values, state-of-art for tabular data
2025-12-13 21:38:25,242 - INFO - Performing robust cross-validation...
2025-12-13 21:38:25,803 - INFO - CV Results - MSE: 0.8890 ± 0.1808
2025-12-13 21:38:25,803 - INFO - Starting hyperparameter optimization...
2025-12-13 21:38:52,812 - INFO - Best parameters for XGBoost: {'n_estimators': 189, 'max_depth': 3, 'learning_rate': 0.05965671307010255, 'subsample': 0.8666298960077227, 'colsample_bytree': 0.8710544941509105, 'gamma': 0.8603050421172145}
2025-12-13 21:38:52,814 - INFO - ⏱️ HPO took 27.01 seconds
2025-12-13 21:38:52,814 - INFO - Training final model...
2025-12-13 21:38:52,850 - INFO - ⏱️ Training took 0.04 seconds
2025-12-13 21:38:52,850 - INFO - Performing residual analysis...
2025-12-13 21:38:53,873 - INFO - Generating XAI explanations...
2025-12-13 21:38:54,422 - INFO - Computing feature importance...
2025-12-13 21:38:55,067 - INFO - Experiment completed for XGBoost
2025-12-13 21:38:55,067 - INFO - Total time: 39.39s (0.66 min)
2025-12-13 21:38:55,067 - INFO - Starting comprehensive experiment for XGBoost
2025-12-13 21:39:03,261 - INFO - Performing feature analysis...
2025-12-13 21:39:04,446 - INFO - Model justification: Gradient boosting with regularization, handles missing values, state-of-art for tabular data
2025-12-13 21:39:04,446 - INFO - Performing robust cross-validation...
2025-12-13 21:39:04,961 - INFO - CV Results - MSE: 0.9902 ± 0.2056
2025-12-13 21:39:04,961 - INFO - Starting hyperparameter optimization...
2025-12-13 21:39:34,497 - INFO - Best parameters for XGBoost: {'n_estimators': 417, 'max_depth': 3, 'learning_rate': 0.02580276088986065, 'subsample': 0.7519729193521385, 'colsample_bytree': 0.7712095107388904, 'gamma': 0.8840869308887052}
2025-12-13 21:39:34,497 - INFO - ⏱️ HPO took 29.54 seconds
2025-12-13 21:39:34,497 - INFO - Training final model...
2025-12-13 21:39:34,569 - INFO - ⏱️ Training took 0.07 seconds
2025-12-13 21:39:34,569 - INFO - Performing residual analysis...
2025-12-13 21:39:35,755 - INFO - Generating XAI explanations...
2025-12-13 21:39:36,313 - INFO - Computing feature importance...
2025-12-13 21:39:36,996 - INFO - Experiment completed for XGBoost
2025-12-13 21:39:36,996 - INFO - Total time: 41.55s (0.69 min)
2025-12-13 21:39:36,997 - INFO - Starting comprehensive experiment for XGBoost
2025-12-13 21:39:45,640 - INFO - Performing feature analysis...
2025-12-13 21:39:46,804 - INFO - Model justification: Gradient boosting with regularization, handles missing values, state-of-art for tabular data
2025-12-13 21:39:46,804 - INFO - Performing robust cross-validation...
2025-12-13 21:39:47,325 - INFO - CV Results - MSE: 0.8928 ± 0.0890
2025-12-13 21:39:47,325 - INFO - Starting hyperparameter optimization...
2025-12-13 21:40:28,982 - INFO - Best parameters for XGBoost: {'n_estimators': 232, 'max_depth': 4, 'learning_rate': 0.04441642371761828, 'subsample': 0.9545308577953342, 'colsample_bytree': 0.9738081547120594, 'gamma': 0.728514692891076}
2025-12-13 21:40:28,982 - INFO - ⏱️ HPO took 41.66 seconds
2025-12-13 21:40:28,982 - INFO - Training final model...
2025-12-13 21:40:29,036 - INFO - ⏱️ Training took 0.05 seconds
2025-12-13 21:40:29,036 - INFO - Performing residual analysis...
2025-12-13 21:40:30,024 - INFO - Generating XAI explanations...
2025-12-13 21:40:30,603 - INFO - Computing feature importance...
2025-12-13 21:40:31,266 - INFO - Experiment completed for XGBoost
2025-12-13 21:40:31,267 - INFO - Total time: 53.89s (0.90 min)
2025-12-13 21:40:31,267 - INFO - Starting comprehensive experiment for XGBoost
2025-12-13 21:40:40,904 - INFO - Performing feature analysis...
2025-12-13 21:40:42,069 - INFO - Model justification: Gradient boosting with regularization, handles missing values, state-of-art for tabular data
2025-12-13 21:40:42,069 - INFO - Performing robust cross-validation...
2025-12-13 21:40:42,579 - INFO - CV Results - MSE: 0.7853 ± 0.1405
2025-12-13 21:40:42,579 - INFO - Starting hyperparameter optimization...
2025-12-13 21:41:46,589 - INFO - Best parameters for XGBoost: {'n_estimators': 652, 'max_depth': 10, 'learning_rate': 0.058184875674801566, 'subsample': 0.7366597198731433, 'colsample_bytree': 0.8772622383889954, 'gamma': 0.8019624081088805}
2025-12-13 21:41:46,589 - INFO - ⏱️ HPO took 64.01 seconds
2025-12-13 21:41:46,589 - INFO - Training final model...
2025-12-13 21:41:47,015 - INFO - ⏱️ Training took 0.43 seconds
2025-12-13 21:41:47,015 - INFO - Performing residual analysis...
2025-12-13 21:41:48,019 - INFO - Generating XAI explanations...
2025-12-13 21:41:49,572 - INFO - Computing feature importance...
2025-12-13 21:41:50,259 - INFO - Experiment completed for XGBoost
2025-12-13 21:41:50,260 - INFO - Total time: 78.62s (1.31 min)
2025-12-13 21:41:50,260 - INFO - Starting comprehensive experiment for XGBoost
2025-12-13 21:41:58,819 - INFO - Performing feature analysis...
2025-12-13 21:42:00,011 - INFO - Model justification: Gradient boosting with regularization, handles missing values, state-of-art for tabular data
2025-12-13 21:42:00,011 - INFO - Performing robust cross-validation...
2025-12-13 21:42:00,534 - INFO - CV Results - MSE: 0.8088 ± 0.1469
2025-12-13 21:42:00,534 - INFO - Starting hyperparameter optimization...
2025-12-13 21:42:48,055 - INFO - Best parameters for XGBoost: {'n_estimators': 898, 'max_depth': 6, 'learning_rate': 0.05025572289025039, 'subsample': 0.9141117313366529, 'colsample_bytree': 0.8722745203011615, 'gamma': 0.6558211989413145}
2025-12-13 21:42:48,055 - INFO - ⏱️ HPO took 47.52 seconds
2025-12-13 21:42:48,055 - INFO - Training final model...
2025-12-13 21:42:48,337 - INFO - ⏱️ Training took 0.28 seconds
2025-12-13 21:42:48,337 - INFO - Performing residual analysis...
2025-12-13 21:42:49,391 - INFO - Generating XAI explanations...
2025-12-13 21:42:50,573 - INFO - Computing feature importance...
2025-12-13 21:42:51,274 - INFO - Experiment completed for XGBoost
2025-12-13 21:42:51,274 - INFO - Total time: 60.64s (1.01 min)
2025-12-13 21:42:51,275 - INFO - Starting comprehensive experiment for XGBoost
2025-12-13 21:43:06,027 - INFO - Performing feature analysis...
2025-12-13 21:43:07,193 - INFO - Model justification: Gradient boosting with regularization, handles missing values, state-of-art for tabular data
2025-12-13 21:43:07,193 - INFO - Performing robust cross-validation...
2025-12-13 21:43:07,708 - INFO - CV Results - MSE: 0.8992 ± 0.1700
2025-12-13 21:43:07,709 - INFO - Starting hyperparameter optimization...
2025-12-13 21:43:48,547 - INFO - Best parameters for XGBoost: {'n_estimators': 442, 'max_depth': 5, 'learning_rate': 0.013910198480005385, 'subsample': 0.8589201513281792, 'colsample_bytree': 0.9650081939303371, 'gamma': 0.9799087343739137}
2025-12-13 21:43:48,547 - INFO - ⏱️ HPO took 40.84 seconds
2025-12-13 21:43:48,547 - INFO - Training final model...
2025-12-13 21:43:48,665 - INFO - ⏱️ Training took 0.12 seconds
2025-12-13 21:43:48,665 - INFO - Performing residual analysis...
2025-12-13 21:43:49,653 - INFO - Generating XAI explanations...
2025-12-13 21:43:50,354 - INFO - Computing feature importance...
2025-12-13 21:43:51,073 - INFO - Experiment completed for XGBoost
2025-12-13 21:43:51,073 - INFO - Total time: 59.42s (0.99 min)
2025-12-13 21:43:51,073 - INFO - Starting comprehensive experiment for XGBoost
2025-12-13 21:44:00,521 - INFO - Performing feature analysis...
2025-12-13 21:44:01,692 - INFO - Model justification: Gradient boosting with regularization, handles missing values, state-of-art for tabular data
2025-12-13 21:44:01,692 - INFO - Performing robust cross-validation...
2025-12-13 21:44:02,210 - INFO - CV Results - MSE: 0.8616 ± 0.1200
2025-12-13 21:44:02,211 - INFO - Starting hyperparameter optimization...
2025-12-13 21:44:43,173 - INFO - Best parameters for XGBoost: {'n_estimators': 663, 'max_depth': 4, 'learning_rate': 0.0480178493629144, 'subsample': 0.9069968527889158, 'colsample_bytree': 0.786844733752796, 'gamma': 0.6479384218255119}
2025-12-13 21:44:43,174 - INFO - ⏱️ HPO took 40.96 seconds
2025-12-13 21:44:43,174 - INFO - Training final model...
2025-12-13 21:44:43,310 - INFO - ⏱️ Training took 0.14 seconds
2025-12-13 21:44:43,310 - INFO - Performing residual analysis...
2025-12-13 21:44:44,334 - INFO - Generating XAI explanations...
2025-12-13 21:44:44,999 - INFO - Computing feature importance...
2025-12-13 21:44:45,716 - INFO - Experiment completed for XGBoost
2025-12-13 21:44:45,716 - INFO - Total time: 54.26s (0.90 min)
2025-12-13 21:44:45,717 - INFO - Starting comprehensive experiment for XGBoost
2025-12-13 21:44:55,026 - INFO - Performing feature analysis...
2025-12-13 21:44:56,189 - INFO - Model justification: Gradient boosting with regularization, handles missing values, state-of-art for tabular data
2025-12-13 21:44:56,189 - INFO - Performing robust cross-validation...
2025-12-13 21:44:56,697 - INFO - CV Results - MSE: 0.8905 ± 0.1789
2025-12-13 21:44:56,697 - INFO - Starting hyperparameter optimization...
2025-12-13 21:45:29,533 - INFO - Best parameters for XGBoost: {'n_estimators': 168, 'max_depth': 4, 'learning_rate': 0.043771365851264184, 'subsample': 0.8437494811861036, 'colsample_bytree': 0.9687734813455499, 'gamma': 0.5178282455603563}
2025-12-13 21:45:29,533 - INFO - ⏱️ HPO took 32.84 seconds
2025-12-13 21:45:29,533 - INFO - Training final model...
2025-12-13 21:45:29,573 - INFO - ⏱️ Training took 0.04 seconds
2025-12-13 21:45:29,573 - INFO - Performing residual analysis...
2025-12-13 21:45:30,574 - INFO - Generating XAI explanations...
2025-12-13 21:45:31,143 - INFO - Computing feature importance...
2025-12-13 21:45:31,788 - INFO - Experiment completed for XGBoost
2025-12-13 21:45:31,788 - INFO - Total time: 45.70s (0.76 min)
2025-12-13 21:45:31,789 - INFO - Starting comprehensive experiment for XGBoost
2025-12-13 21:45:43,386 - INFO - Performing feature analysis...
2025-12-13 21:45:44,709 - INFO - Model justification: Gradient boosting with regularization, handles missing values, state-of-art for tabular data
2025-12-13 21:45:44,709 - INFO - Performing robust cross-validation...
2025-12-13 21:45:45,316 - INFO - CV Results - MSE: 0.9351 ± 0.1549
2025-12-13 21:45:45,316 - INFO - Starting hyperparameter optimization...
2025-12-13 21:46:40,553 - INFO - Best parameters for XGBoost: {'n_estimators': 295, 'max_depth': 10, 'learning_rate': 0.07848072824595362, 'subsample': 0.5243860847210017, 'colsample_bytree': 0.9806425941459902, 'gamma': 0.9315521683031159}
2025-12-13 21:46:40,553 - INFO - ⏱️ HPO took 55.24 seconds
2025-12-13 21:46:40,553 - INFO - Training final model...
2025-12-13 21:46:40,739 - INFO - ⏱️ Training took 0.19 seconds
2025-12-13 21:46:40,739 - INFO - Performing residual analysis...
2025-12-13 21:46:41,759 - INFO - Generating XAI explanations...
2025-12-13 21:46:42,715 - INFO - Computing feature importance...
2025-12-13 21:46:43,399 - INFO - Experiment completed for XGBoost
2025-12-13 21:46:43,399 - INFO - Total time: 71.23s (1.19 min)
2025-12-13 21:46:43,399 - INFO - Starting comprehensive experiment for XGBoost
2025-12-13 21:46:52,114 - INFO - Performing feature analysis...
2025-12-13 21:46:53,281 - INFO - Model justification: Gradient boosting with regularization, handles missing values, state-of-art for tabular data
2025-12-13 21:46:53,281 - INFO - Performing robust cross-validation...
2025-12-13 21:46:53,794 - INFO - CV Results - MSE: 0.9474 ± 0.1572
2025-12-13 21:46:53,794 - INFO - Starting hyperparameter optimization...
2025-12-13 21:47:25,555 - INFO - Best parameters for XGBoost: {'n_estimators': 339, 'max_depth': 4, 'learning_rate': 0.04496790653627388, 'subsample': 0.7877212679918324, 'colsample_bytree': 0.8802214923790544, 'gamma': 0.8083720378816726}
2025-12-13 21:47:25,555 - INFO - ⏱️ HPO took 31.76 seconds
2025-12-13 21:47:25,555 - INFO - Training final model...
2025-12-13 21:47:25,629 - INFO - ⏱️ Training took 0.07 seconds
2025-12-13 21:47:25,629 - INFO - Performing residual analysis...
2025-12-13 21:47:26,644 - INFO - Generating XAI explanations...
2025-12-13 21:47:27,237 - INFO - Computing feature importance...
2025-12-13 21:47:27,913 - INFO - Experiment completed for XGBoost
2025-12-13 21:47:27,914 - INFO - Total time: 44.13s (0.74 min)
2025-12-13 21:47:27,914 - INFO - Starting comprehensive experiment for XGBoost
2025-12-13 21:47:36,488 - INFO - Performing feature analysis...
2025-12-13 21:47:37,652 - INFO - Model justification: Gradient boosting with regularization, handles missing values, state-of-art for tabular data
2025-12-13 21:47:37,652 - INFO - Performing robust cross-validation...
2025-12-13 21:47:38,171 - INFO - CV Results - MSE: 0.9108 ± 0.1230
2025-12-13 21:47:38,171 - INFO - Starting hyperparameter optimization...
2025-12-13 21:48:22,844 - INFO - Best parameters for XGBoost: {'n_estimators': 934, 'max_depth': 4, 'learning_rate': 0.01009340992072198, 'subsample': 0.8631917622831686, 'colsample_bytree': 0.903898272429221, 'gamma': 0.9314179119550364}
2025-12-13 21:48:22,844 - INFO - ⏱️ HPO took 44.67 seconds
2025-12-13 21:48:22,844 - INFO - Training final model...
2025-12-13 21:48:23,038 - INFO - ⏱️ Training took 0.19 seconds
2025-12-13 21:48:23,038 - INFO - Performing residual analysis...
2025-12-13 21:48:24,039 - INFO - Generating XAI explanations...
2025-12-13 21:48:24,784 - INFO - Computing feature importance...
2025-12-13 21:48:25,541 - INFO - Experiment completed for XGBoost
2025-12-13 21:48:25,541 - INFO - Total time: 57.25s (0.95 min)
2025-12-13 21:48:25,542 - INFO - Starting comprehensive experiment for XGBoost
2025-12-13 21:48:34,800 - INFO - Performing feature analysis...
2025-12-13 21:48:35,971 - INFO - Model justification: Gradient boosting with regularization, handles missing values, state-of-art for tabular data
2025-12-13 21:48:35,971 - INFO - Performing robust cross-validation...
2025-12-13 21:48:36,501 - INFO - CV Results - MSE: 0.7603 ± 0.1640
2025-12-13 21:48:36,501 - INFO - Starting hyperparameter optimization...
2025-12-13 21:49:13,483 - INFO - Best parameters for XGBoost: {'n_estimators': 151, 'max_depth': 5, 'learning_rate': 0.038274058406861766, 'subsample': 0.969423127511876, 'colsample_bytree': 0.885608680520608, 'gamma': 0.5693358681848003}
2025-12-13 21:49:13,483 - INFO - ⏱️ HPO took 36.98 seconds
2025-12-13 21:49:13,483 - INFO - Training final model...
2025-12-13 21:49:13,530 - INFO - ⏱️ Training took 0.05 seconds
2025-12-13 21:49:13,530 - INFO - Performing residual analysis...
2025-12-13 21:49:14,721 - INFO - Generating XAI explanations...
2025-12-13 21:49:15,303 - INFO - Computing feature importance...
2025-12-13 21:49:15,960 - INFO - Experiment completed for XGBoost
2025-12-13 21:49:15,960 - INFO - Total time: 50.04s (0.83 min)
2025-12-13 21:49:15,960 - INFO - Starting comprehensive experiment for XGBoost
2025-12-13 21:49:26,145 - INFO - Performing feature analysis...
2025-12-13 21:49:27,304 - INFO - Model justification: Gradient boosting with regularization, handles missing values, state-of-art for tabular data
2025-12-13 21:49:27,304 - INFO - Performing robust cross-validation...
2025-12-13 21:49:27,814 - INFO - CV Results - MSE: 1.0045 ± 0.2270
2025-12-13 21:49:27,814 - INFO - Starting hyperparameter optimization...
2025-12-13 21:50:19,095 - INFO - Best parameters for XGBoost: {'n_estimators': 716, 'max_depth': 5, 'learning_rate': 0.010125315228484148, 'subsample': 0.9383355597774169, 'colsample_bytree': 0.8293556470206973, 'gamma': 0.8596498751955514}
2025-12-13 21:50:19,095 - INFO - ⏱️ HPO took 51.28 seconds
2025-12-13 21:50:19,095 - INFO - Training final model...
2025-12-13 21:50:19,292 - INFO - ⏱️ Training took 0.20 seconds
2025-12-13 21:50:19,292 - INFO - Performing residual analysis...
2025-12-13 21:50:20,305 - INFO - Generating XAI explanations...
2025-12-13 21:50:21,158 - INFO - Computing feature importance...
2025-12-13 21:50:21,923 - INFO - Experiment completed for XGBoost
2025-12-13 21:50:21,923 - INFO - Total time: 65.58s (1.09 min)
2025-12-13 21:50:21,924 - INFO - Starting comprehensive experiment for XGBoost
2025-12-13 21:50:33,900 - INFO - Performing feature analysis...
2025-12-13 21:50:35,068 - INFO - Model justification: Gradient boosting with regularization, handles missing values, state-of-art for tabular data
2025-12-13 21:50:35,068 - INFO - Performing robust cross-validation...
2025-12-13 21:50:35,578 - INFO - CV Results - MSE: 0.9726 ± 0.1129
2025-12-13 21:50:35,578 - INFO - Starting hyperparameter optimization...
2025-12-13 21:51:09,023 - INFO - Best parameters for XGBoost: {'n_estimators': 484, 'max_depth': 3, 'learning_rate': 0.019376354904802218, 'subsample': 0.77497746804015, 'colsample_bytree': 0.8724804942524795, 'gamma': 0.7632491671720537}
2025-12-13 21:51:09,031 - INFO - ⏱️ HPO took 33.44 seconds
2025-12-13 21:51:09,032 - INFO - Training final model...
2025-12-13 21:51:09,522 - INFO - ⏱️ Training took 0.49 seconds
2025-12-13 21:51:09,522 - INFO - Performing residual analysis...
2025-12-13 21:51:10,512 - INFO - Generating XAI explanations...
2025-12-13 21:51:11,091 - INFO - Computing feature importance...
2025-12-13 21:51:11,785 - INFO - Experiment completed for XGBoost
2025-12-13 21:51:11,785 - INFO - Total time: 49.47s (0.82 min)
2025-12-13 21:51:11,785 - INFO - Starting comprehensive experiment for XGBoost
2025-12-13 21:51:21,195 - INFO - Performing feature analysis...
2025-12-13 21:51:22,361 - INFO - Model justification: Gradient boosting with regularization, handles missing values, state-of-art for tabular data
2025-12-13 21:51:22,361 - INFO - Performing robust cross-validation...
2025-12-13 21:51:22,878 - INFO - CV Results - MSE: 0.8654 ± 0.1529
2025-12-13 21:51:22,878 - INFO - Starting hyperparameter optimization...
2025-12-13 21:51:52,903 - INFO - Best parameters for XGBoost: {'n_estimators': 343, 'max_depth': 5, 'learning_rate': 0.04315727752279978, 'subsample': 0.7013677995443038, 'colsample_bytree': 0.8315898944472906, 'gamma': 0.6530149389942793}
2025-12-13 21:51:52,903 - INFO - ⏱️ HPO took 30.03 seconds
2025-12-13 21:51:52,903 - INFO - Training final model...
2025-12-13 21:51:52,995 - INFO - ⏱️ Training took 0.09 seconds
2025-12-13 21:51:52,995 - INFO - Performing residual analysis...
2025-12-13 21:51:53,987 - INFO - Generating XAI explanations...
2025-12-13 21:51:54,632 - INFO - Computing feature importance...
2025-12-13 21:51:55,336 - INFO - Experiment completed for XGBoost
2025-12-13 21:51:55,336 - INFO - Total time: 43.17s (0.72 min)
2025-12-13 21:51:55,336 - INFO - Starting comprehensive experiment for XGBoost
2025-12-13 21:52:05,728 - INFO - Performing feature analysis...
2025-12-13 21:52:07,068 - INFO - Model justification: Gradient boosting with regularization, handles missing values, state-of-art for tabular data
2025-12-13 21:52:07,068 - INFO - Performing robust cross-validation...
2025-12-13 21:52:07,598 - INFO - CV Results - MSE: 0.9857 ± 0.1402
2025-12-13 21:52:07,598 - INFO - Starting hyperparameter optimization...
2025-12-13 21:52:49,352 - INFO - Best parameters for XGBoost: {'n_estimators': 213, 'max_depth': 4, 'learning_rate': 0.027749159154083762, 'subsample': 0.5192004866864826, 'colsample_bytree': 0.7980236231467263, 'gamma': 0.44885562199637674}
2025-12-13 21:52:49,352 - INFO - ⏱️ HPO took 41.75 seconds
2025-12-13 21:52:49,352 - INFO - Training final model...
2025-12-13 21:52:49,401 - INFO - ⏱️ Training took 0.05 seconds
2025-12-13 21:52:49,401 - INFO - Performing residual analysis...
2025-12-13 21:52:50,391 - INFO - Generating XAI explanations...
2025-12-13 21:52:50,946 - INFO - Computing feature importance...
2025-12-13 21:52:51,602 - INFO - Experiment completed for XGBoost
2025-12-13 21:52:51,602 - INFO - Total time: 55.89s (0.93 min)
2025-12-13 21:52:51,602 - INFO - Starting comprehensive experiment for XGBoost
2025-12-13 21:53:00,366 - INFO - Performing feature analysis...
2025-12-13 21:53:01,523 - INFO - Model justification: Gradient boosting with regularization, handles missing values, state-of-art for tabular data
2025-12-13 21:53:01,523 - INFO - Performing robust cross-validation...
2025-12-13 21:53:02,044 - INFO - CV Results - MSE: 0.9831 ± 0.2184
2025-12-13 21:53:02,044 - INFO - Starting hyperparameter optimization...
2025-12-13 21:53:36,555 - INFO - Best parameters for XGBoost: {'n_estimators': 237, 'max_depth': 4, 'learning_rate': 0.030472702512080986, 'subsample': 0.6679830666167024, 'colsample_bytree': 0.7598232885805036, 'gamma': 0.46072017743023436}
2025-12-13 21:53:36,555 - INFO - ⏱️ HPO took 34.51 seconds
2025-12-13 21:53:36,555 - INFO - Training final model...
2025-12-13 21:53:36,609 - INFO - ⏱️ Training took 0.05 seconds
2025-12-13 21:53:36,609 - INFO - Performing residual analysis...
2025-12-13 21:53:37,598 - INFO - Generating XAI explanations...
2025-12-13 21:53:38,167 - INFO - Computing feature importance...
2025-12-13 21:53:38,836 - INFO - Experiment completed for XGBoost
2025-12-13 21:53:38,836 - INFO - Total time: 46.85s (0.78 min)
2025-12-13 21:53:38,836 - INFO - Starting comprehensive experiment for XGBoost
2025-12-13 21:53:48,269 - INFO - Performing feature analysis...
2025-12-13 21:53:49,424 - INFO - Model justification: Gradient boosting with regularization, handles missing values, state-of-art for tabular data
2025-12-13 21:53:49,424 - INFO - Performing robust cross-validation...
2025-12-13 21:53:49,935 - INFO - CV Results - MSE: 0.8171 ± 0.1855
2025-12-13 21:53:49,935 - INFO - Starting hyperparameter optimization...
2025-12-13 21:54:36,096 - INFO - Best parameters for XGBoost: {'n_estimators': 1000, 'max_depth': 4, 'learning_rate': 0.02794197140110612, 'subsample': 0.7280092250787165, 'colsample_bytree': 0.9750647717007259, 'gamma': 0.8015507381323924}
2025-12-13 21:54:36,096 - INFO - ⏱️ HPO took 46.16 seconds
2025-12-13 21:54:36,096 - INFO - Training final model...
2025-12-13 21:54:36,297 - INFO - ⏱️ Training took 0.20 seconds
2025-12-13 21:54:36,297 - INFO - Performing residual analysis...
2025-12-13 21:54:37,303 - INFO - Generating XAI explanations...
2025-12-13 21:54:38,050 - INFO - Computing feature importance...
2025-12-13 21:54:38,788 - INFO - Experiment completed for XGBoost
2025-12-13 21:54:38,788 - INFO - Total time: 59.57s (0.99 min)
2025-12-13 21:54:38,789 - INFO - Starting comprehensive experiment for XGBoost
2025-12-13 21:54:50,753 - INFO - Performing feature analysis...
2025-12-13 21:54:51,914 - INFO - Model justification: Gradient boosting with regularization, handles missing values, state-of-art for tabular data
2025-12-13 21:54:51,914 - INFO - Performing robust cross-validation...
2025-12-13 21:54:52,423 - INFO - CV Results - MSE: 1.0035 ± 0.1679
2025-12-13 21:54:52,423 - INFO - Starting hyperparameter optimization...
2025-12-13 21:55:39,895 - INFO - Best parameters for XGBoost: {'n_estimators': 696, 'max_depth': 5, 'learning_rate': 0.010234541546954532, 'subsample': 0.8643468972129635, 'colsample_bytree': 0.9403327242219235, 'gamma': 0.8877744708361421}
2025-12-13 21:55:39,895 - INFO - ⏱️ HPO took 47.47 seconds
2025-12-13 21:55:39,895 - INFO - Training final model...
2025-12-13 21:55:40,077 - INFO - ⏱️ Training took 0.18 seconds
2025-12-13 21:55:40,077 - INFO - Performing residual analysis...
2025-12-13 21:55:41,238 - INFO - Generating XAI explanations...
2025-12-13 21:55:42,060 - INFO - Computing feature importance...
2025-12-13 21:55:42,829 - INFO - Experiment completed for XGBoost
2025-12-13 21:55:42,829 - INFO - Total time: 63.66s (1.06 min)
2025-12-13 21:55:42,829 - INFO - Starting comprehensive experiment for XGBoost
2025-12-13 21:55:51,575 - INFO - Performing feature analysis...
2025-12-13 21:55:52,735 - INFO - Model justification: Gradient boosting with regularization, handles missing values, state-of-art for tabular data
2025-12-13 21:55:52,735 - INFO - Performing robust cross-validation...
2025-12-13 21:55:53,244 - INFO - CV Results - MSE: 0.9343 ± 0.1574
2025-12-13 21:55:53,244 - INFO - Starting hyperparameter optimization...
2025-12-13 21:56:20,286 - INFO - Best parameters for XGBoost: {'n_estimators': 187, 'max_depth': 3, 'learning_rate': 0.060540346463110115, 'subsample': 0.8602493312343747, 'colsample_bytree': 0.7661197151728675, 'gamma': 0.9552118307746376}
2025-12-13 21:56:20,286 - INFO - ⏱️ HPO took 27.04 seconds
2025-12-13 21:56:20,286 - INFO - Training final model...
2025-12-13 21:56:20,322 - INFO - ⏱️ Training took 0.04 seconds
2025-12-13 21:56:20,322 - INFO - Performing residual analysis...
2025-12-13 21:56:21,337 - INFO - Generating XAI explanations...
2025-12-13 21:56:21,865 - INFO - Computing feature importance...
2025-12-13 21:56:22,521 - INFO - Experiment completed for XGBoost
2025-12-13 21:56:22,521 - INFO - Total time: 39.31s (0.66 min)
2025-12-13 21:56:22,521 - INFO - Starting comprehensive experiment for XGBoost
2025-12-13 21:56:31,189 - INFO - Performing feature analysis...
2025-12-13 21:56:32,342 - INFO - Model justification: Gradient boosting with regularization, handles missing values, state-of-art for tabular data
2025-12-13 21:56:32,342 - INFO - Performing robust cross-validation...
2025-12-13 21:56:32,855 - INFO - CV Results - MSE: 0.9145 ± 0.1692
2025-12-13 21:56:32,855 - INFO - Starting hyperparameter optimization...
2025-12-13 21:57:16,378 - INFO - Best parameters for XGBoost: {'n_estimators': 477, 'max_depth': 3, 'learning_rate': 0.03095957450336353, 'subsample': 0.9554066358233665, 'colsample_bytree': 0.8645604870739592, 'gamma': 0.9990965942933722}
2025-12-13 21:57:16,379 - INFO - ⏱️ HPO took 43.52 seconds
2025-12-13 21:57:16,379 - INFO - Training final model...
2025-12-13 21:57:16,460 - INFO - ⏱️ Training took 0.08 seconds
2025-12-13 21:57:16,460 - INFO - Performing residual analysis...
2025-12-13 21:57:17,459 - INFO - Generating XAI explanations...
2025-12-13 21:57:18,035 - INFO - Computing feature importance...
2025-12-13 21:57:18,696 - INFO - Experiment completed for XGBoost
2025-12-13 21:57:18,696 - INFO - Total time: 55.80s (0.93 min)
2025-12-13 21:57:18,696 - INFO - Starting comprehensive experiment for XGBoost
2025-12-13 21:57:26,643 - INFO - Performing feature analysis...
2025-12-13 21:57:27,808 - INFO - Model justification: Gradient boosting with regularization, handles missing values, state-of-art for tabular data
2025-12-13 21:57:27,808 - INFO - Performing robust cross-validation...
2025-12-13 21:57:28,325 - INFO - CV Results - MSE: 0.9471 ± 0.1577
2025-12-13 21:57:28,325 - INFO - Starting hyperparameter optimization...
2025-12-13 21:58:07,684 - INFO - Best parameters for XGBoost: {'n_estimators': 561, 'max_depth': 4, 'learning_rate': 0.010978770106745047, 'subsample': 0.9179566335985611, 'colsample_bytree': 0.9961287943458613, 'gamma': 0.8921282806964427}
2025-12-13 21:58:07,684 - INFO - ⏱️ HPO took 39.36 seconds
2025-12-13 21:58:07,684 - INFO - Training final model...
2025-12-13 21:58:07,805 - INFO - ⏱️ Training took 0.12 seconds
2025-12-13 21:58:07,805 - INFO - Performing residual analysis...
2025-12-13 21:58:08,824 - INFO - Generating XAI explanations...
2025-12-13 21:58:09,493 - INFO - Computing feature importance...
2025-12-13 21:58:10,407 - INFO - Experiment completed for XGBoost
2025-12-13 21:58:10,407 - INFO - Total time: 51.33s (0.86 min)
2025-12-13 21:58:10,408 - INFO - Starting comprehensive experiment for XGBoost
2025-12-13 21:58:18,538 - INFO - Performing feature analysis...
2025-12-13 21:58:19,892 - INFO - Model justification: Gradient boosting with regularization, handles missing values, state-of-art for tabular data
2025-12-13 21:58:19,892 - INFO - Performing robust cross-validation...
2025-12-13 21:58:20,415 - INFO - CV Results - MSE: 0.9079 ± 0.1885
2025-12-13 21:58:20,415 - INFO - Starting hyperparameter optimization...
2025-12-13 21:59:31,340 - INFO - Best parameters for XGBoost: {'n_estimators': 567, 'max_depth': 9, 'learning_rate': 0.013056851690705699, 'subsample': 0.6569250801743051, 'colsample_bytree': 0.9557312890835871, 'gamma': 0.9906595481764956}
2025-12-13 21:59:31,340 - INFO - ⏱️ HPO took 70.93 seconds
2025-12-13 21:59:31,340 - INFO - Training final model...
2025-12-13 21:59:31,665 - INFO - ⏱️ Training took 0.32 seconds
2025-12-13 21:59:31,665 - INFO - Performing residual analysis...
2025-12-13 21:59:32,699 - INFO - Generating XAI explanations...
2025-12-13 21:59:34,027 - INFO - Computing feature importance...
2025-12-13 21:59:34,815 - INFO - Experiment completed for XGBoost
2025-12-13 21:59:34,815 - INFO - Total time: 84.03s (1.40 min)
2025-12-13 21:59:34,815 - INFO - Starting comprehensive experiment for XGBoost
2025-12-13 21:59:43,578 - INFO - Performing feature analysis...
2025-12-13 21:59:44,736 - INFO - Model justification: Gradient boosting with regularization, handles missing values, state-of-art for tabular data
2025-12-13 21:59:44,736 - INFO - Performing robust cross-validation...
2025-12-13 21:59:45,280 - INFO - CV Results - MSE: 0.7909 ± 0.1365
2025-12-13 21:59:45,280 - INFO - Starting hyperparameter optimization...
2025-12-13 22:00:23,697 - INFO - Best parameters for XGBoost: {'n_estimators': 225, 'max_depth': 6, 'learning_rate': 0.08817451745309299, 'subsample': 0.8435212982551954, 'colsample_bytree': 0.8428104451313922, 'gamma': 0.8655190250179547}
2025-12-13 22:00:23,697 - INFO - ⏱️ HPO took 38.42 seconds
2025-12-13 22:00:23,697 - INFO - Training final model...
2025-12-13 22:00:23,775 - INFO - ⏱️ Training took 0.08 seconds
2025-12-13 22:00:23,775 - INFO - Performing residual analysis...
2025-12-13 22:00:24,796 - INFO - Generating XAI explanations...
2025-12-13 22:00:25,428 - INFO - Computing feature importance...
2025-12-13 22:00:26,097 - INFO - Experiment completed for XGBoost
2025-12-13 22:00:26,097 - INFO - Total time: 50.90s (0.85 min)
2025-12-13 22:00:26,098 - INFO - Starting comprehensive experiment for XGBoost
2025-12-13 22:00:35,542 - INFO - Performing feature analysis...
2025-12-13 22:00:36,707 - INFO - Model justification: Gradient boosting with regularization, handles missing values, state-of-art for tabular data
2025-12-13 22:00:36,707 - INFO - Performing robust cross-validation...
2025-12-13 22:00:37,215 - INFO - CV Results - MSE: 0.9737 ± 0.2375
2025-12-13 22:00:37,215 - INFO - Starting hyperparameter optimization...
2025-12-13 22:01:15,006 - INFO - Best parameters for XGBoost: {'n_estimators': 178, 'max_depth': 4, 'learning_rate': 0.0671387993832103, 'subsample': 0.8389939835654887, 'colsample_bytree': 0.9753309826644789, 'gamma': 0.9020937664121921}
2025-12-13 22:01:15,006 - INFO - ⏱️ HPO took 37.79 seconds
2025-12-13 22:01:15,006 - INFO - Training final model...
2025-12-13 22:01:15,050 - INFO - ⏱️ Training took 0.04 seconds
2025-12-13 22:01:15,050 - INFO - Performing residual analysis...
2025-12-13 22:01:16,021 - INFO - Generating XAI explanations...
2025-12-13 22:01:16,554 - INFO - Computing feature importance...
2025-12-13 22:01:17,205 - INFO - Experiment completed for XGBoost
2025-12-13 22:01:17,205 - INFO - Total time: 50.73s (0.85 min)
2025-12-13 22:01:17,205 - INFO - Starting comprehensive experiment for XGBoost
2025-12-13 22:01:26,069 - INFO - Performing feature analysis...
2025-12-13 22:01:27,230 - INFO - Model justification: Gradient boosting with regularization, handles missing values, state-of-art for tabular data
2025-12-13 22:01:27,230 - INFO - Performing robust cross-validation...
2025-12-13 22:01:27,745 - INFO - CV Results - MSE: 0.8897 ± 0.1923
2025-12-13 22:01:27,745 - INFO - Starting hyperparameter optimization...
2025-12-13 22:02:15,510 - INFO - Best parameters for XGBoost: {'n_estimators': 686, 'max_depth': 6, 'learning_rate': 0.0626871704826418, 'subsample': 0.9638922597686816, 'colsample_bytree': 0.8557408713855481, 'gamma': 0.9432357135749603}
2025-12-13 22:02:15,510 - INFO - ⏱️ HPO took 47.77 seconds
2025-12-13 22:02:15,510 - INFO - Training final model...
2025-12-13 22:02:15,727 - INFO - ⏱️ Training took 0.22 seconds
2025-12-13 22:02:15,727 - INFO - Performing residual analysis...
2025-12-13 22:02:16,905 - INFO - Generating XAI explanations...
2025-12-13 22:02:17,746 - INFO - Computing feature importance...
2025-12-13 22:02:18,435 - INFO - Experiment completed for XGBoost
2025-12-13 22:02:18,435 - INFO - Total time: 60.85s (1.01 min)
2025-12-13 22:02:18,435 - INFO - Starting comprehensive experiment for XGBoost
2025-12-13 22:02:27,933 - INFO - Performing feature analysis...
2025-12-13 22:02:29,086 - INFO - Model justification: Gradient boosting with regularization, handles missing values, state-of-art for tabular data
2025-12-13 22:02:29,086 - INFO - Performing robust cross-validation...
2025-12-13 22:02:29,597 - INFO - CV Results - MSE: 0.9004 ± 0.1988
2025-12-13 22:02:29,597 - INFO - Starting hyperparameter optimization...
2025-12-13 22:02:59,914 - INFO - Best parameters for XGBoost: {'n_estimators': 150, 'max_depth': 3, 'learning_rate': 0.07745601432768094, 'subsample': 0.7076107686915384, 'colsample_bytree': 0.9692959277871358, 'gamma': 0.5865495595880721}
2025-12-13 22:02:59,914 - INFO - ⏱️ HPO took 30.32 seconds
2025-12-13 22:02:59,914 - INFO - Training final model...
2025-12-13 22:02:59,944 - INFO - ⏱️ Training took 0.03 seconds
2025-12-13 22:02:59,944 - INFO - Performing residual analysis...
2025-12-13 22:03:00,940 - INFO - Generating XAI explanations...
2025-12-13 22:03:01,447 - INFO - Computing feature importance...
2025-12-13 22:03:02,089 - INFO - Experiment completed for XGBoost
2025-12-13 22:03:02,089 - INFO - Total time: 43.28s (0.72 min)
2025-12-13 22:03:02,089 - INFO - Starting comprehensive experiment for XGBoost
2025-12-13 22:03:11,648 - INFO - Performing feature analysis...
2025-12-13 22:03:12,803 - INFO - Model justification: Gradient boosting with regularization, handles missing values, state-of-art for tabular data
2025-12-13 22:03:12,804 - INFO - Performing robust cross-validation...
2025-12-13 22:03:13,323 - INFO - CV Results - MSE: 0.8405 ± 0.1310
2025-12-13 22:03:13,323 - INFO - Starting hyperparameter optimization...
2025-12-13 22:03:55,235 - INFO - Best parameters for XGBoost: {'n_estimators': 373, 'max_depth': 9, 'learning_rate': 0.06821441820290022, 'subsample': 0.752405578136362, 'colsample_bytree': 0.7776469805521027, 'gamma': 0.929970749700994}
2025-12-13 22:03:55,235 - INFO - ⏱️ HPO took 41.91 seconds
2025-12-13 22:03:55,235 - INFO - Training final model...
2025-12-13 22:03:55,450 - INFO - ⏱️ Training took 0.21 seconds
2025-12-13 22:03:55,450 - INFO - Performing residual analysis...
2025-12-13 22:03:56,469 - INFO - Generating XAI explanations...
2025-12-13 22:03:57,472 - INFO - Computing feature importance...
2025-12-13 22:03:58,153 - INFO - Experiment completed for XGBoost
2025-12-13 22:03:58,153 - INFO - Total time: 55.68s (0.93 min)
