2025-12-14 16:14:39,296 - INFO - Starting comprehensive experiment for CNN
2025-12-14 16:14:48,392 - INFO - Performing feature analysis...
2025-12-14 16:14:51,336 - INFO - Model justification: Fast 1D Convolutional Neural Network - perfect for tabular features with local patterns
2025-12-14 16:14:51,336 - INFO - Performing robust cross-validation...
2025-12-14 16:15:10,362 - INFO - CV Results - MSE: 2.2286 ± 0.3780
2025-12-14 16:15:10,362 - INFO - Starting hyperparameter optimization...
2025-12-14 16:22:25,495 - INFO - Best parameters for CNN: {'filters': 52, 'kernel_size': 3, 'dense_units': 48, 'lr': 0.004027766711181193, 'epochs': 65}
2025-12-14 16:22:25,495 - INFO - ⏱️ HPO took 435.13 seconds
2025-12-14 16:22:25,495 - INFO - Training final model...
2025-12-14 16:22:28,116 - INFO - ⏱️ Training took 2.62 seconds
2025-12-14 16:22:28,116 - INFO - Performing residual analysis...
2025-12-14 16:22:29,390 - INFO - Generating XAI explanations...
2025-12-14 16:22:29,426 - WARNING - Using 168 background data samples could cause slower run times. Consider using shap.sample(data, K) or shap.kmeans(data, K) to summarize the background as K samples.
2025-12-14 16:22:29,474 - INFO - num_full_subsets = 2
2025-12-14 16:22:29,579 - INFO - phi = [-0.19025717 -0.27856731  0.35368346 -0.80608365]
2025-12-14 16:22:29,626 - INFO - num_full_subsets = 2
2025-12-14 16:22:29,716 - INFO - phi = [ 0.75125142 -0.03692516 -0.00584967 -1.00911868]
2025-12-14 16:22:29,762 - INFO - num_full_subsets = 2
2025-12-14 16:22:29,850 - INFO - phi = [0.51017535 0.49542101 0.19459921 0.75993124]
2025-12-14 16:22:29,896 - INFO - num_full_subsets = 2
2025-12-14 16:22:29,984 - INFO - phi = [-0.19880625 -0.18168202 -0.00051779  0.47104286]
2025-12-14 16:22:30,030 - INFO - num_full_subsets = 2
2025-12-14 16:22:30,124 - INFO - phi = [ 0.63222849  0.25691793 -0.00287618 -0.71790531]
2025-12-14 16:22:30,170 - INFO - num_full_subsets = 2
2025-12-14 16:22:30,260 - INFO - phi = [-0.24516028 -0.60954583  0.10285379 -0.81253733]
2025-12-14 16:22:30,305 - INFO - num_full_subsets = 2
2025-12-14 16:22:30,393 - INFO - phi = [ 0.04296501  0.42870699 -0.45687698  0.361881  ]
2025-12-14 16:22:30,438 - INFO - num_full_subsets = 2
2025-12-14 16:22:30,529 - INFO - phi = [-0.21647612 -0.53395268  0.3731025  -0.8318155 ]
2025-12-14 16:22:30,575 - INFO - num_full_subsets = 2
2025-12-14 16:22:30,660 - INFO - phi = [ 0.04483537 -0.02154594 -0.48958084  0.09896555]
2025-12-14 16:22:30,711 - INFO - num_full_subsets = 2
2025-12-14 16:22:30,803 - INFO - phi = [ 0.39103709  0.20961892  0.17862653 -0.13368467]
2025-12-14 16:22:30,849 - INFO - num_full_subsets = 2
2025-12-14 16:22:30,937 - INFO - phi = [-0.25007466  0.78788955 -0.32706426  0.08968627]
2025-12-14 16:22:30,982 - INFO - num_full_subsets = 2
2025-12-14 16:22:31,071 - INFO - phi = [-0.21868857  0.6800678   0.51014474  0.82790919]
2025-12-14 16:22:31,115 - INFO - num_full_subsets = 2
2025-12-14 16:22:31,203 - INFO - phi = [-0.31226361 -0.77294115 -0.23110818  0.01306352]
2025-12-14 16:22:31,247 - INFO - num_full_subsets = 2
2025-12-14 16:22:31,337 - INFO - phi = [-0.18723896 -0.25008817  0.38951287 -0.87282818]
2025-12-14 16:22:31,383 - INFO - num_full_subsets = 2
2025-12-14 16:22:31,470 - INFO - phi = [-0.2840108  -0.58150549  0.50047855  0.83159804]
2025-12-14 16:22:31,515 - INFO - num_full_subsets = 2
2025-12-14 16:22:31,606 - INFO - phi = [-0.28881691 -0.47643142  0.10375957 -0.57694599]
2025-12-14 16:22:31,651 - INFO - num_full_subsets = 2
2025-12-14 16:22:31,740 - INFO - phi = [-0.1362885   0.46973771  0.20705767  0.53094376]
2025-12-14 16:22:31,786 - INFO - num_full_subsets = 2
2025-12-14 16:22:31,874 - INFO - phi = [0.12261497 0.15198574 0.2620644  1.1391094 ]
2025-12-14 16:22:31,919 - INFO - num_full_subsets = 2
2025-12-14 16:22:32,013 - INFO - phi = [-0.30505376 -0.51217652  0.00453515 -0.48084614]
2025-12-14 16:22:32,058 - INFO - num_full_subsets = 2
2025-12-14 16:22:32,146 - INFO - phi = [-0.19757251  0.40139849  0.16500703  0.28375385]
2025-12-14 16:22:32,191 - INFO - num_full_subsets = 2
2025-12-14 16:22:32,276 - INFO - phi = [-0.26489037 -0.38972441  0.03230452 -0.84133086]
2025-12-14 16:22:32,321 - INFO - num_full_subsets = 2
2025-12-14 16:22:32,408 - INFO - phi = [ 0.19059051 -0.31047546 -0.56720023  0.67003198]
2025-12-14 16:22:32,452 - INFO - num_full_subsets = 2
2025-12-14 16:22:32,537 - INFO - phi = [-0.30654068 -0.37399507  0.05705851 -0.15267401]
2025-12-14 16:22:32,582 - INFO - num_full_subsets = 2
2025-12-14 16:22:32,677 - INFO - phi = [-0.30321332 -0.29696396 -0.08382366  0.58684482]
2025-12-14 16:22:32,722 - INFO - num_full_subsets = 2
2025-12-14 16:22:32,810 - INFO - phi = [-0.32472993 -0.62299658  0.28147307  0.78587894]
2025-12-14 16:22:32,855 - INFO - num_full_subsets = 2
2025-12-14 16:22:32,945 - INFO - phi = [-0.20743904 -0.3963302   0.32194388 -0.86448802]
2025-12-14 16:22:32,989 - INFO - num_full_subsets = 2
2025-12-14 16:22:33,077 - INFO - phi = [ 0.2166038   0.55202233 -0.27715126  0.4222862 ]
2025-12-14 16:22:33,122 - INFO - num_full_subsets = 2
2025-12-14 16:22:33,210 - INFO - phi = [-0.27729145 -0.72424605 -0.23827675 -0.12337253]
2025-12-14 16:22:33,260 - INFO - num_full_subsets = 2
2025-12-14 16:22:33,352 - INFO - phi = [0.63436665 0.23265164 0.49508643 0.76478253]
2025-12-14 16:22:33,397 - INFO - num_full_subsets = 2
2025-12-14 16:22:33,487 - INFO - phi = [-0.19559586  0.54360354 -0.46175617  0.21632991]
2025-12-14 16:22:33,533 - INFO - num_full_subsets = 2
2025-12-14 16:22:33,620 - INFO - phi = [-0.19660322 -0.195885    0.25019168 -0.88213417]
2025-12-14 16:22:33,665 - INFO - num_full_subsets = 2
2025-12-14 16:22:33,751 - INFO - phi = [-0.22636062 -0.08496527 -0.52638694  0.26146029]
2025-12-14 16:22:33,796 - INFO - num_full_subsets = 2
2025-12-14 16:22:33,886 - INFO - phi = [-0.04837165  0.73225985  0.29157621  0.11481367]
2025-12-14 16:22:33,936 - INFO - num_full_subsets = 2
2025-12-14 16:22:34,025 - INFO - phi = [ 0.39408086 -0.11426066 -0.55108057  0.40547852]
2025-12-14 16:22:34,069 - INFO - num_full_subsets = 2
2025-12-14 16:22:34,159 - INFO - phi = [0.52932886 0.19576066 0.4452502  0.72645739]
2025-12-14 16:22:34,203 - INFO - num_full_subsets = 2
2025-12-14 16:22:34,290 - INFO - phi = [-0.22298267  0.63737891 -0.48809066  0.37413943]
2025-12-14 16:22:34,336 - INFO - num_full_subsets = 2
2025-12-14 16:22:34,422 - INFO - phi = [0.07399384 0.57381048 0.38722331 0.55673342]
2025-12-14 16:22:34,466 - INFO - num_full_subsets = 2
2025-12-14 16:22:34,561 - INFO - phi = [ 0.75528477  0.88629598 -0.18605842 -0.05058895]
2025-12-14 16:22:34,606 - INFO - num_full_subsets = 2
2025-12-14 16:22:34,697 - INFO - phi = [-0.1694649   0.53870936 -0.38580728  0.56364803]
2025-12-14 16:22:34,743 - INFO - num_full_subsets = 2
2025-12-14 16:22:34,829 - INFO - phi = [-0.28232023 -0.39405238  0.40282523  0.78348793]
2025-12-14 16:22:34,875 - INFO - num_full_subsets = 2
2025-12-14 16:22:34,966 - INFO - phi = [-0.31734684 -0.44457922  0.12775813  0.73262806]
2025-12-14 16:22:35,010 - INFO - num_full_subsets = 2
2025-12-14 16:22:35,096 - INFO - phi = [-0.25861252 -0.54162251  0.30190632 -0.37839942]
2025-12-14 16:22:35,141 - INFO - num_full_subsets = 2
2025-12-14 16:22:35,234 - INFO - phi = [-0.20309448  0.35705901 -0.47768993  0.57411538]
2025-12-14 16:22:35,280 - INFO - num_full_subsets = 2
2025-12-14 16:22:35,368 - INFO - phi = [-0.31155987 -0.71377635 -0.12138666 -0.18846844]
2025-12-14 16:22:35,412 - INFO - num_full_subsets = 2
2025-12-14 16:22:35,500 - INFO - phi = [-0.32365024 -0.69231633  0.08411229  0.2049379 ]
2025-12-14 16:22:35,545 - INFO - num_full_subsets = 2
2025-12-14 16:22:35,630 - INFO - phi = [-0.25950205 -0.05870655  0.00928058  0.77701849]
2025-12-14 16:22:35,675 - INFO - num_full_subsets = 2
2025-12-14 16:22:35,764 - INFO - phi = [-0.16216992  0.4056864   0.312758    0.64764868]
2025-12-14 16:22:35,809 - INFO - num_full_subsets = 2
2025-12-14 16:22:35,904 - INFO - phi = [ 0.74308526  0.26077018  0.21335074 -1.01776053]
2025-12-14 16:22:35,950 - INFO - num_full_subsets = 2
2025-12-14 16:22:36,041 - INFO - phi = [-0.20255814  0.68859465 -0.26653038 -0.07844489]
2025-12-14 16:22:36,085 - INFO - num_full_subsets = 2
2025-12-14 16:22:36,164 - INFO - phi = [-0.25765762  0.60350265  0.01221982  0.3469164 ]
2025-12-14 16:22:36,208 - INFO - num_full_subsets = 2
2025-12-14 16:22:36,295 - INFO - phi = [-0.32993947 -0.78644701 -0.06786465  0.07872139]
2025-12-14 16:22:36,339 - INFO - num_full_subsets = 2
2025-12-14 16:22:36,425 - INFO - phi = [ 0.67551694  0.17156113  0.23580064 -0.98999709]
2025-12-14 16:22:36,474 - INFO - num_full_subsets = 2
2025-12-14 16:22:36,564 - INFO - phi = [-0.25313822  0.60021132 -0.08343227 -0.51551391]
2025-12-14 16:22:36,609 - INFO - num_full_subsets = 2
2025-12-14 16:22:36,697 - INFO - phi = [-0.27042453 -0.69621478 -0.14212929 -0.30688947]
2025-12-14 16:22:36,741 - INFO - num_full_subsets = 2
2025-12-14 16:22:36,831 - INFO - phi = [-0.26696935  0.00988894  0.2160173   0.76156494]
2025-12-14 16:22:36,876 - INFO - num_full_subsets = 2
2025-12-14 16:22:36,963 - INFO - phi = [-0.12680302  0.55685939 -0.4815435   0.30575475]
2025-12-14 16:22:37,008 - INFO - num_full_subsets = 2
2025-12-14 16:22:37,097 - INFO - phi = [-0.00167386  0.54774287  0.13064655  0.58417818]
2025-12-14 16:22:37,148 - INFO - num_full_subsets = 2
2025-12-14 16:22:37,235 - INFO - phi = [-0.231186    0.59275707  0.17646266  0.20499913]
2025-12-14 16:22:37,281 - INFO - num_full_subsets = 2
2025-12-14 16:22:37,368 - INFO - phi = [-0.28733737 -0.55757147 -0.57007014  0.92285101]
2025-12-14 16:22:37,412 - INFO - num_full_subsets = 2
2025-12-14 16:22:37,495 - INFO - phi = [-0.2297721  -0.58271794  0.21722499 -0.79006331]
2025-12-14 16:22:37,539 - INFO - num_full_subsets = 2
2025-12-14 16:22:37,625 - INFO - phi = [-0.20013732  0.61998523  0.37697925  0.23040732]
2025-12-14 16:22:37,669 - INFO - num_full_subsets = 2
2025-12-14 16:22:37,760 - INFO - phi = [-0.28801529 -0.56667298  0.05013647 -0.78165781]
2025-12-14 16:22:37,805 - INFO - num_full_subsets = 2
2025-12-14 16:22:37,893 - INFO - phi = [0.19350235 0.37344341 0.29220711 0.23187671]
2025-12-14 16:22:37,938 - INFO - num_full_subsets = 2
2025-12-14 16:22:38,024 - INFO - phi = [ 0.82169976  0.04206365  0.15999564 -0.47824359]
2025-12-14 16:22:38,069 - INFO - num_full_subsets = 2
2025-12-14 16:22:38,149 - INFO - phi = [ 0.66710317  0.53007562  0.18713877 -0.73206591]
2025-12-14 16:22:38,193 - INFO - num_full_subsets = 2
2025-12-14 16:22:38,275 - INFO - phi = [ 0.8105398  -0.04244311  0.08516926 -0.90294816]
2025-12-14 16:22:38,319 - INFO - num_full_subsets = 2
2025-12-14 16:22:38,407 - INFO - phi = [-0.24269575  0.33159024  0.05364441 -0.66759295]
2025-12-14 16:22:38,452 - INFO - num_full_subsets = 2
2025-12-14 16:22:38,541 - INFO - phi = [ 0.69752776  0.33626193  0.22363103 -1.05287101]
2025-12-14 16:22:38,586 - INFO - num_full_subsets = 2
2025-12-14 16:22:38,675 - INFO - phi = [ 0.08991025 -0.31995815 -0.49465549  0.35031319]
2025-12-14 16:22:38,720 - INFO - num_full_subsets = 2
2025-12-14 16:22:38,810 - INFO - phi = [ 0.69860806  0.25749218  0.26499359 -1.05518605]
2025-12-14 16:22:38,855 - INFO - num_full_subsets = 2
2025-12-14 16:22:38,942 - INFO - phi = [-0.308752   -0.79783612 -0.26513405 -0.15515423]
2025-12-14 16:22:38,987 - INFO - num_full_subsets = 2
2025-12-14 16:22:39,080 - INFO - phi = [-0.16238241  0.21773041  0.3865679  -0.94689558]
2025-12-14 16:22:39,125 - INFO - num_full_subsets = 2
2025-12-14 16:22:39,211 - INFO - phi = [-0.27135433 -0.54632025 -0.31808552 -0.22458843]
2025-12-14 16:22:39,255 - INFO - num_full_subsets = 2
2025-12-14 16:22:39,345 - INFO - phi = [-0.20380959 -0.38018512  0.41037921 -0.84944632]
2025-12-14 16:22:39,389 - INFO - num_full_subsets = 2
2025-12-14 16:22:39,472 - INFO - phi = [ 0.68873185 -0.05616196  0.38527574  0.90889733]
2025-12-14 16:22:39,516 - INFO - num_full_subsets = 2
2025-12-14 16:22:39,600 - INFO - phi = [-0.28713385 -0.26235795  0.05157467 -0.49631918]
2025-12-14 16:22:39,651 - INFO - num_full_subsets = 2
2025-12-14 16:22:39,741 - INFO - phi = [-0.19069862  0.45618978  0.45807591  0.77217279]
2025-12-14 16:22:39,786 - INFO - num_full_subsets = 2
2025-12-14 16:22:39,874 - INFO - phi = [ 0.75852982 -0.18524287  0.21444796 -0.44324493]
2025-12-14 16:22:39,919 - INFO - num_full_subsets = 2
2025-12-14 16:22:40,008 - INFO - phi = [ 0.68557473  0.3063844  -0.02597513 -0.8206174 ]
2025-12-14 16:22:40,052 - INFO - num_full_subsets = 2
2025-12-14 16:22:40,139 - INFO - phi = [-0.3134412  -0.69761511 -0.00513402 -0.53391723]
2025-12-14 16:22:40,183 - INFO - num_full_subsets = 2
2025-12-14 16:22:40,272 - INFO - phi = [-0.22075906  0.25117119 -0.41326968  0.6035401 ]
2025-12-14 16:22:40,321 - INFO - num_full_subsets = 2
2025-12-14 16:22:40,409 - INFO - phi = [0.2052868  0.61654615 0.24958663 0.4416042 ]
2025-12-14 16:22:40,454 - INFO - num_full_subsets = 2
2025-12-14 16:22:40,538 - INFO - phi = [-0.23669502 -0.0778144  -0.64293803  0.54212507]
2025-12-14 16:22:40,584 - INFO - num_full_subsets = 2
2025-12-14 16:22:40,666 - INFO - phi = [-0.19944187  0.59366127  0.27902925  0.92947346]
2025-12-14 16:22:40,710 - INFO - num_full_subsets = 2
2025-12-14 16:22:40,792 - INFO - phi = [-0.05168644  0.6700752  -0.43003767  0.2480092 ]
2025-12-14 16:22:40,837 - INFO - num_full_subsets = 2
2025-12-14 16:22:40,931 - INFO - phi = [-0.27924781 -0.43358313  0.06003525 -0.66196305]
2025-12-14 16:22:40,976 - INFO - num_full_subsets = 2
2025-12-14 16:22:41,064 - INFO - phi = [-0.07099214 -0.12719386 -0.42794174  0.08593554]
2025-12-14 16:22:41,108 - INFO - num_full_subsets = 2
2025-12-14 16:22:41,196 - INFO - phi = [ 0.63636173 -0.00935393 -0.33648325  0.43657432]
2025-12-14 16:22:41,242 - INFO - num_full_subsets = 2
2025-12-14 16:22:41,326 - INFO - phi = [-0.1812886   0.58121362 -0.4157084   0.45409535]
2025-12-14 16:22:41,372 - INFO - num_full_subsets = 2
2025-12-14 16:22:41,461 - INFO - phi = [-0.30552165 -0.56668307  0.01032758 -0.3752792 ]
2025-12-14 16:22:41,505 - INFO - num_full_subsets = 2
2025-12-14 16:22:41,599 - INFO - phi = [-0.23583002 -0.54170652 -0.04895202 -0.46658492]
2025-12-14 16:22:41,644 - INFO - num_full_subsets = 2
2025-12-14 16:22:41,730 - INFO - phi = [-0.22065339  0.1468614  -0.55599465  0.38452203]
2025-12-14 16:22:41,776 - INFO - num_full_subsets = 2
2025-12-14 16:22:41,859 - INFO - phi = [-0.29413288 -0.11790987  0.0709491   0.4666882 ]
2025-12-14 16:22:41,904 - INFO - num_full_subsets = 2
2025-12-14 16:22:41,989 - INFO - phi = [-0.08671838  0.71487959  0.53737671  0.68522009]
2025-12-14 16:22:42,034 - INFO - num_full_subsets = 2
2025-12-14 16:22:42,122 - INFO - phi = [ 0.67564827 -0.08782897 -0.27950079 -0.49101635]
2025-12-14 16:22:42,166 - INFO - num_full_subsets = 2
2025-12-14 16:22:42,258 - INFO - phi = [-0.12051518  0.33274097  0.06310143  0.64168636]
2025-12-14 16:22:42,303 - INFO - num_full_subsets = 2
2025-12-14 16:22:42,390 - INFO - phi = [ 0.39408086 -0.11426066 -0.55108057  0.40547852]
2025-12-14 16:22:42,434 - INFO - num_full_subsets = 2
2025-12-14 16:22:42,516 - INFO - phi = [-0.25369029 -0.19556083 -0.1684375  -0.44561505]
2025-12-14 16:22:42,560 - INFO - num_full_subsets = 2
2025-12-14 16:22:42,647 - INFO - phi = [ 0.71510034 -0.0015432   0.23976732  0.04260854]
2025-12-14 16:22:42,691 - INFO - num_full_subsets = 2
2025-12-14 16:22:42,774 - INFO - phi = [-0.0864573   0.39177589  0.37068139  0.41107948]
2025-12-14 16:22:42,823 - INFO - num_full_subsets = 2
2025-12-14 16:22:42,909 - INFO - phi = [ 0.61268817 -0.30419414  0.57265429  1.30687518]
2025-12-14 16:22:42,954 - INFO - num_full_subsets = 2
2025-12-14 16:22:43,042 - INFO - phi = [-0.20973325  0.06602298  0.41108788  0.45732944]
2025-12-14 16:22:43,086 - INFO - num_full_subsets = 2
2025-12-14 16:22:43,166 - INFO - phi = [-0.27325389 -0.69465796 -0.20810728 -0.16825129]
2025-12-14 16:22:43,209 - INFO - num_full_subsets = 2
2025-12-14 16:22:43,293 - INFO - phi = [-0.23763363 -0.31045778 -0.50051663  0.62273134]
2025-12-14 16:22:43,336 - INFO - num_full_subsets = 2
2025-12-14 16:22:43,424 - INFO - phi = [-0.20487546  0.15204362 -0.08677019  0.49494196]
2025-12-14 16:22:43,473 - INFO - num_full_subsets = 2
2025-12-14 16:22:43,565 - INFO - phi = [ 0.90935865 -0.32406034 -0.24825602 -0.67159846]
2025-12-14 16:22:43,610 - INFO - num_full_subsets = 2
2025-12-14 16:22:43,700 - INFO - phi = [-0.23411683 -0.50873323  0.35264947 -0.78103778]
2025-12-14 16:22:43,744 - INFO - num_full_subsets = 2
2025-12-14 16:22:43,832 - INFO - phi = [ 0.67895266  0.21627587  0.2555963  -0.94141709]
2025-12-14 16:22:43,876 - INFO - num_full_subsets = 2
2025-12-14 16:22:43,962 - INFO - phi = [-0.26011912 -0.58964209  0.08196554 -0.85145005]
2025-12-14 16:22:44,006 - INFO - num_full_subsets = 2
2025-12-14 16:22:44,097 - INFO - phi = [-0.17385954  0.17370242 -0.52748325  0.42112156]
2025-12-14 16:22:44,141 - INFO - num_full_subsets = 2
2025-12-14 16:22:44,228 - INFO - phi = [-0.18009407  0.26867352  0.21507664  0.47862476]
2025-12-14 16:22:44,272 - INFO - num_full_subsets = 2
2025-12-14 16:22:44,360 - INFO - phi = [-0.29748787 -0.20627909  0.15854685  0.64013952]
2025-12-14 16:22:44,403 - INFO - num_full_subsets = 2
2025-12-14 16:22:44,493 - INFO - phi = [-0.20124892  0.50648354 -0.09338946  0.21999709]
2025-12-14 16:22:44,537 - INFO - num_full_subsets = 2
2025-12-14 16:22:44,629 - INFO - phi = [-0.27006981 -0.56454483  0.17162861 -0.75153955]
2025-12-14 16:22:44,674 - INFO - num_full_subsets = 2
2025-12-14 16:22:44,768 - INFO - phi = [-0.28065552 -0.59740664 -0.18969679 -0.52455679]
2025-12-14 16:22:44,814 - INFO - num_full_subsets = 2
2025-12-14 16:22:44,906 - INFO - phi = [0.39726395 0.58509028 0.37952257 0.77582273]
2025-12-14 16:22:44,951 - INFO - num_full_subsets = 2
2025-12-14 16:22:45,034 - INFO - phi = [-0.30554131 -0.75769134 -0.27719235 -0.23699853]
2025-12-14 16:22:45,078 - INFO - num_full_subsets = 2
2025-12-14 16:22:45,159 - INFO - phi = [-0.20393111 -0.21978971 -0.48057814  0.14948283]
2025-12-14 16:22:45,202 - INFO - num_full_subsets = 2
2025-12-14 16:22:45,288 - INFO - phi = [-0.19492198 -0.25752868  0.40318399 -0.86849139]
2025-12-14 16:22:45,332 - INFO - num_full_subsets = 2
2025-12-14 16:22:45,418 - INFO - phi = [0.04362933 0.22393768 0.34145535 0.73516435]
2025-12-14 16:22:45,462 - INFO - num_full_subsets = 2
2025-12-14 16:22:45,552 - INFO - phi = [-0.17202589 -0.01104038  0.40310713 -0.9149176 ]
2025-12-14 16:22:45,602 - INFO - num_full_subsets = 2
2025-12-14 16:22:45,693 - INFO - phi = [ 0.6444469   0.25124782 -0.22878218 -0.55584531]
2025-12-14 16:22:45,738 - INFO - num_full_subsets = 2
2025-12-14 16:22:45,824 - INFO - phi = [0.12261497 0.15198574 0.2620644  1.1391094 ]
2025-12-14 16:22:45,868 - INFO - num_full_subsets = 2
2025-12-14 16:22:45,954 - INFO - phi = [-0.31053283 -0.69252473 -0.44828634  0.48792011]
2025-12-14 16:22:46,003 - INFO - num_full_subsets = 2
2025-12-14 16:22:46,086 - INFO - phi = [ 0.64678523  0.44506535 -0.19933132 -0.46812758]
2025-12-14 16:22:46,130 - INFO - num_full_subsets = 2
2025-12-14 16:22:46,212 - INFO - phi = [-0.02082973  0.09367437 -0.58277975  0.33342948]
2025-12-14 16:22:46,256 - INFO - num_full_subsets = 2
2025-12-14 16:22:46,338 - INFO - phi = [-0.23055104  0.22484177 -0.10484567  0.63091438]
2025-12-14 16:22:46,382 - INFO - num_full_subsets = 2
2025-12-14 16:22:46,466 - INFO - phi = [ 0.62477384 -0.07566388 -0.45262142  0.15649353]
2025-12-14 16:22:46,510 - INFO - num_full_subsets = 2
2025-12-14 16:22:46,593 - INFO - phi = [-0.21095475  0.04102942 -0.41645159 -0.00673944]
2025-12-14 16:22:46,641 - INFO - num_full_subsets = 2
2025-12-14 16:22:46,729 - INFO - phi = [-0.12668008  0.50514233 -0.11506617  0.33396494]
2025-12-14 16:22:46,772 - INFO - num_full_subsets = 2
2025-12-14 16:22:46,861 - INFO - phi = [ 0.7185342   0.32731465 -0.04391813 -0.92443999]
2025-12-14 16:22:46,905 - INFO - num_full_subsets = 2
2025-12-14 16:22:46,995 - INFO - phi = [-0.27243109 -0.64313047 -0.05619419 -0.79918964]
2025-12-14 16:22:47,038 - INFO - num_full_subsets = 2
2025-12-14 16:22:47,126 - INFO - phi = [-0.23414587 -0.60522261  0.26211645 -0.83572454]
2025-12-14 16:22:47,171 - INFO - num_full_subsets = 2
2025-12-14 16:22:47,263 - INFO - phi = [-0.24526895 -0.51098431  0.30476233 -0.68163242]
2025-12-14 16:22:47,309 - INFO - num_full_subsets = 2
2025-12-14 16:22:47,398 - INFO - phi = [-0.25603067 -0.52414169  0.16831493 -0.82855325]
2025-12-14 16:22:47,442 - INFO - num_full_subsets = 2
2025-12-14 16:22:47,528 - INFO - phi = [-0.21224965 -0.48751766  0.33400482 -0.84743719]
2025-12-14 16:22:47,572 - INFO - num_full_subsets = 2
2025-12-14 16:22:47,659 - INFO - phi = [0.60326551 0.27086596 0.24681872 0.64569755]
2025-12-14 16:22:47,703 - INFO - num_full_subsets = 2
2025-12-14 16:22:47,789 - INFO - phi = [0.57475542 0.62603544 0.39849744 0.42128525]
2025-12-14 16:22:47,834 - INFO - num_full_subsets = 2
2025-12-14 16:22:47,925 - INFO - phi = [-0.28723648 -0.61421362  0.04112099 -0.78108334]
2025-12-14 16:22:47,969 - INFO - num_full_subsets = 2
2025-12-14 16:22:48,056 - INFO - phi = [0.12176688 0.39803918 0.35959983 1.03070689]
2025-12-14 16:22:48,099 - INFO - num_full_subsets = 2
2025-12-14 16:22:48,184 - INFO - phi = [-0.29964814 -0.46003033  0.05679778 -0.6355207 ]
2025-12-14 16:22:48,228 - INFO - num_full_subsets = 2
2025-12-14 16:22:48,312 - INFO - phi = [-0.24966062  0.66328617  0.16917416  0.33265127]
2025-12-14 16:22:48,356 - INFO - num_full_subsets = 2
2025-12-14 16:22:48,444 - INFO - phi = [ 0.69307861  0.10937953  0.2114389  -0.92804115]
2025-12-14 16:22:48,488 - INFO - num_full_subsets = 2
2025-12-14 16:22:48,580 - INFO - phi = [ 0.50739332  0.14633132 -0.33574057 -0.35182098]
2025-12-14 16:22:48,624 - INFO - num_full_subsets = 2
2025-12-14 16:22:48,713 - INFO - phi = [-0.2563816  -0.16206409  0.20745621 -0.18467862]
2025-12-14 16:22:48,758 - INFO - num_full_subsets = 2
2025-12-14 16:22:48,840 - INFO - phi = [-0.25748632  0.63903904 -0.51245385  0.49691411]
2025-12-14 16:22:48,885 - INFO - num_full_subsets = 2
2025-12-14 16:22:48,972 - INFO - phi = [0.68772709 0.24969695 0.02214876 0.14037172]
2025-12-14 16:22:49,016 - INFO - num_full_subsets = 2
2025-12-14 16:22:49,097 - INFO - phi = [-0.29798581 -0.69440709 -0.13368262 -0.53246111]
2025-12-14 16:22:49,146 - INFO - num_full_subsets = 2
2025-12-14 16:22:49,232 - INFO - phi = [-0.08262918  0.51905197  0.47259108  0.75095778]
2025-12-14 16:22:49,276 - INFO - num_full_subsets = 2
2025-12-14 16:22:49,365 - INFO - phi = [-0.21058821  0.42609133  0.21166624  0.49568022]
2025-12-14 16:22:49,409 - INFO - num_full_subsets = 2
2025-12-14 16:22:49,495 - INFO - phi = [0.57877827 0.27890128 0.00196985 0.58035917]
2025-12-14 16:22:49,538 - INFO - num_full_subsets = 2
2025-12-14 16:22:49,618 - INFO - phi = [-0.25321028  0.85269416  0.18097531  0.23850933]
2025-12-14 16:22:49,662 - INFO - num_full_subsets = 2
2025-12-14 16:22:49,749 - INFO - phi = [-0.11758978  0.25055076 -0.532523    0.3119765 ]
2025-12-14 16:22:49,798 - INFO - num_full_subsets = 2
2025-12-14 16:22:49,883 - INFO - phi = [-0.23806633  0.88588728  0.29257766 -0.09879635]
2025-12-14 16:22:49,927 - INFO - num_full_subsets = 2
2025-12-14 16:22:50,014 - INFO - phi = [-0.12047777  0.54594794 -0.42418192  0.60408363]
2025-12-14 16:22:50,058 - INFO - num_full_subsets = 2
2025-12-14 16:22:50,146 - INFO - phi = [-0.24587035  0.1229901   0.02792744  0.69191185]
2025-12-14 16:22:50,189 - INFO - num_full_subsets = 2
2025-12-14 16:22:50,273 - INFO - phi = [-0.22112118  0.61426161  0.37548742  0.75983591]
2025-12-14 16:22:50,316 - INFO - num_full_subsets = 2
2025-12-14 16:22:50,410 - INFO - phi = [-0.25799541 -0.63033295 -0.20253782 -0.58744095]
2025-12-14 16:22:50,455 - INFO - num_full_subsets = 2
2025-12-14 16:22:50,544 - INFO - phi = [-0.22281937  0.15491022 -0.10072046 -0.60179912]
2025-12-14 16:22:50,588 - INFO - num_full_subsets = 2
2025-12-14 16:22:50,675 - INFO - phi = [ 0.68487566 -0.01286277 -0.18034277 -0.79302078]
2025-12-14 16:22:50,719 - INFO - num_full_subsets = 2
2025-12-14 16:22:50,802 - INFO - phi = [0.6483282  0.06897264 0.11674732 0.70251659]
2025-12-14 16:22:50,845 - INFO - num_full_subsets = 2
2025-12-14 16:22:50,925 - INFO - phi = [ 0.01315173  0.55611018 -0.48374359  0.31140468]
2025-12-14 16:22:50,968 - INFO - num_full_subsets = 2
2025-12-14 16:22:51,052 - INFO - phi = [-0.31240334 -0.740941   -0.47735616  0.36931287]
2025-12-14 16:22:51,097 - INFO - num_full_subsets = 2
2025-12-14 16:22:51,177 - INFO - phi = [-0.27289025 -0.52409489  0.0337021  -0.84560613]
2025-12-14 16:22:51,221 - INFO - num_full_subsets = 2
2025-12-14 16:22:51,302 - INFO - phi = [-0.31097297 -0.69976571 -0.50753599  0.18364471]
2025-12-14 16:22:51,345 - INFO - num_full_subsets = 2
2025-12-14 16:22:51,427 - INFO - phi = [-0.30144537 -0.44961028  0.00754809 -0.5284319 ]
2025-12-14 16:22:51,470 - INFO - num_full_subsets = 2
2025-12-14 16:22:51,550 - INFO - phi = [ 0.58331269 -0.15456293 -0.41096195 -0.17560762]
2025-12-14 16:22:51,593 - INFO - num_full_subsets = 2
2025-12-14 16:22:51,678 - INFO - phi = [-0.24396739 -0.56105003  0.09057668 -0.80042866]
2025-12-14 16:22:52,204 - INFO - Computing feature importance...
2025-12-14 16:22:59,959 - INFO - Experiment completed for CNN
2025-12-14 16:22:59,959 - INFO - Total time: 499.79s (8.33 min)
2025-12-14 16:22:59,959 - INFO - Starting comprehensive experiment for CNN
2025-12-14 16:23:10,678 - INFO - Performing feature analysis...
2025-12-14 16:23:11,838 - INFO - Model justification: Fast 1D Convolutional Neural Network - perfect for tabular features with local patterns
2025-12-14 16:23:11,838 - INFO - Performing robust cross-validation...
2025-12-14 16:23:28,452 - INFO - CV Results - MSE: 2.5538 ± 0.4286
2025-12-14 16:23:28,453 - INFO - Starting hyperparameter optimization...
2025-12-14 16:28:45,428 - INFO - Best parameters for CNN: {'filters': 64, 'kernel_size': 3, 'dense_units': 35, 'lr': 0.0245458199668846, 'epochs': 79}
2025-12-14 16:28:45,429 - INFO - ⏱️ HPO took 316.98 seconds
2025-12-14 16:28:45,429 - INFO - Training final model...
2025-12-14 16:28:47,240 - INFO - ⏱️ Training took 1.81 seconds
2025-12-14 16:28:47,240 - INFO - Performing residual analysis...
2025-12-14 16:28:48,308 - INFO - Generating XAI explanations...
2025-12-14 16:28:48,343 - WARNING - Using 168 background data samples could cause slower run times. Consider using shap.sample(data, K) or shap.kmeans(data, K) to summarize the background as K samples.
2025-12-14 16:28:48,388 - INFO - num_full_subsets = 2
2025-12-14 16:28:48,479 - INFO - phi = [0.04195229 0.82852623 0.32024472 0.62890808]
2025-12-14 16:28:48,523 - INFO - num_full_subsets = 2
2025-12-14 16:28:48,608 - INFO - phi = [ 0.63705267  0.59008279  0.2003153  -0.03157175]
2025-12-14 16:28:48,652 - INFO - num_full_subsets = 2
2025-12-14 16:28:48,735 - INFO - phi = [-0.13852642  0.61739024  0.24444324  0.52921372]
2025-12-14 16:28:48,779 - INFO - num_full_subsets = 2
2025-12-14 16:28:48,865 - INFO - phi = [-0.3046882  -0.93161663 -0.01894575 -0.42183246]
2025-12-14 16:28:48,913 - INFO - num_full_subsets = 2
2025-12-14 16:28:48,996 - INFO - phi = [-0.25316315 -0.8356957  -0.15597912  0.04160136]
2025-12-14 16:28:49,040 - INFO - num_full_subsets = 2
2025-12-14 16:28:49,123 - INFO - phi = [-0.17034381  0.58731071 -0.49731762  0.31246596]
2025-12-14 16:28:49,167 - INFO - num_full_subsets = 2
2025-12-14 16:28:49,255 - INFO - phi = [ 0.43164482  0.51492935  0.08989853 -0.16289084]
2025-12-14 16:28:49,299 - INFO - num_full_subsets = 2
2025-12-14 16:28:49,387 - INFO - phi = [-0.20665413 -0.80084266  0.0680918  -0.51536345]
2025-12-14 16:28:49,431 - INFO - num_full_subsets = 2
2025-12-14 16:28:49,523 - INFO - phi = [-0.11995868  0.73263799 -0.09201096  0.37048091]
2025-12-14 16:28:49,569 - INFO - num_full_subsets = 2
2025-12-14 16:28:49,653 - INFO - phi = [-0.26557623 -0.97448108 -0.03548675 -0.41010084]
2025-12-14 16:28:49,699 - INFO - num_full_subsets = 2
2025-12-14 16:28:49,786 - INFO - phi = [-0.14270734  0.46637909  0.02340764 -0.29847779]
2025-12-14 16:28:49,831 - INFO - num_full_subsets = 2
2025-12-14 16:28:49,917 - INFO - phi = [-0.13467323  0.92487038 -0.2765607   0.40291583]
2025-12-14 16:28:49,962 - INFO - num_full_subsets = 2
2025-12-14 16:28:50,048 - INFO - phi = [ 0.19450298  0.14178207  0.20577267 -0.56190085]
2025-12-14 16:28:50,092 - INFO - num_full_subsets = 2
2025-12-14 16:28:50,186 - INFO - phi = [-0.31887512 -0.97092345  0.00781924 -0.33278538]
2025-12-14 16:28:50,231 - INFO - num_full_subsets = 2
2025-12-14 16:28:50,320 - INFO - phi = [-0.27406377 -1.11375936 -0.26669663  0.163207  ]
2025-12-14 16:28:50,366 - INFO - num_full_subsets = 2
2025-12-14 16:28:50,454 - INFO - phi = [0.90419239 0.64127813 0.1686137  0.0819427 ]
2025-12-14 16:28:50,498 - INFO - num_full_subsets = 2
2025-12-14 16:28:50,583 - INFO - phi = [0.68441925 0.68026394 0.38746424 0.41912412]
2025-12-14 16:28:50,627 - INFO - num_full_subsets = 2
2025-12-14 16:28:50,715 - INFO - phi = [-0.29368025 -1.22707471  0.12273284  0.39524166]
2025-12-14 16:28:50,764 - INFO - num_full_subsets = 2
2025-12-14 16:28:50,852 - INFO - phi = [-0.12394521  0.77877972 -0.05417238 -0.59672562]
2025-12-14 16:28:50,896 - INFO - num_full_subsets = 2
2025-12-14 16:28:50,979 - INFO - phi = [0.1620902  0.73734821 0.57487894 0.69504828]
2025-12-14 16:28:51,023 - INFO - num_full_subsets = 2
2025-12-14 16:28:51,111 - INFO - phi = [-0.26677778 -1.00827012 -0.10384118 -0.14123108]
2025-12-14 16:28:51,155 - INFO - num_full_subsets = 2
2025-12-14 16:28:51,239 - INFO - phi = [-0.0887816   0.93589536  0.16411698  0.43053097]
2025-12-14 16:28:51,283 - INFO - num_full_subsets = 2
2025-12-14 16:28:51,372 - INFO - phi = [ 0.32359124  0.15168375 -0.08026488 -0.39312185]
2025-12-14 16:28:51,422 - INFO - num_full_subsets = 2
2025-12-14 16:28:51,512 - INFO - phi = [-0.01911714  0.84306578 -0.35670403  0.06417321]
2025-12-14 16:28:51,557 - INFO - num_full_subsets = 2
2025-12-14 16:28:51,640 - INFO - phi = [-0.17847489  0.43555231  0.01659178  0.16790797]
2025-12-14 16:28:51,684 - INFO - num_full_subsets = 2
2025-12-14 16:28:51,768 - INFO - phi = [ 0.21192387  0.72614996 -0.27792385 -0.14886566]
2025-12-14 16:28:51,811 - INFO - num_full_subsets = 2
2025-12-14 16:28:51,899 - INFO - phi = [-0.18149027 -1.04466875  0.26452097 -0.33051248]
2025-12-14 16:28:51,943 - INFO - num_full_subsets = 2
2025-12-14 16:28:52,036 - INFO - phi = [-5.12567234e-02  6.82567909e-01 -5.24328046e-04  3.24664846e-01]
2025-12-14 16:28:52,081 - INFO - num_full_subsets = 2
2025-12-14 16:28:52,168 - INFO - phi = [-0.28264954 -1.28766276  0.02991168  0.0971466 ]
2025-12-14 16:28:52,212 - INFO - num_full_subsets = 2
2025-12-14 16:28:52,295 - INFO - phi = [-0.17793515 -0.91771658  0.32249884 -0.37246581]
2025-12-14 16:28:52,339 - INFO - num_full_subsets = 2
2025-12-14 16:28:52,425 - INFO - phi = [-0.25977118 -0.9889275  -0.11314942 -0.15940861]
2025-12-14 16:28:52,469 - INFO - num_full_subsets = 2
2025-12-14 16:28:52,551 - INFO - phi = [-0.26376113 -0.64574129 -0.13843792 -0.45096988]
2025-12-14 16:28:52,595 - INFO - num_full_subsets = 2
2025-12-14 16:28:52,682 - INFO - phi = [-0.30669705 -0.39262561  0.11521384 -0.52633884]
2025-12-14 16:28:52,727 - INFO - num_full_subsets = 2
2025-12-14 16:28:52,810 - INFO - phi = [-0.31549849 -1.27849123  0.14600101  0.14234751]
2025-12-14 16:28:52,854 - INFO - num_full_subsets = 2
2025-12-14 16:28:52,936 - INFO - phi = [0.89961166 0.7131496  0.49553415 0.35008598]
2025-12-14 16:28:52,981 - INFO - num_full_subsets = 2
2025-12-14 16:28:53,067 - INFO - phi = [-0.27291787 -0.96636955 -0.03997901 -0.20099229]
2025-12-14 16:28:53,112 - INFO - num_full_subsets = 2
2025-12-14 16:28:53,201 - INFO - phi = [-0.24512746 -1.12852994  0.0409091  -0.14949979]
2025-12-14 16:28:53,245 - INFO - num_full_subsets = 2
2025-12-14 16:28:53,336 - INFO - phi = [-0.28695475 -1.10951569  0.042324   -0.33160871]
2025-12-14 16:28:53,381 - INFO - num_full_subsets = 2
2025-12-14 16:28:53,464 - INFO - phi = [-0.19622264 -1.15416075  0.10158418 -0.38003888]
2025-12-14 16:28:53,508 - INFO - num_full_subsets = 2
2025-12-14 16:28:53,594 - INFO - phi = [-0.23152655 -0.45266841 -0.0080054   0.25853744]
2025-12-14 16:28:53,639 - INFO - num_full_subsets = 2
2025-12-14 16:28:53,722 - INFO - phi = [-0.1707196   0.21433287 -0.29935235  0.10595306]
2025-12-14 16:28:53,766 - INFO - num_full_subsets = 2
2025-12-14 16:28:53,852 - INFO - phi = [-0.2588366  -1.3232586   0.01673661 -0.00677378]
2025-12-14 16:28:53,903 - INFO - num_full_subsets = 2
2025-12-14 16:28:53,991 - INFO - phi = [-0.1784833   0.42605172 -0.59535434  0.19647569]
2025-12-14 16:28:54,036 - INFO - num_full_subsets = 2
2025-12-14 16:28:54,120 - INFO - phi = [-0.18654336  0.51805854 -0.24184006  0.34542971]
2025-12-14 16:28:54,164 - INFO - num_full_subsets = 2
2025-12-14 16:28:54,247 - INFO - phi = [ 0.35108432  0.48256862 -0.16668198 -0.09687282]
2025-12-14 16:28:54,291 - INFO - num_full_subsets = 2
2025-12-14 16:28:54,374 - INFO - phi = [-8.45050173e-04  8.80060740e-01 -5.41897201e-01  3.92442135e-01]
2025-12-14 16:28:54,418 - INFO - num_full_subsets = 2
2025-12-14 16:28:54,504 - INFO - phi = [-0.25802564  0.29593171  0.38398324  0.50257894]
2025-12-14 16:28:54,553 - INFO - num_full_subsets = 2
2025-12-14 16:28:54,642 - INFO - phi = [ 0.05885894  0.18787375  0.03644712 -0.24964888]
2025-12-14 16:28:54,687 - INFO - num_full_subsets = 2
2025-12-14 16:28:54,775 - INFO - phi = [-0.24653259 -0.65866544  0.04338489 -0.36173959]
2025-12-14 16:28:54,819 - INFO - num_full_subsets = 2
2025-12-14 16:28:54,907 - INFO - phi = [0.19539904 1.09743908 0.53680179 0.63701317]
2025-12-14 16:28:54,952 - INFO - num_full_subsets = 2
2025-12-14 16:28:55,040 - INFO - phi = [-0.18316416 -0.94042556  0.168713   -0.15230152]
2025-12-14 16:28:55,085 - INFO - num_full_subsets = 2
2025-12-14 16:28:55,174 - INFO - phi = [-0.11942641  0.98587796 -0.31129551  0.37367313]
2025-12-14 16:28:55,219 - INFO - num_full_subsets = 2
2025-12-14 16:28:55,306 - INFO - phi = [0.54776392 0.61067434 0.23905582 0.19922492]
2025-12-14 16:28:55,350 - INFO - num_full_subsets = 2
2025-12-14 16:28:55,438 - INFO - phi = [ 0.97393224 -0.19626993 -0.05329494 -0.07937743]
2025-12-14 16:28:55,482 - INFO - num_full_subsets = 2
2025-12-14 16:28:55,572 - INFO - phi = [-0.28331029 -0.87871416 -0.05745071 -0.4569868 ]
2025-12-14 16:28:55,616 - INFO - num_full_subsets = 2
2025-12-14 16:28:55,705 - INFO - phi = [-0.27932471 -0.91468365 -0.05289534 -0.43546722]
2025-12-14 16:28:55,749 - INFO - num_full_subsets = 2
2025-12-14 16:28:55,840 - INFO - phi = [ 0.4205788   0.25971787 -0.09655539 -0.80977093]
2025-12-14 16:28:55,884 - INFO - num_full_subsets = 2
2025-12-14 16:28:55,970 - INFO - phi = [-0.09931549 -0.00496389 -0.21318186 -0.242775  ]
2025-12-14 16:28:56,014 - INFO - num_full_subsets = 2
2025-12-14 16:28:56,099 - INFO - phi = [-0.10034109  0.30361094 -0.09907372  0.25525228]
2025-12-14 16:28:56,143 - INFO - num_full_subsets = 2
2025-12-14 16:28:56,229 - INFO - phi = [-0.15910878  0.46802415  0.08702771  0.37089974]
2025-12-14 16:28:56,273 - INFO - num_full_subsets = 2
2025-12-14 16:28:56,360 - INFO - phi = [-0.10271201  0.34809248  0.02640961  0.22226255]
2025-12-14 16:28:56,404 - INFO - num_full_subsets = 2
2025-12-14 16:28:56,496 - INFO - phi = [-0.1934029  -0.14875959 -0.44018565  0.20564958]
2025-12-14 16:28:56,542 - INFO - num_full_subsets = 2
2025-12-14 16:28:56,628 - INFO - phi = [-0.02989358  1.1496626   0.35198083  0.71425739]
2025-12-14 16:28:56,674 - INFO - num_full_subsets = 2
2025-12-14 16:28:56,757 - INFO - phi = [0.07700196 1.13622332 0.32583903 0.68580039]
2025-12-14 16:28:56,801 - INFO - num_full_subsets = 2
2025-12-14 16:28:56,888 - INFO - phi = [-0.25363028 -0.86648157  0.02118972 -0.3377811 ]
2025-12-14 16:28:56,932 - INFO - num_full_subsets = 2
2025-12-14 16:28:57,019 - INFO - phi = [-0.1748354  -1.05148985  0.21314111 -0.39139695]
2025-12-14 16:28:57,068 - INFO - num_full_subsets = 2
2025-12-14 16:28:57,156 - INFO - phi = [ 0.32829924  0.39379383  0.01398588 -0.49759316]
2025-12-14 16:28:57,201 - INFO - num_full_subsets = 2
2025-12-14 16:28:57,288 - INFO - phi = [0.37151436 0.75154662 0.2116503  0.52354766]
2025-12-14 16:28:57,331 - INFO - num_full_subsets = 2
2025-12-14 16:28:57,413 - INFO - phi = [-0.01474759  0.17344249 -0.56183827  0.18517131]
2025-12-14 16:28:57,456 - INFO - num_full_subsets = 2
2025-12-14 16:28:57,541 - INFO - phi = [0.0679244  0.65444662 0.03546076 0.48107529]
2025-12-14 16:28:57,584 - INFO - num_full_subsets = 2
2025-12-14 16:28:57,671 - INFO - phi = [-0.2607057  -1.05105436  0.04116543 -0.09617566]
2025-12-14 16:28:57,719 - INFO - num_full_subsets = 2
2025-12-14 16:28:57,805 - INFO - phi = [-0.26067126 -0.68578544 -0.3088384   0.18196134]
2025-12-14 16:28:57,849 - INFO - num_full_subsets = 2
2025-12-14 16:28:57,934 - INFO - phi = [-0.14167663  0.56000853 -0.37562083  0.2865104 ]
2025-12-14 16:28:57,978 - INFO - num_full_subsets = 2
2025-12-14 16:28:58,060 - INFO - phi = [-0.30629729 -0.99514238 -0.02788314 -0.26589254]
2025-12-14 16:28:58,103 - INFO - num_full_subsets = 2
2025-12-14 16:28:58,184 - INFO - phi = [-0.14047566  0.32072122 -0.57913061  0.28883506]
2025-12-14 16:28:58,228 - INFO - num_full_subsets = 2
2025-12-14 16:28:58,318 - INFO - phi = [-0.15939332  0.56028837 -0.59652712  0.30042703]
2025-12-14 16:28:58,363 - INFO - num_full_subsets = 2
2025-12-14 16:28:58,451 - INFO - phi = [-0.27814561 -1.25751625 -0.09853241  0.17790114]
2025-12-14 16:28:58,494 - INFO - num_full_subsets = 2
2025-12-14 16:28:58,578 - INFO - phi = [-0.08376226 -0.30816514  0.34927704  0.36148726]
2025-12-14 16:28:58,621 - INFO - num_full_subsets = 2
2025-12-14 16:28:58,707 - INFO - phi = [-0.25142939 -0.52070533 -0.06462684 -0.26547403]
2025-12-14 16:28:58,750 - INFO - num_full_subsets = 2
2025-12-14 16:28:58,834 - INFO - phi = [ 0.25916166  0.36603489 -0.05473866 -0.53196857]
2025-12-14 16:28:58,878 - INFO - num_full_subsets = 2
2025-12-14 16:28:58,971 - INFO - phi = [0.65371787 0.5017142  0.3375187  0.24163759]
2025-12-14 16:28:59,016 - INFO - num_full_subsets = 2
2025-12-14 16:28:59,102 - INFO - phi = [-0.19904596 -1.15429174  0.1423694  -0.07866595]
2025-12-14 16:28:59,146 - INFO - num_full_subsets = 2
2025-12-14 16:28:59,232 - INFO - phi = [-0.27502755 -0.66715407 -0.08407183 -0.20482591]
2025-12-14 16:28:59,275 - INFO - num_full_subsets = 2
2025-12-14 16:28:59,360 - INFO - phi = [0.215503   0.67672801 0.55183169 0.29844163]
2025-12-14 16:28:59,404 - INFO - num_full_subsets = 2
2025-12-14 16:28:59,490 - INFO - phi = [-0.22386022 -1.04290936 -0.00598694 -0.38962766]
2025-12-14 16:28:59,534 - INFO - num_full_subsets = 2
2025-12-14 16:28:59,625 - INFO - phi = [0.02017209 0.48430161 0.18487652 0.53902113]
2025-12-14 16:28:59,672 - INFO - num_full_subsets = 2
2025-12-14 16:28:59,756 - INFO - phi = [-0.15369826 -0.48896798 -0.13322011  0.00283959]
2025-12-14 16:28:59,800 - INFO - num_full_subsets = 2
2025-12-14 16:28:59,880 - INFO - phi = [0.06637846 1.11826872 0.50490621 0.52411136]
2025-12-14 16:28:59,924 - INFO - num_full_subsets = 2
2025-12-14 16:29:00,008 - INFO - phi = [ 0.04857552  0.44140966 -0.04415922 -0.39857023]
2025-12-14 16:29:00,052 - INFO - num_full_subsets = 2
2025-12-14 16:29:00,138 - INFO - phi = [-0.30626784 -1.11698348  0.08700888  0.24746512]
2025-12-14 16:29:00,187 - INFO - num_full_subsets = 2
2025-12-14 16:29:00,275 - INFO - phi = [ 0.51252233  0.10543909  0.12579822 -0.60026721]
2025-12-14 16:29:00,319 - INFO - num_full_subsets = 2
2025-12-14 16:29:00,403 - INFO - phi = [-0.27180967 -1.05480543 -0.08822387  0.1788992 ]
2025-12-14 16:29:00,447 - INFO - num_full_subsets = 2
2025-12-14 16:29:00,528 - INFO - phi = [-0.1402333   0.59164567 -0.55653789 -0.06743639]
2025-12-14 16:29:00,571 - INFO - num_full_subsets = 2
2025-12-14 16:29:00,656 - INFO - phi = [0.43678406 0.90140473 0.16112525 0.34573746]
2025-12-14 16:29:00,700 - INFO - num_full_subsets = 2
2025-12-14 16:29:00,787 - INFO - phi = [-0.13112522  0.45406966  0.11132271 -0.38944996]
2025-12-14 16:29:00,836 - INFO - num_full_subsets = 2
2025-12-14 16:29:00,924 - INFO - phi = [-0.13125023  0.45652456 -0.6025103   0.06755301]
2025-12-14 16:29:00,969 - INFO - num_full_subsets = 2
2025-12-14 16:29:01,055 - INFO - phi = [ 0.24974944 -0.10101814  0.09146343 -0.270647  ]
2025-12-14 16:29:01,099 - INFO - num_full_subsets = 2
2025-12-14 16:29:01,188 - INFO - phi = [ 0.12122941  0.33612992 -0.3126261   0.20717949]
2025-12-14 16:29:01,231 - INFO - num_full_subsets = 2
2025-12-14 16:29:01,319 - INFO - phi = [0.38548085 0.6166485  0.50339312 0.3274374 ]
2025-12-14 16:29:01,363 - INFO - num_full_subsets = 2
2025-12-14 16:29:01,459 - INFO - phi = [ 0.97926637 -0.08899559 -0.02147129 -0.52480394]
2025-12-14 16:29:01,504 - INFO - num_full_subsets = 2
2025-12-14 16:29:01,591 - INFO - phi = [-0.1402333   0.59164567 -0.55653789 -0.06743639]
2025-12-14 16:29:01,634 - INFO - num_full_subsets = 2
2025-12-14 16:29:01,718 - INFO - phi = [-0.12347357 -0.70412946  0.31605574 -0.39236814]
2025-12-14 16:29:01,761 - INFO - num_full_subsets = 2
2025-12-14 16:29:01,847 - INFO - phi = [-0.27187687 -0.92449369 -0.10170559 -0.13568595]
2025-12-14 16:29:01,891 - INFO - num_full_subsets = 2
2025-12-14 16:29:01,978 - INFO - phi = [-0.14473825  1.11204607  0.22368301  0.27031023]
2025-12-14 16:29:02,022 - INFO - num_full_subsets = 2
2025-12-14 16:29:02,111 - INFO - phi = [0.7816327  0.39409588 0.09536827 0.23470409]
2025-12-14 16:29:02,156 - INFO - num_full_subsets = 2
2025-12-14 16:29:02,241 - INFO - phi = [ 0.4397267  -0.10555511 -0.16108132 -0.35513337]
2025-12-14 16:29:02,286 - INFO - num_full_subsets = 2
2025-12-14 16:29:02,376 - INFO - phi = [ 0.51404092 -0.32399369  0.08701097  0.37241378]
2025-12-14 16:29:02,420 - INFO - num_full_subsets = 2
2025-12-14 16:29:02,504 - INFO - phi = [ 0.19153193 -0.02664793  0.05735607 -0.48449028]
2025-12-14 16:29:02,548 - INFO - num_full_subsets = 2
2025-12-14 16:29:02,635 - INFO - phi = [0.06845779 0.515514   0.22789075 0.28965058]
2025-12-14 16:29:02,678 - INFO - num_full_subsets = 2
2025-12-14 16:29:02,766 - INFO - phi = [-0.26194952 -0.8542692  -0.13267962 -0.06568237]
2025-12-14 16:29:02,809 - INFO - num_full_subsets = 2
2025-12-14 16:29:02,897 - INFO - phi = [-0.21609045  0.40992824 -0.43462592  0.03429259]
2025-12-14 16:29:02,942 - INFO - num_full_subsets = 2
2025-12-14 16:29:03,028 - INFO - phi = [-0.0857427   0.40637335  0.08610625 -0.65687044]
2025-12-14 16:29:03,072 - INFO - num_full_subsets = 2
2025-12-14 16:29:03,158 - INFO - phi = [-0.2625066  -0.96431766 -0.0882504  -0.22368173]
2025-12-14 16:29:03,202 - INFO - num_full_subsets = 2
2025-12-14 16:29:03,285 - INFO - phi = [-0.01456336  0.8452706  -0.50331511  0.36564154]
2025-12-14 16:29:03,334 - INFO - num_full_subsets = 2
2025-12-14 16:29:03,423 - INFO - phi = [-0.19016883 -1.48677309  0.09174474  0.23254318]
2025-12-14 16:29:03,468 - INFO - num_full_subsets = 2
2025-12-14 16:29:03,558 - INFO - phi = [-0.02501731  0.7293312   0.53795135  0.56099149]
2025-12-14 16:29:03,603 - INFO - num_full_subsets = 2
2025-12-14 16:29:03,690 - INFO - phi = [0.04731499 0.68090353 0.26024746 0.45722439]
2025-12-14 16:29:03,735 - INFO - num_full_subsets = 2
2025-12-14 16:29:03,823 - INFO - phi = [0.0598157  0.74522616 0.5349323  0.00157116]
2025-12-14 16:29:03,866 - INFO - num_full_subsets = 2
2025-12-14 16:29:03,952 - INFO - phi = [ 0.82787218  0.20715792  0.22046808 -0.24128559]
2025-12-14 16:29:04,001 - INFO - num_full_subsets = 2
2025-12-14 16:29:04,089 - INFO - phi = [ 0.04940974  0.72865629 -0.55376639  0.37687874]
2025-12-14 16:29:04,133 - INFO - num_full_subsets = 2
2025-12-14 16:29:04,220 - INFO - phi = [0.03786303 1.09001316 0.45328724 0.62772722]
2025-12-14 16:29:04,265 - INFO - num_full_subsets = 2
2025-12-14 16:29:04,350 - INFO - phi = [0.50355258 0.70590032 0.10508373 0.47758214]
2025-12-14 16:29:04,393 - INFO - num_full_subsets = 2
2025-12-14 16:29:04,479 - INFO - phi = [-0.26013376 -0.8001474  -0.085652   -0.247082  ]
2025-12-14 16:29:04,528 - INFO - num_full_subsets = 2
2025-12-14 16:29:04,618 - INFO - phi = [ 0.02917435  0.35796848 -0.03548926 -0.7062607 ]
2025-12-14 16:29:04,664 - INFO - num_full_subsets = 2
2025-12-14 16:29:04,749 - INFO - phi = [-0.27092696 -1.24263892 -0.00663134 -0.11782952]
2025-12-14 16:29:04,794 - INFO - num_full_subsets = 2
2025-12-14 16:29:04,880 - INFO - phi = [-0.2763689  -1.08382819 -0.21345043  0.17459154]
2025-12-14 16:29:04,924 - INFO - num_full_subsets = 2
2025-12-14 16:29:05,010 - INFO - phi = [-0.31484215 -1.39467215  0.11235946  0.23250098]
2025-12-14 16:29:05,054 - INFO - num_full_subsets = 2
2025-12-14 16:29:05,139 - INFO - phi = [-0.00573097  0.60118279 -0.03165583  0.33990672]
2025-12-14 16:29:05,184 - INFO - num_full_subsets = 2
2025-12-14 16:29:05,272 - INFO - phi = [-0.19733047  0.37796208  0.09967396  0.54067067]
2025-12-14 16:29:05,318 - INFO - num_full_subsets = 2
2025-12-14 16:29:05,404 - INFO - phi = [ 0.01983892  0.47873174  0.44031742 -0.54474929]
2025-12-14 16:29:05,448 - INFO - num_full_subsets = 2
2025-12-14 16:29:05,532 - INFO - phi = [0.50820647 0.48393047 0.36228355 0.40104094]
2025-12-14 16:29:05,576 - INFO - num_full_subsets = 2
2025-12-14 16:29:05,661 - INFO - phi = [-0.18780482 -1.16034882  0.1244631  -0.40967654]
2025-12-14 16:29:05,704 - INFO - num_full_subsets = 2
2025-12-14 16:29:05,792 - INFO - phi = [ 0.46846538  0.4711376  -0.60902921  0.32436514]
2025-12-14 16:29:05,837 - INFO - num_full_subsets = 2
2025-12-14 16:29:05,928 - INFO - phi = [0.5125462  0.39248985 0.35115723 0.26583825]
2025-12-14 16:29:05,972 - INFO - num_full_subsets = 2
2025-12-14 16:29:06,052 - INFO - phi = [0.37111303 0.28775272 0.10370388 0.51190568]
2025-12-14 16:29:06,095 - INFO - num_full_subsets = 2
2025-12-14 16:29:06,175 - INFO - phi = [-0.21746102 -0.2644637  -0.23382218 -0.04510808]
2025-12-14 16:29:06,218 - INFO - num_full_subsets = 2
2025-12-14 16:29:06,300 - INFO - phi = [-0.14203836  0.79430387  0.22568088  0.24701567]
2025-12-14 16:29:06,343 - INFO - num_full_subsets = 2
2025-12-14 16:29:06,424 - INFO - phi = [-0.26112267 -1.00171021 -0.09472375 -0.22730466]
2025-12-14 16:29:06,472 - INFO - num_full_subsets = 2
2025-12-14 16:29:06,559 - INFO - phi = [-0.16491794  0.65169624  0.04739292 -0.52231373]
2025-12-14 16:29:06,603 - INFO - num_full_subsets = 2
2025-12-14 16:29:06,685 - INFO - phi = [-0.27620996 -0.82388051 -0.06462098 -0.24471694]
2025-12-14 16:29:06,728 - INFO - num_full_subsets = 2
2025-12-14 16:29:06,814 - INFO - phi = [-0.26121394 -0.80132016 -0.24194119  0.08959314]
2025-12-14 16:29:06,859 - INFO - num_full_subsets = 2
2025-12-14 16:29:06,944 - INFO - phi = [ 0.42422822  0.21836424  0.15730277 -0.67461321]
2025-12-14 16:29:06,988 - INFO - num_full_subsets = 2
2025-12-14 16:29:07,076 - INFO - phi = [-0.31579589 -0.5302326   0.20711016 -0.00732169]
2025-12-14 16:29:07,124 - INFO - num_full_subsets = 2
2025-12-14 16:29:07,210 - INFO - phi = [0.32923248 0.68067701 0.26864472 0.18416735]
2025-12-14 16:29:07,253 - INFO - num_full_subsets = 2
2025-12-14 16:29:07,337 - INFO - phi = [-0.34363116 -0.4888588   0.01993019 -0.5669931 ]
2025-12-14 16:29:07,382 - INFO - num_full_subsets = 2
2025-12-14 16:29:07,469 - INFO - phi = [-0.24191088 -0.52896789 -0.07250926 -0.55858643]
2025-12-14 16:29:07,514 - INFO - num_full_subsets = 2
2025-12-14 16:29:07,603 - INFO - phi = [0.49066149 0.76233446 0.21782458 0.60771   ]
2025-12-14 16:29:07,647 - INFO - num_full_subsets = 2
2025-12-14 16:29:07,738 - INFO - phi = [-0.19505774 -0.10548411 -0.26653479  0.2892329 ]
2025-12-14 16:29:07,782 - INFO - num_full_subsets = 2
2025-12-14 16:29:07,869 - INFO - phi = [-0.28990494 -1.24313881  0.08164366 -0.17603442]
2025-12-14 16:29:07,913 - INFO - num_full_subsets = 2
2025-12-14 16:29:07,998 - INFO - phi = [ 0.3864797   0.0784346  -0.26968041 -0.1699091 ]
2025-12-14 16:29:08,042 - INFO - num_full_subsets = 2
2025-12-14 16:29:08,130 - INFO - phi = [ 0.49314165  0.15454394 -0.17240058 -0.15594957]
2025-12-14 16:29:08,173 - INFO - num_full_subsets = 2
2025-12-14 16:29:08,255 - INFO - phi = [-0.17847489  0.43555231  0.01659178  0.16790797]
2025-12-14 16:29:08,299 - INFO - num_full_subsets = 2
2025-12-14 16:29:08,387 - INFO - phi = [0.47994905 0.22017395 0.05164836 0.34206755]
2025-12-14 16:29:08,431 - INFO - num_full_subsets = 2
2025-12-14 16:29:08,513 - INFO - phi = [-0.28935267 -0.6094022  -0.11735347 -0.55713267]
2025-12-14 16:29:08,557 - INFO - num_full_subsets = 2
2025-12-14 16:29:08,640 - INFO - phi = [-0.23628953 -0.90213348 -0.03639498 -0.43659778]
2025-12-14 16:29:08,684 - INFO - num_full_subsets = 2
2025-12-14 16:29:08,769 - INFO - phi = [-0.10043912  0.5102044   0.18126728  0.40458481]
2025-12-14 16:29:08,813 - INFO - num_full_subsets = 2
2025-12-14 16:29:08,898 - INFO - phi = [-0.167136   -0.96744417  0.29726018 -0.39997328]
2025-12-14 16:29:08,943 - INFO - num_full_subsets = 2
2025-12-14 16:29:09,035 - INFO - phi = [-0.26472754 -0.75804961 -0.11216985 -0.34285554]
2025-12-14 16:29:09,079 - INFO - num_full_subsets = 2
2025-12-14 16:29:09,163 - INFO - phi = [ 0.24189102  0.43344309  0.01798152 -0.3869771 ]
2025-12-14 16:29:09,206 - INFO - num_full_subsets = 2
2025-12-14 16:29:09,290 - INFO - phi = [ 0.31364371  0.36851303 -0.12534254 -0.54371336]
2025-12-14 16:29:09,333 - INFO - num_full_subsets = 2
2025-12-14 16:29:09,416 - INFO - phi = [0.49683642 0.58539993 0.40777369 0.06687447]
2025-12-14 16:29:09,460 - INFO - num_full_subsets = 2
2025-12-14 16:29:09,540 - INFO - phi = [ 0.00367641  0.51733962 -0.81860242  0.26664058]
2025-12-14 16:29:09,588 - INFO - num_full_subsets = 2
2025-12-14 16:29:09,677 - INFO - phi = [-0.14683396  0.32208052 -0.67301382  0.2436476 ]
2025-12-14 16:29:09,721 - INFO - num_full_subsets = 2
2025-12-14 16:29:09,812 - INFO - phi = [-0.00218486  0.89285106  0.1990909   0.03600081]
2025-12-14 16:29:09,855 - INFO - num_full_subsets = 2
2025-12-14 16:29:09,940 - INFO - phi = [-0.1147145   3.84233176  0.05757095 -0.15375642]
2025-12-14 16:29:09,984 - INFO - num_full_subsets = 2
2025-12-14 16:29:10,070 - INFO - phi = [ 0.21416193  0.40076292  0.05596383 -0.68438867]
2025-12-14 16:29:10,114 - INFO - num_full_subsets = 2
2025-12-14 16:29:10,199 - INFO - phi = [-0.1709972  -0.89605043  0.235453   -0.4459611 ]
2025-12-14 16:29:10,247 - INFO - num_full_subsets = 2
2025-12-14 16:29:10,331 - INFO - phi = [-0.1265409   0.69926436 -0.67944611  0.17994193]
2025-12-14 16:29:10,847 - INFO - Computing feature importance...
2025-12-14 16:29:19,579 - INFO - Experiment completed for CNN
2025-12-14 16:29:19,580 - INFO - Total time: 379.23s (6.32 min)
2025-12-14 16:29:19,580 - INFO - Starting comprehensive experiment for CNN
2025-12-14 16:29:29,604 - INFO - Performing feature analysis...
2025-12-14 16:29:30,768 - INFO - Model justification: Fast 1D Convolutional Neural Network - perfect for tabular features with local patterns
2025-12-14 16:29:30,768 - INFO - Performing robust cross-validation...
2025-12-14 16:29:47,771 - INFO - CV Results - MSE: 2.1088 ± 0.3307
2025-12-14 16:29:47,771 - INFO - Starting hyperparameter optimization...
2025-12-14 16:37:28,575 - INFO - Best parameters for CNN: {'filters': 61, 'kernel_size': 3, 'dense_units': 49, 'lr': 0.0030266144428335072, 'epochs': 98}
2025-12-14 16:37:28,575 - INFO - ⏱️ HPO took 460.80 seconds
2025-12-14 16:37:28,575 - INFO - Training final model...
2025-12-14 16:37:32,148 - INFO - ⏱️ Training took 3.57 seconds
2025-12-14 16:37:32,148 - INFO - Performing residual analysis...
2025-12-14 16:37:33,256 - INFO - Generating XAI explanations...
2025-12-14 16:37:33,292 - WARNING - Using 168 background data samples could cause slower run times. Consider using shap.sample(data, K) or shap.kmeans(data, K) to summarize the background as K samples.
2025-12-14 16:37:33,342 - INFO - num_full_subsets = 2
2025-12-14 16:37:33,459 - INFO - phi = [-0.15921656  0.58727109  0.13160126 -0.53486578]
2025-12-14 16:37:33,512 - INFO - num_full_subsets = 2
2025-12-14 16:37:33,607 - INFO - phi = [0.38271449 0.45165341 0.08584048 0.48930601]
2025-12-14 16:37:33,653 - INFO - num_full_subsets = 2
2025-12-14 16:37:33,752 - INFO - phi = [0.04886044 0.71252048 0.42240314 0.19212856]
2025-12-14 16:37:33,800 - INFO - num_full_subsets = 2
2025-12-14 16:37:33,893 - INFO - phi = [-0.20690329 -0.92999559 -0.0329744  -0.7378881 ]
2025-12-14 16:37:33,940 - INFO - num_full_subsets = 2
2025-12-14 16:37:34,036 - INFO - phi = [ 0.53815873  0.64645924 -0.32336077  0.43977722]
2025-12-14 16:37:34,091 - INFO - num_full_subsets = 2
2025-12-14 16:37:34,188 - INFO - phi = [-0.19163741 -0.81625356 -0.1405317  -0.39053591]
2025-12-14 16:37:34,241 - INFO - num_full_subsets = 2
2025-12-14 16:37:34,334 - INFO - phi = [-0.10584923  0.63078042  0.75669109  0.69700678]
2025-12-14 16:37:34,380 - INFO - num_full_subsets = 2
2025-12-14 16:37:34,469 - INFO - phi = [-0.23467329  0.4050042  -0.41160521  0.5023953 ]
2025-12-14 16:37:34,516 - INFO - num_full_subsets = 2
2025-12-14 16:37:34,607 - INFO - phi = [-0.10930377 -0.74017655  0.60000302 -0.7003944 ]
2025-12-14 16:37:34,659 - INFO - num_full_subsets = 2
2025-12-14 16:37:34,750 - INFO - phi = [ 0.32880874  0.11209156 -0.3814717   0.59879451]
2025-12-14 16:37:34,797 - INFO - num_full_subsets = 2
2025-12-14 16:37:34,887 - INFO - phi = [-0.1665411   0.55979465 -0.41506229  0.48434575]
2025-12-14 16:37:34,936 - INFO - num_full_subsets = 2
2025-12-14 16:37:35,027 - INFO - phi = [-0.2024911  -0.89495309 -0.12649914 -0.30046315]
2025-12-14 16:37:35,078 - INFO - num_full_subsets = 2
2025-12-14 16:37:35,171 - INFO - phi = [-0.12372571  0.39754629 -0.45564291  0.14189195]
2025-12-14 16:37:35,218 - INFO - num_full_subsets = 2
2025-12-14 16:37:35,310 - INFO - phi = [0.07558936 0.80350448 0.68428955 0.57179228]
2025-12-14 16:37:35,364 - INFO - num_full_subsets = 2
2025-12-14 16:37:35,457 - INFO - phi = [ 0.01452191  0.17794637 -0.17910493  0.28778931]
2025-12-14 16:37:35,503 - INFO - num_full_subsets = 2
2025-12-14 16:37:35,597 - INFO - phi = [-0.18099768 -0.35615477 -0.19775123  0.10437543]
2025-12-14 16:37:35,645 - INFO - num_full_subsets = 2
2025-12-14 16:37:35,739 - INFO - phi = [ 0.64275786  0.44064947  0.06609067 -1.01393133]
2025-12-14 16:37:35,785 - INFO - num_full_subsets = 2
2025-12-14 16:37:35,877 - INFO - phi = [-0.10854488  0.65151364  0.73283203  0.60466802]
2025-12-14 16:37:35,923 - INFO - num_full_subsets = 2
2025-12-14 16:37:36,012 - INFO - phi = [-0.04308365  0.74618014 -0.10629863 -0.1388783 ]
2025-12-14 16:37:36,066 - INFO - num_full_subsets = 2
2025-12-14 16:37:36,163 - INFO - phi = [-0.2037698  -0.46569755 -0.18899431 -0.36332107]
2025-12-14 16:37:36,212 - INFO - num_full_subsets = 2
2025-12-14 16:37:36,305 - INFO - phi = [ 0.88832314  0.58537779 -0.05032441 -0.6213677 ]
2025-12-14 16:37:36,353 - INFO - num_full_subsets = 2
2025-12-14 16:37:36,447 - INFO - phi = [-0.10472724  0.68533861  0.31136756  0.53872562]
2025-12-14 16:37:36,494 - INFO - num_full_subsets = 2
2025-12-14 16:37:36,588 - INFO - phi = [-0.17783788  0.0239564  -0.22684513 -0.62153769]
2025-12-14 16:37:36,634 - INFO - num_full_subsets = 2
2025-12-14 16:37:36,730 - INFO - phi = [-0.10793883  0.68194724 -0.36817922  0.35856716]
2025-12-14 16:37:36,782 - INFO - num_full_subsets = 2
2025-12-14 16:37:36,878 - INFO - phi = [0.32338218 0.76737358 0.61216805 0.43945352]
2025-12-14 16:37:36,925 - INFO - num_full_subsets = 2
2025-12-14 16:37:37,019 - INFO - phi = [ 0.41665543  0.15016682 -0.28019342  0.47766813]
2025-12-14 16:37:37,065 - INFO - num_full_subsets = 2
2025-12-14 16:37:37,156 - INFO - phi = [-0.17650825 -0.79103429 -0.12737799 -0.3263084 ]
2025-12-14 16:37:37,203 - INFO - num_full_subsets = 2
2025-12-14 16:37:37,296 - INFO - phi = [0.39663141 0.79057037 0.3129535  0.72589363]
2025-12-14 16:37:37,344 - INFO - num_full_subsets = 2
2025-12-14 16:37:37,442 - INFO - phi = [0.65231178 0.53184264 0.10449384 0.46658355]
2025-12-14 16:37:37,491 - INFO - num_full_subsets = 2
2025-12-14 16:37:37,583 - INFO - phi = [0.19492206 0.06542246 0.44486649 0.40734064]
2025-12-14 16:37:37,630 - INFO - num_full_subsets = 2
2025-12-14 16:37:37,718 - INFO - phi = [-0.13688611  0.21065275 -0.31092949  0.37625073]
2025-12-14 16:37:37,765 - INFO - num_full_subsets = 2
2025-12-14 16:37:37,855 - INFO - phi = [-0.22718713 -1.05693882 -0.13130777  0.2239844 ]
2025-12-14 16:37:37,902 - INFO - num_full_subsets = 2
2025-12-14 16:37:37,993 - INFO - phi = [ 0.48432391  0.40554482 -0.09402772 -0.35998257]
2025-12-14 16:37:38,045 - INFO - num_full_subsets = 2
2025-12-14 16:37:38,143 - INFO - phi = [-0.11110623  0.48124516 -0.27478945  0.54555515]
2025-12-14 16:37:38,196 - INFO - num_full_subsets = 2
2025-12-14 16:37:38,291 - INFO - phi = [-0.21059818 -0.78309635 -0.11767458 -0.60575743]
2025-12-14 16:37:38,340 - INFO - num_full_subsets = 2
2025-12-14 16:37:38,433 - INFO - phi = [-0.12293208  0.46724192 -0.39032404  0.52505502]
2025-12-14 16:37:38,481 - INFO - num_full_subsets = 2
2025-12-14 16:37:38,578 - INFO - phi = [ 0.22724904  0.7229979  -0.36310398  0.43424863]
2025-12-14 16:37:38,628 - INFO - num_full_subsets = 2
2025-12-14 16:37:38,721 - INFO - phi = [-0.10506951 -0.00979853 -0.23485853  0.26114855]
2025-12-14 16:37:38,773 - INFO - num_full_subsets = 2
2025-12-14 16:37:38,867 - INFO - phi = [-0.20590485 -0.85205957  0.03046359 -0.60044726]
2025-12-14 16:37:38,915 - INFO - num_full_subsets = 2
2025-12-14 16:37:39,007 - INFO - phi = [-0.2284728  -0.75853555  0.09504022  0.58133968]
2025-12-14 16:37:39,053 - INFO - num_full_subsets = 2
2025-12-14 16:37:39,147 - INFO - phi = [-0.17785009 -0.8678997   0.08329799 -0.76284677]
2025-12-14 16:37:39,195 - INFO - num_full_subsets = 2
2025-12-14 16:37:39,295 - INFO - phi = [-0.13057134 -0.3635908   0.25835257 -0.02879575]
2025-12-14 16:37:39,343 - INFO - num_full_subsets = 2
2025-12-14 16:37:39,434 - INFO - phi = [-0.05303395  0.72723848 -0.33250534  0.14091719]
2025-12-14 16:37:39,489 - INFO - num_full_subsets = 2
2025-12-14 16:37:39,588 - INFO - phi = [ 0.48432391  0.40554482 -0.09402772 -0.35998257]
2025-12-14 16:37:39,636 - INFO - num_full_subsets = 2
2025-12-14 16:37:39,732 - INFO - phi = [-0.10331167 -0.12197433  0.26063429 -0.76466791]
2025-12-14 16:37:39,779 - INFO - num_full_subsets = 2
2025-12-14 16:37:39,871 - INFO - phi = [-0.19963816 -0.84203874  0.01358815 -0.74638353]
2025-12-14 16:37:39,919 - INFO - num_full_subsets = 2
2025-12-14 16:37:40,019 - INFO - phi = [ 0.45859251  0.04754515 -0.16631796 -0.62840325]
2025-12-14 16:37:40,067 - INFO - num_full_subsets = 2
2025-12-14 16:37:40,168 - INFO - phi = [-0.17914546 -0.90150156 -0.12189738 -0.35688683]
2025-12-14 16:37:40,215 - INFO - num_full_subsets = 2
2025-12-14 16:37:40,307 - INFO - phi = [ 0.38100342 -0.01494654 -0.32969032 -0.28777041]
2025-12-14 16:37:40,353 - INFO - num_full_subsets = 2
2025-12-14 16:37:40,444 - INFO - phi = [-0.11735797 -0.34190695  0.25063244 -0.40123442]
2025-12-14 16:37:40,492 - INFO - num_full_subsets = 2
2025-12-14 16:37:40,582 - INFO - phi = [-0.1614029   0.43268412 -0.38564466  0.46549054]
2025-12-14 16:37:40,628 - INFO - num_full_subsets = 2
2025-12-14 16:37:40,718 - INFO - phi = [-0.04500088  0.48711229 -0.32106131  0.57547973]
2025-12-14 16:37:40,765 - INFO - num_full_subsets = 2
2025-12-14 16:37:40,861 - INFO - phi = [-0.2753724   0.50857054 -0.12753015  0.07624749]
2025-12-14 16:37:40,911 - INFO - num_full_subsets = 2
2025-12-14 16:37:41,007 - INFO - phi = [ 0.05498864  0.44429027 -0.34620703  0.3821723 ]
2025-12-14 16:37:41,054 - INFO - num_full_subsets = 2
2025-12-14 16:37:41,143 - INFO - phi = [-0.26318097 -0.98308708 -0.00212608  0.03629704]
2025-12-14 16:37:41,195 - INFO - num_full_subsets = 2
2025-12-14 16:37:41,283 - INFO - phi = [-0.20731094 -0.88809312  0.01731445 -0.67095032]
2025-12-14 16:37:41,331 - INFO - num_full_subsets = 2
2025-12-14 16:37:41,423 - INFO - phi = [-0.20590485 -0.85205957  0.03046359 -0.60044726]
2025-12-14 16:37:41,471 - INFO - num_full_subsets = 2
2025-12-14 16:37:41,670 - INFO - phi = [ 0.45471872  0.40159545  0.14051787 -0.85738797]
2025-12-14 16:37:41,744 - INFO - num_full_subsets = 2
2025-12-14 16:37:41,836 - INFO - phi = [ 0.29237455  0.17555224 -0.36035522  0.66364406]
2025-12-14 16:37:41,885 - INFO - num_full_subsets = 2
2025-12-14 16:37:41,979 - INFO - phi = [ 0.48276897  0.59375543 -0.15620762  0.42363058]
2025-12-14 16:37:42,027 - INFO - num_full_subsets = 2
2025-12-14 16:37:42,121 - INFO - phi = [-0.22971132 -0.60579611  0.07184914 -0.47432593]
2025-12-14 16:37:42,168 - INFO - num_full_subsets = 2
2025-12-14 16:37:42,272 - INFO - phi = [-0.1681191   0.41074771 -0.39718214  0.51126511]
2025-12-14 16:37:42,327 - INFO - num_full_subsets = 2
2025-12-14 16:37:42,417 - INFO - phi = [-0.17554736 -0.37654049 -0.23337226  0.57713277]
2025-12-14 16:37:42,463 - INFO - num_full_subsets = 2
2025-12-14 16:37:42,554 - INFO - phi = [-0.2118105  -0.67252846  0.04460629 -0.55781414]
2025-12-14 16:37:42,600 - INFO - num_full_subsets = 2
2025-12-14 16:37:42,692 - INFO - phi = [-0.18494639 -0.97878232 -0.16009305 -0.13518399]
2025-12-14 16:37:42,739 - INFO - num_full_subsets = 2
2025-12-14 16:37:42,829 - INFO - phi = [-0.15386377 -0.29363315 -0.31631251  0.65625066]
2025-12-14 16:37:42,878 - INFO - num_full_subsets = 2
2025-12-14 16:37:42,969 - INFO - phi = [ 0.4352758   0.05337071 -0.29588689  0.46971092]
2025-12-14 16:37:43,023 - INFO - num_full_subsets = 2
2025-12-14 16:37:43,111 - INFO - phi = [-0.14583321 -0.88507983  0.32340801 -0.69579815]
2025-12-14 16:37:43,158 - INFO - num_full_subsets = 2
2025-12-14 16:37:43,244 - INFO - phi = [ 0.36725699  0.61149575  0.29918321 -0.67247535]
2025-12-14 16:37:43,310 - INFO - num_full_subsets = 2
2025-12-14 16:37:43,403 - INFO - phi = [ 0.45707274  0.10851716 -0.12546051 -0.91831246]
2025-12-14 16:37:43,450 - INFO - num_full_subsets = 2
2025-12-14 16:37:43,540 - INFO - phi = [ 0.38353086  0.39708623 -0.37478796  0.56060793]
2025-12-14 16:37:43,587 - INFO - num_full_subsets = 2
2025-12-14 16:37:43,689 - INFO - phi = [0.08542584 0.99073311 0.7210313  0.50135508]
2025-12-14 16:37:43,737 - INFO - num_full_subsets = 2
2025-12-14 16:37:43,829 - INFO - phi = [-0.06433164  0.60571119  0.62750898  0.7095952 ]
2025-12-14 16:37:43,875 - INFO - num_full_subsets = 2
2025-12-14 16:37:43,965 - INFO - phi = [0.05882317 0.53003528 0.59668611 0.64583482]
2025-12-14 16:37:44,012 - INFO - num_full_subsets = 2
2025-12-14 16:37:44,102 - INFO - phi = [-0.16947917 -0.80967454 -0.13226606 -0.71593124]
2025-12-14 16:37:44,150 - INFO - num_full_subsets = 2
2025-12-14 16:37:44,240 - INFO - phi = [-0.12581632 -0.81065106  0.52961196 -0.67535289]
2025-12-14 16:37:44,286 - INFO - num_full_subsets = 2
2025-12-14 16:37:44,381 - INFO - phi = [-0.22954111 -0.93209974 -0.17274439  0.43524269]
2025-12-14 16:37:44,430 - INFO - num_full_subsets = 2
2025-12-14 16:37:44,519 - INFO - phi = [-0.19532089 -0.66108104 -0.18089921 -0.31188366]
2025-12-14 16:37:44,566 - INFO - num_full_subsets = 2
2025-12-14 16:37:44,659 - INFO - phi = [ 0.44236613  0.36336    -0.2683454  -0.7463363 ]
2025-12-14 16:37:44,711 - INFO - num_full_subsets = 2
2025-12-14 16:37:44,801 - INFO - phi = [-0.16839815  0.41281778 -0.10759971  0.54891932]
2025-12-14 16:37:44,848 - INFO - num_full_subsets = 2
2025-12-14 16:37:44,942 - INFO - phi = [ 0.67104177 -0.56309481  0.07478878 -0.78751336]
2025-12-14 16:37:45,008 - INFO - num_full_subsets = 2
2025-12-14 16:37:45,104 - INFO - phi = [-0.21048526  0.40221736 -0.40861479  0.51339789]
2025-12-14 16:37:45,151 - INFO - num_full_subsets = 2
2025-12-14 16:37:45,240 - INFO - phi = [-0.22318431 -0.68534052 -0.10720788 -0.51148937]
2025-12-14 16:37:45,287 - INFO - num_full_subsets = 2
2025-12-14 16:37:45,377 - INFO - phi = [-0.18994154 -0.92316844 -0.06630153 -0.79076046]
2025-12-14 16:37:45,436 - INFO - num_full_subsets = 2
2025-12-14 16:37:45,529 - INFO - phi = [ 0.61768966 -0.44326441  0.18887785  0.52449088]
2025-12-14 16:37:45,589 - INFO - num_full_subsets = 2
2025-12-14 16:37:45,683 - INFO - phi = [-0.21308932 -0.01662049  0.09657432  0.45877184]
2025-12-14 16:37:45,734 - INFO - num_full_subsets = 2
2025-12-14 16:37:45,828 - INFO - phi = [-0.24344935 -0.76713759  0.0136615  -0.66168769]
2025-12-14 16:37:45,878 - INFO - num_full_subsets = 2
2025-12-14 16:37:45,970 - INFO - phi = [-0.21543199 -0.78529956 -0.19032989 -0.08175849]
2025-12-14 16:37:46,016 - INFO - num_full_subsets = 2
2025-12-14 16:37:46,108 - INFO - phi = [-0.20340195 -0.95030148  0.00817653 -0.6523985 ]
2025-12-14 16:37:46,156 - INFO - num_full_subsets = 2
2025-12-14 16:37:46,249 - INFO - phi = [-0.14077376  0.51417876 -0.38382801  0.45286872]
2025-12-14 16:37:46,295 - INFO - num_full_subsets = 2
2025-12-14 16:37:46,386 - INFO - phi = [ 0.36564506  0.37976703  0.1402409  -0.78432229]
2025-12-14 16:37:46,439 - INFO - num_full_subsets = 2
2025-12-14 16:37:46,529 - INFO - phi = [-0.14503063  0.26160544  0.17348011  0.71051319]
2025-12-14 16:37:46,576 - INFO - num_full_subsets = 2
2025-12-14 16:37:46,665 - INFO - phi = [-0.0129378   0.57299416 -0.35779311  0.43732459]
2025-12-14 16:37:46,711 - INFO - num_full_subsets = 2
2025-12-14 16:37:46,797 - INFO - phi = [-0.01429629  0.50651272  0.73025763 -0.98566127]
2025-12-14 16:37:46,841 - INFO - num_full_subsets = 2
2025-12-14 16:37:46,928 - INFO - phi = [-0.18627015 -0.03327095  0.16482649  0.48463167]
2025-12-14 16:37:46,972 - INFO - num_full_subsets = 2
2025-12-14 16:37:47,066 - INFO - phi = [ 0.32531435  0.48188571  0.28184751 -0.96341389]
2025-12-14 16:37:47,112 - INFO - num_full_subsets = 2
2025-12-14 16:37:47,201 - INFO - phi = [-0.07055395  0.90214858  0.27920173  0.50791173]
2025-12-14 16:37:47,248 - INFO - num_full_subsets = 2
2025-12-14 16:37:47,338 - INFO - phi = [-0.25301094  0.42605877 -0.45349869  0.60805392]
2025-12-14 16:37:47,385 - INFO - num_full_subsets = 2
2025-12-14 16:37:47,475 - INFO - phi = [-0.07588218  0.29971995 -0.35970622  0.5419055 ]
2025-12-14 16:37:47,523 - INFO - num_full_subsets = 2
2025-12-14 16:37:47,614 - INFO - phi = [0.27838818 0.86737964 0.81541317 0.73269763]
2025-12-14 16:37:47,661 - INFO - num_full_subsets = 2
2025-12-14 16:37:47,756 - INFO - phi = [-0.16839815  0.41281778 -0.10759971  0.54891932]
2025-12-14 16:37:47,803 - INFO - num_full_subsets = 2
2025-12-14 16:37:47,907 - INFO - phi = [-0.08180169  0.64720701 -0.29566901 -0.32538062]
2025-12-14 16:37:47,955 - INFO - num_full_subsets = 2
2025-12-14 16:37:48,048 - INFO - phi = [-0.22825691  0.41031476 -0.40883409  0.4616123 ]
2025-12-14 16:37:48,093 - INFO - num_full_subsets = 2
2025-12-14 16:37:48,184 - INFO - phi = [-0.08528032  0.6324955   0.32254485  0.32299516]
2025-12-14 16:37:48,230 - INFO - num_full_subsets = 2
2025-12-14 16:37:48,323 - INFO - phi = [-0.21517755 -0.43071815 -0.09389977 -0.8028617 ]
2025-12-14 16:37:48,370 - INFO - num_full_subsets = 2
2025-12-14 16:37:48,466 - INFO - phi = [-0.14265044  0.64824525  0.16311446 -0.76918868]
2025-12-14 16:37:48,513 - INFO - num_full_subsets = 2
2025-12-14 16:37:48,604 - INFO - phi = [-0.17542496 -0.90145553  0.0982826  -0.55364767]
2025-12-14 16:37:48,652 - INFO - num_full_subsets = 2
2025-12-14 16:37:48,741 - INFO - phi = [-0.24452381 -0.95274601  0.07708801  0.29324504]
2025-12-14 16:37:48,788 - INFO - num_full_subsets = 2
2025-12-14 16:37:48,878 - INFO - phi = [-0.19066436  0.30571154 -0.21670645 -0.77176054]
2025-12-14 16:37:48,925 - INFO - num_full_subsets = 2
2025-12-14 16:37:49,017 - INFO - phi = [-0.20291918 -0.66176323 -0.2001823   0.47266295]
2025-12-14 16:37:49,068 - INFO - num_full_subsets = 2
2025-12-14 16:37:49,159 - INFO - phi = [-0.14177402 -1.10225509  0.41362916 -0.17617067]
2025-12-14 16:37:49,206 - INFO - num_full_subsets = 2
2025-12-14 16:37:49,296 - INFO - phi = [ 0.56619061  0.67217798 -0.21467256  0.09795128]
2025-12-14 16:37:49,342 - INFO - num_full_subsets = 2
2025-12-14 16:37:49,432 - INFO - phi = [-0.11269246 -0.87401323  0.52792621 -0.70098998]
2025-12-14 16:37:49,479 - INFO - num_full_subsets = 2
2025-12-14 16:37:49,568 - INFO - phi = [-0.0926124   0.45123428 -0.39489318  0.46899954]
2025-12-14 16:37:49,614 - INFO - num_full_subsets = 2
2025-12-14 16:37:49,701 - INFO - phi = [ 0.59965033  0.50330079 -0.05578402  0.37037245]
2025-12-14 16:37:49,752 - INFO - num_full_subsets = 2
2025-12-14 16:37:49,839 - INFO - phi = [-0.23058374 -0.8848108  -0.00360997 -0.65483251]
2025-12-14 16:37:49,885 - INFO - num_full_subsets = 2
2025-12-14 16:37:49,973 - INFO - phi = [-0.14218536  0.65690444 -0.42711792  0.46381328]
2025-12-14 16:37:50,019 - INFO - num_full_subsets = 2
2025-12-14 16:37:50,110 - INFO - phi = [-0.12370026 -0.17844837  0.01582668  0.45257834]
2025-12-14 16:37:50,180 - INFO - num_full_subsets = 2
2025-12-14 16:37:50,272 - INFO - phi = [0.57919105 0.52619977 0.25902612 0.28748331]
2025-12-14 16:37:50,318 - INFO - num_full_subsets = 2
2025-12-14 16:37:50,416 - INFO - phi = [-0.16370692 -0.53452014  0.09416273  0.22875816]
2025-12-14 16:37:50,462 - INFO - num_full_subsets = 2
2025-12-14 16:37:50,555 - INFO - phi = [-0.23484434 -0.87105025  0.05942141 -0.34729505]
2025-12-14 16:37:50,601 - INFO - num_full_subsets = 2
2025-12-14 16:37:50,695 - INFO - phi = [-0.27377088  0.59214704 -0.02426328  0.57204009]
2025-12-14 16:37:50,747 - INFO - num_full_subsets = 2
2025-12-14 16:37:50,839 - INFO - phi = [-0.18901722 -0.12607904  0.07332815 -0.74807125]
2025-12-14 16:37:50,884 - INFO - num_full_subsets = 2
2025-12-14 16:37:50,973 - INFO - phi = [-0.19755471 -0.82591685 -0.19477638  0.06824781]
2025-12-14 16:37:51,019 - INFO - num_full_subsets = 2
2025-12-14 16:37:51,118 - INFO - phi = [-0.19864539  0.06233576 -0.20851764  0.116396  ]
2025-12-14 16:37:51,166 - INFO - num_full_subsets = 2
2025-12-14 16:37:51,259 - INFO - phi = [-0.08652001  0.84336277  0.74265687  0.29782261]
2025-12-14 16:37:51,312 - INFO - num_full_subsets = 2
2025-12-14 16:37:51,408 - INFO - phi = [-0.22954111 -0.93209974 -0.17274439  0.43524269]
2025-12-14 16:37:51,453 - INFO - num_full_subsets = 2
2025-12-14 16:37:51,543 - INFO - phi = [-0.21657362 -1.20264179  0.06783374  0.04096374]
2025-12-14 16:37:51,591 - INFO - num_full_subsets = 2
2025-12-14 16:37:51,684 - INFO - phi = [-0.14776251 -0.39868688  0.24357568  0.75891738]
2025-12-14 16:37:51,731 - INFO - num_full_subsets = 2
2025-12-14 16:37:51,830 - INFO - phi = [0.34460237 0.15727384 0.29941856 0.69189834]
2025-12-14 16:37:51,879 - INFO - num_full_subsets = 2
2025-12-14 16:37:51,975 - INFO - phi = [-0.26329357 -0.60109551  0.08953882 -0.15853909]
2025-12-14 16:37:52,024 - INFO - num_full_subsets = 2
2025-12-14 16:37:52,117 - INFO - phi = [0.36708835 0.65397566 0.20457163 0.43615708]
2025-12-14 16:37:52,164 - INFO - num_full_subsets = 2
2025-12-14 16:37:52,254 - INFO - phi = [-0.14673655  0.16866062 -0.33007894  0.58333684]
2025-12-14 16:37:52,299 - INFO - num_full_subsets = 2
2025-12-14 16:37:52,385 - INFO - phi = [-0.12790182 -0.60924264 -0.20693092 -0.10090137]
2025-12-14 16:37:52,433 - INFO - num_full_subsets = 2
2025-12-14 16:37:52,522 - INFO - phi = [0.32623462 0.13756541 0.37136391 0.57789715]
2025-12-14 16:37:52,566 - INFO - num_full_subsets = 2
2025-12-14 16:37:52,650 - INFO - phi = [0.04969686 0.4496479  0.48772359 0.53894546]
2025-12-14 16:37:52,694 - INFO - num_full_subsets = 2
2025-12-14 16:37:52,779 - INFO - phi = [-0.16955052 -0.63161742 -0.12187946 -0.61611933]
2025-12-14 16:37:52,823 - INFO - num_full_subsets = 2
2025-12-14 16:37:52,911 - INFO - phi = [-0.08516923  0.568702   -0.36671804  0.37177379]
2025-12-14 16:37:52,956 - INFO - num_full_subsets = 2
2025-12-14 16:37:53,041 - INFO - phi = [-0.22825691  0.41031476 -0.40883409  0.4616123 ]
2025-12-14 16:37:53,089 - INFO - num_full_subsets = 2
2025-12-14 16:37:53,179 - INFO - phi = [ 0.46293814 -0.01292096 -0.24286162  0.06288991]
2025-12-14 16:37:53,225 - INFO - num_full_subsets = 2
2025-12-14 16:37:53,316 - INFO - phi = [0.26302715 0.49093333 0.18689025 0.50919481]
2025-12-14 16:37:53,360 - INFO - num_full_subsets = 2
2025-12-14 16:37:53,446 - INFO - phi = [-0.18578943  0.68981647 -0.39079779  0.36818693]
2025-12-14 16:37:53,490 - INFO - num_full_subsets = 2
2025-12-14 16:37:53,576 - INFO - phi = [-0.18219345  0.5409257  -0.3602206   0.32301698]
2025-12-14 16:37:53,622 - INFO - num_full_subsets = 2
2025-12-14 16:37:53,720 - INFO - phi = [-0.16291302  0.30712998  0.13204248 -0.52926952]
2025-12-14 16:37:53,768 - INFO - num_full_subsets = 2
2025-12-14 16:37:53,867 - INFO - phi = [-0.10661002  0.04544669  0.32744163 -0.84280021]
2025-12-14 16:37:53,917 - INFO - num_full_subsets = 2
2025-12-14 16:37:54,010 - INFO - phi = [0.37500198 0.83803387 0.65538409 0.40662637]
2025-12-14 16:37:54,058 - INFO - num_full_subsets = 2
2025-12-14 16:37:54,150 - INFO - phi = [-0.06434304  0.53060278  1.02929243 -1.09405198]
2025-12-14 16:37:54,197 - INFO - num_full_subsets = 2
2025-12-14 16:37:54,286 - INFO - phi = [ 0.57016557  0.78016612  0.13524928 -0.37579165]
2025-12-14 16:37:54,331 - INFO - num_full_subsets = 2
2025-12-14 16:37:54,428 - INFO - phi = [ 0.28854064  0.71459108 -0.47522972 -0.00948302]
2025-12-14 16:37:54,476 - INFO - num_full_subsets = 2
2025-12-14 16:37:54,574 - INFO - phi = [-0.13930425  0.41545243 -0.38161076  0.66835045]
2025-12-14 16:37:54,621 - INFO - num_full_subsets = 2
2025-12-14 16:37:54,715 - INFO - phi = [-0.13014514 -1.00527413  0.31325408 -0.75934337]
2025-12-14 16:37:54,762 - INFO - num_full_subsets = 2
2025-12-14 16:37:54,857 - INFO - phi = [0.06835399 0.37136473 0.53694046 0.70264395]
2025-12-14 16:37:54,905 - INFO - num_full_subsets = 2
2025-12-14 16:37:55,002 - INFO - phi = [-0.23033317 -0.71253469 -0.2000198   0.35309818]
2025-12-14 16:37:55,050 - INFO - num_full_subsets = 2
2025-12-14 16:37:55,148 - INFO - phi = [ 0.14023875  0.44682785 -0.32246859  0.46058186]
2025-12-14 16:37:55,197 - INFO - num_full_subsets = 2
2025-12-14 16:37:55,293 - INFO - phi = [-0.22882153 -0.78290077 -0.06690486 -0.68458258]
2025-12-14 16:37:55,343 - INFO - num_full_subsets = 2
2025-12-14 16:37:55,444 - INFO - phi = [-0.13629044 -1.07021668  0.36749744 -0.71256375]
2025-12-14 16:37:55,491 - INFO - num_full_subsets = 2
2025-12-14 16:37:55,582 - INFO - phi = [-0.19088487 -0.69703031 -0.1440515  -0.64082234]
2025-12-14 16:37:55,629 - INFO - num_full_subsets = 2
2025-12-14 16:37:55,720 - INFO - phi = [-0.24801081 -1.15490473  0.05387552  0.15839441]
2025-12-14 16:37:55,772 - INFO - num_full_subsets = 2
2025-12-14 16:37:55,865 - INFO - phi = [0.12272533 0.45077683 0.31979749 0.43550576]
2025-12-14 16:37:55,912 - INFO - num_full_subsets = 2
2025-12-14 16:37:56,001 - INFO - phi = [-0.2299896  -1.0892637  -0.12054979  0.10442773]
2025-12-14 16:37:56,047 - INFO - num_full_subsets = 2
2025-12-14 16:37:56,134 - INFO - phi = [-0.15051111  0.40049484 -0.40072367  0.50060343]
2025-12-14 16:37:56,178 - INFO - num_full_subsets = 2
2025-12-14 16:37:56,265 - INFO - phi = [ 0.33292201  0.33154989 -0.1965405  -0.95851248]
2025-12-14 16:37:56,310 - INFO - num_full_subsets = 2
2025-12-14 16:37:56,396 - INFO - phi = [0.00370223 0.76352301 0.13569703 0.58178982]
2025-12-14 16:37:56,448 - INFO - num_full_subsets = 2
2025-12-14 16:37:56,540 - INFO - phi = [-0.18579625 -0.71294684 -0.13548117 -0.52961773]
2025-12-14 16:37:56,589 - INFO - num_full_subsets = 2
2025-12-14 16:37:56,680 - INFO - phi = [-0.21268062 -0.85019118 -0.12874596 -0.32777787]
2025-12-14 16:37:56,729 - INFO - num_full_subsets = 2
2025-12-14 16:37:56,819 - INFO - phi = [ 0.20781521  0.46798813  0.40986601 -0.98717391]
2025-12-14 16:37:56,863 - INFO - num_full_subsets = 2
2025-12-14 16:37:56,952 - INFO - phi = [ 0.17124478  0.28269482 -0.45076088  0.17359431]
2025-12-14 16:37:56,998 - INFO - num_full_subsets = 2
2025-12-14 16:37:57,093 - INFO - phi = [ 0.4624121   0.63876273  0.39431417 -0.97658983]
2025-12-14 16:37:57,629 - INFO - Computing feature importance...
2025-12-14 16:38:06,221 - INFO - Experiment completed for CNN
2025-12-14 16:38:06,221 - INFO - Total time: 526.23s (8.77 min)
2025-12-14 16:38:06,221 - INFO - Starting comprehensive experiment for CNN
2025-12-14 16:38:16,632 - INFO - Performing feature analysis...
2025-12-14 16:38:17,850 - INFO - Model justification: Fast 1D Convolutional Neural Network - perfect for tabular features with local patterns
2025-12-14 16:38:17,850 - INFO - Performing robust cross-validation...
2025-12-14 16:38:39,649 - INFO - CV Results - MSE: 2.1780 ± 0.2752
2025-12-14 16:38:39,649 - INFO - Starting hyperparameter optimization...
