2025-12-13 23:50:36,187 - INFO - Starting comprehensive experiment for CatBoost
2025-12-13 23:50:47,593 - INFO - Performing feature analysis...
2025-12-13 23:50:49,209 - INFO - Model justification: Handles categorical features naturally, robust to hyperparameter tuning
2025-12-13 23:50:49,209 - INFO - Performing robust cross-validation...
2025-12-13 23:50:59,259 - INFO - CV Results - MSE: 0.7403 ± 0.1090
2025-12-13 23:50:59,259 - INFO - Starting hyperparameter optimization...
2025-12-14 00:08:17,685 - INFO - Starting comprehensive experiment for CatBoost
2025-12-14 00:08:25,873 - INFO - Performing feature analysis...
2025-12-14 00:08:27,479 - INFO - Model justification: Handles categorical features naturally, robust to hyperparameter tuning
2025-12-14 00:08:27,479 - INFO - Performing robust cross-validation...
2025-12-14 00:08:36,967 - INFO - CV Results - MSE: 0.7403 ± 0.1090
2025-12-14 00:08:36,968 - INFO - Starting hyperparameter optimization...
2025-12-14 00:11:52,708 - INFO - Best parameters for CatBoost: {'iterations': 821, 'depth': 8, 'learning_rate': 0.010793105033777055, 'l2_leaf_reg': 0.5966102790063587}
2025-12-14 00:11:52,709 - INFO - ⏱️ HPO took 195.74 seconds
2025-12-14 00:11:52,709 - INFO - Training final model...
2025-12-14 00:11:53,508 - INFO - ⏱️ Training took 0.80 seconds
2025-12-14 00:11:53,508 - INFO - Performing residual analysis...
2025-12-14 00:11:54,699 - INFO - Generating XAI explanations...
2025-12-14 00:11:55,575 - INFO - Computing feature importance...
2025-12-14 00:11:56,167 - INFO - Experiment completed for CatBoost
2025-12-14 00:11:56,167 - INFO - Total time: 218.04s (3.63 min)
2025-12-14 00:11:56,167 - INFO - Starting comprehensive experiment for CatBoost
2025-12-14 00:12:04,947 - INFO - Performing feature analysis...
2025-12-14 00:12:06,134 - INFO - Model justification: Handles categorical features naturally, robust to hyperparameter tuning
2025-12-14 00:12:06,134 - INFO - Performing robust cross-validation...
2025-12-14 00:12:15,331 - INFO - CV Results - MSE: 0.8226 ± 0.1131
2025-12-14 00:12:15,331 - INFO - Starting hyperparameter optimization...
2025-12-14 02:30:04,395 - INFO - Starting comprehensive experiment for CatBoost
2025-12-14 02:30:17,432 - INFO - Performing feature analysis...
2025-12-14 02:30:23,699 - INFO - Model justification: Handles categorical features naturally, robust to hyperparameter tuning
2025-12-14 02:30:23,699 - INFO - Performing robust cross-validation...
2025-12-14 02:30:33,165 - INFO - CV Results - MSE: 0.7403 ± 0.1090
2025-12-14 02:30:33,166 - INFO - Starting hyperparameter optimization...
2025-12-14 02:33:51,564 - INFO - Best parameters for CatBoost: {'iterations': 821, 'depth': 8, 'learning_rate': 0.010793105033777055, 'l2_leaf_reg': 0.5966102790063587}
2025-12-14 02:33:51,564 - INFO - ⏱️ HPO took 198.40 seconds
2025-12-14 02:33:51,565 - INFO - Training final model...
2025-12-14 02:33:52,578 - INFO - ⏱️ Training took 1.01 seconds
2025-12-14 02:33:52,578 - INFO - Performing residual analysis...
2025-12-14 02:33:53,774 - INFO - Generating XAI explanations...
2025-12-14 02:33:54,660 - INFO - Computing feature importance...
2025-12-14 02:33:55,629 - INFO - Experiment completed for CatBoost
2025-12-14 02:33:55,629 - INFO - Total time: 230.43s (3.84 min)
2025-12-14 02:33:55,629 - INFO - Starting comprehensive experiment for CatBoost
2025-12-14 02:34:03,990 - INFO - Performing feature analysis...
2025-12-14 02:34:05,158 - INFO - Model justification: Handles categorical features naturally, robust to hyperparameter tuning
2025-12-14 02:34:05,158 - INFO - Performing robust cross-validation...
2025-12-14 02:34:14,376 - INFO - CV Results - MSE: 0.8226 ± 0.1131
2025-12-14 02:34:14,376 - INFO - Starting hyperparameter optimization...
2025-12-14 02:37:26,004 - INFO - Best parameters for CatBoost: {'iterations': 717, 'depth': 8, 'learning_rate': 0.01033668369333513, 'l2_leaf_reg': 1.8715290838966185}
2025-12-14 02:37:26,004 - INFO - ⏱️ HPO took 191.63 seconds
2025-12-14 02:37:26,004 - INFO - Training final model...
2025-12-14 02:37:26,817 - INFO - ⏱️ Training took 0.81 seconds
2025-12-14 02:37:26,817 - INFO - Performing residual analysis...
2025-12-14 02:37:27,828 - INFO - Generating XAI explanations...
2025-12-14 02:37:28,636 - INFO - Computing feature importance...
2025-12-14 02:37:29,174 - INFO - Experiment completed for CatBoost
2025-12-14 02:37:29,174 - INFO - Total time: 213.15s (3.55 min)
2025-12-14 02:37:29,174 - INFO - Starting comprehensive experiment for CatBoost
2025-12-14 02:37:37,704 - INFO - Performing feature analysis...
2025-12-14 02:37:38,875 - INFO - Model justification: Handles categorical features naturally, robust to hyperparameter tuning
2025-12-14 02:37:38,876 - INFO - Performing robust cross-validation...
2025-12-14 02:37:49,009 - INFO - CV Results - MSE: 0.7523 ± 0.1279
2025-12-14 02:37:49,009 - INFO - Starting hyperparameter optimization...
2025-12-14 02:40:47,397 - INFO - Best parameters for CatBoost: {'iterations': 784, 'depth': 8, 'learning_rate': 0.012453704291960252, 'l2_leaf_reg': 0.6146439247862419}
2025-12-14 02:40:47,397 - INFO - ⏱️ HPO took 178.39 seconds
2025-12-14 02:40:47,398 - INFO - Training final model...
2025-12-14 02:40:48,438 - INFO - ⏱️ Training took 1.04 seconds
2025-12-14 02:40:48,438 - INFO - Performing residual analysis...
2025-12-14 02:40:49,476 - INFO - Generating XAI explanations...
2025-12-14 02:40:50,281 - INFO - Computing feature importance...
2025-12-14 02:40:50,818 - INFO - Experiment completed for CatBoost
2025-12-14 02:40:50,818 - INFO - Total time: 201.26s (3.35 min)
2025-12-14 02:40:50,819 - INFO - Starting comprehensive experiment for CatBoost
2025-12-14 02:41:04,539 - INFO - Performing feature analysis...
2025-12-14 02:41:05,844 - INFO - Model justification: Handles categorical features naturally, robust to hyperparameter tuning
2025-12-14 02:41:05,844 - INFO - Performing robust cross-validation...
2025-12-14 02:41:15,256 - INFO - CV Results - MSE: 0.8184 ± 0.1521
2025-12-14 02:41:15,256 - INFO - Starting hyperparameter optimization...
2025-12-14 02:44:04,786 - INFO - Best parameters for CatBoost: {'iterations': 285, 'depth': 6, 'learning_rate': 0.023899122612708896, 'l2_leaf_reg': 1.695108490648361}
2025-12-14 02:44:04,786 - INFO - ⏱️ HPO took 169.53 seconds
2025-12-14 02:44:04,786 - INFO - Training final model...
2025-12-14 02:44:05,257 - INFO - ⏱️ Training took 0.47 seconds
2025-12-14 02:44:05,257 - INFO - Performing residual analysis...
2025-12-14 02:44:06,302 - INFO - Generating XAI explanations...
2025-12-14 02:44:06,838 - INFO - Computing feature importance...
2025-12-14 02:44:07,346 - INFO - Experiment completed for CatBoost
2025-12-14 02:44:07,346 - INFO - Total time: 196.15s (3.27 min)
2025-12-14 02:44:07,346 - INFO - Starting comprehensive experiment for CatBoost
2025-12-14 02:44:15,526 - INFO - Performing feature analysis...
2025-12-14 02:44:16,685 - INFO - Model justification: Handles categorical features naturally, robust to hyperparameter tuning
2025-12-14 02:44:16,685 - INFO - Performing robust cross-validation...
2025-12-14 02:44:26,531 - INFO - CV Results - MSE: 0.7476 ± 0.0807
2025-12-14 02:44:26,531 - INFO - Starting hyperparameter optimization...
2025-12-14 02:47:50,206 - INFO - Best parameters for CatBoost: {'iterations': 972, 'depth': 8, 'learning_rate': 0.010492789920776496, 'l2_leaf_reg': 3.6803955933567227}
2025-12-14 02:47:50,206 - INFO - ⏱️ HPO took 203.67 seconds
2025-12-14 02:47:50,206 - INFO - Training final model...
2025-12-14 02:47:51,164 - INFO - ⏱️ Training took 0.96 seconds
2025-12-14 02:47:51,164 - INFO - Performing residual analysis...
2025-12-14 02:47:52,184 - INFO - Generating XAI explanations...
2025-12-14 02:47:53,027 - INFO - Computing feature importance...
2025-12-14 02:47:53,565 - INFO - Experiment completed for CatBoost
2025-12-14 02:47:53,565 - INFO - Total time: 225.83s (3.76 min)
2025-12-14 02:47:53,565 - INFO - Starting comprehensive experiment for CatBoost
2025-12-14 02:48:01,041 - INFO - Performing feature analysis...
2025-12-14 02:48:02,217 - INFO - Model justification: Handles categorical features naturally, robust to hyperparameter tuning
2025-12-14 02:48:02,217 - INFO - Performing robust cross-validation...
2025-12-14 02:48:11,463 - INFO - CV Results - MSE: 0.6525 ± 0.1127
2025-12-14 02:48:11,463 - INFO - Starting hyperparameter optimization...
2025-12-14 02:50:36,958 - INFO - Best parameters for CatBoost: {'iterations': 202, 'depth': 7, 'learning_rate': 0.058959218961612575, 'l2_leaf_reg': 1.2891711798285561}
2025-12-14 02:50:36,958 - INFO - ⏱️ HPO took 145.49 seconds
2025-12-14 02:50:36,958 - INFO - Training final model...
2025-12-14 02:50:37,467 - INFO - ⏱️ Training took 0.51 seconds
2025-12-14 02:50:37,467 - INFO - Performing residual analysis...
2025-12-14 02:50:38,527 - INFO - Generating XAI explanations...
2025-12-14 02:50:39,072 - INFO - Computing feature importance...
2025-12-14 02:50:39,575 - INFO - Experiment completed for CatBoost
2025-12-14 02:50:39,575 - INFO - Total time: 165.63s (2.76 min)
2025-12-14 02:50:39,575 - INFO - Starting comprehensive experiment for CatBoost
2025-12-14 02:50:46,796 - INFO - Performing feature analysis...
2025-12-14 02:50:47,969 - INFO - Model justification: Handles categorical features naturally, robust to hyperparameter tuning
2025-12-14 02:50:47,969 - INFO - Performing robust cross-validation...
2025-12-14 02:50:57,605 - INFO - CV Results - MSE: 0.6734 ± 0.1119
2025-12-14 02:50:57,606 - INFO - Starting hyperparameter optimization...
2025-12-14 02:54:06,118 - INFO - Best parameters for CatBoost: {'iterations': 260, 'depth': 9, 'learning_rate': 0.024860111899773912, 'l2_leaf_reg': 0.05532799681596117}
2025-12-14 02:54:06,118 - INFO - ⏱️ HPO took 188.51 seconds
2025-12-14 02:54:06,119 - INFO - Training final model...
2025-12-14 02:54:06,843 - INFO - ⏱️ Training took 0.72 seconds
2025-12-14 02:54:06,844 - INFO - Performing residual analysis...
2025-12-14 02:54:08,045 - INFO - Generating XAI explanations...
2025-12-14 02:54:08,673 - INFO - Computing feature importance...
2025-12-14 02:54:09,193 - INFO - Experiment completed for CatBoost
2025-12-14 02:54:09,193 - INFO - Total time: 209.24s (3.49 min)
2025-12-14 02:54:09,194 - INFO - Starting comprehensive experiment for CatBoost
2025-12-14 02:54:19,446 - INFO - Performing feature analysis...
2025-12-14 02:54:20,598 - INFO - Model justification: Handles categorical features naturally, robust to hyperparameter tuning
2025-12-14 02:54:20,598 - INFO - Performing robust cross-validation...
2025-12-14 02:54:29,853 - INFO - CV Results - MSE: 0.7260 ± 0.1221
2025-12-14 02:54:29,853 - INFO - Starting hyperparameter optimization...
2025-12-14 02:57:02,795 - INFO - Best parameters for CatBoost: {'iterations': 303, 'depth': 6, 'learning_rate': 0.024260760067451242, 'l2_leaf_reg': 0.140391127712753}
2025-12-14 02:57:02,795 - INFO - ⏱️ HPO took 152.94 seconds
2025-12-14 02:57:02,795 - INFO - Training final model...
2025-12-14 02:57:03,212 - INFO - ⏱️ Training took 0.42 seconds
2025-12-14 02:57:03,212 - INFO - Performing residual analysis...
2025-12-14 02:57:04,280 - INFO - Generating XAI explanations...
2025-12-14 02:57:04,799 - INFO - Computing feature importance...
2025-12-14 02:57:05,304 - INFO - Experiment completed for CatBoost
2025-12-14 02:57:05,304 - INFO - Total time: 175.73s (2.93 min)
2025-12-14 02:57:05,304 - INFO - Starting comprehensive experiment for CatBoost
2025-12-14 02:57:14,188 - INFO - Performing feature analysis...
2025-12-14 02:57:15,361 - INFO - Model justification: Handles categorical features naturally, robust to hyperparameter tuning
2025-12-14 02:57:15,361 - INFO - Performing robust cross-validation...
2025-12-14 02:57:24,677 - INFO - CV Results - MSE: 0.7396 ± 0.1132
2025-12-14 02:57:24,677 - INFO - Starting hyperparameter optimization...
2025-12-14 03:00:09,697 - INFO - Best parameters for CatBoost: {'iterations': 846, 'depth': 5, 'learning_rate': 0.024691390769583, 'l2_leaf_reg': 2.88607998830751}
2025-12-14 03:00:09,697 - INFO - ⏱️ HPO took 165.02 seconds
2025-12-14 03:00:09,697 - INFO - Training final model...
2025-12-14 03:00:10,100 - INFO - ⏱️ Training took 0.40 seconds
2025-12-14 03:00:10,100 - INFO - Performing residual analysis...
2025-12-14 03:00:11,143 - INFO - Generating XAI explanations...
2025-12-14 03:00:11,657 - INFO - Computing feature importance...
2025-12-14 03:00:12,181 - INFO - Experiment completed for CatBoost
2025-12-14 03:00:12,181 - INFO - Total time: 186.49s (3.11 min)
2025-12-14 03:00:12,181 - INFO - Starting comprehensive experiment for CatBoost
2025-12-14 03:00:21,002 - INFO - Performing feature analysis...
2025-12-14 03:00:22,157 - INFO - Model justification: Handles categorical features naturally, robust to hyperparameter tuning
2025-12-14 03:00:22,157 - INFO - Performing robust cross-validation...
2025-12-14 03:00:31,779 - INFO - CV Results - MSE: 0.7248 ± 0.1618
2025-12-14 03:00:31,780 - INFO - Starting hyperparameter optimization...
2025-12-14 03:03:51,664 - INFO - Best parameters for CatBoost: {'iterations': 784, 'depth': 8, 'learning_rate': 0.012453704291960252, 'l2_leaf_reg': 0.6146439247862419}
2025-12-14 03:03:51,664 - INFO - ⏱️ HPO took 199.88 seconds
2025-12-14 03:03:51,664 - INFO - Training final model...
2025-12-14 03:03:52,493 - INFO - ⏱️ Training took 0.83 seconds
2025-12-14 03:03:52,494 - INFO - Performing residual analysis...
2025-12-14 03:03:53,501 - INFO - Generating XAI explanations...
2025-12-14 03:03:54,298 - INFO - Computing feature importance...
2025-12-14 03:03:54,820 - INFO - Experiment completed for CatBoost
2025-12-14 03:03:54,820 - INFO - Total time: 222.26s (3.70 min)
2025-12-14 03:03:54,820 - INFO - Starting comprehensive experiment for CatBoost
2025-12-14 03:04:05,300 - INFO - Performing feature analysis...
2025-12-14 03:04:06,477 - INFO - Model justification: Handles categorical features naturally, robust to hyperparameter tuning
2025-12-14 03:04:06,477 - INFO - Performing robust cross-validation...
2025-12-14 03:04:15,604 - INFO - CV Results - MSE: 0.7686 ± 0.0863
2025-12-14 03:04:15,604 - INFO - Starting hyperparameter optimization...
2025-12-14 03:07:38,682 - INFO - Best parameters for CatBoost: {'iterations': 784, 'depth': 8, 'learning_rate': 0.012453704291960252, 'l2_leaf_reg': 0.6146439247862419}
2025-12-14 03:07:38,682 - INFO - ⏱️ HPO took 203.08 seconds
2025-12-14 03:07:38,682 - INFO - Training final model...
2025-12-14 03:07:39,529 - INFO - ⏱️ Training took 0.85 seconds
2025-12-14 03:07:39,529 - INFO - Performing residual analysis...
2025-12-14 03:07:40,543 - INFO - Generating XAI explanations...
2025-12-14 03:07:41,313 - INFO - Computing feature importance...
2025-12-14 03:07:41,836 - INFO - Experiment completed for CatBoost
2025-12-14 03:07:41,836 - INFO - Total time: 226.64s (3.78 min)
2025-12-14 03:07:41,837 - INFO - Starting comprehensive experiment for CatBoost
2025-12-14 03:07:52,462 - INFO - Performing feature analysis...
2025-12-14 03:07:53,615 - INFO - Model justification: Handles categorical features naturally, robust to hyperparameter tuning
2025-12-14 03:07:53,615 - INFO - Performing robust cross-validation...
2025-12-14 03:08:03,215 - INFO - CV Results - MSE: 0.7769 ± 0.1275
2025-12-14 03:08:03,215 - INFO - Starting hyperparameter optimization...
2025-12-14 03:10:53,673 - INFO - Best parameters for CatBoost: {'iterations': 840, 'depth': 7, 'learning_rate': 0.012275419281638736, 'l2_leaf_reg': 2.937670858799683}
2025-12-14 03:10:53,673 - INFO - ⏱️ HPO took 170.46 seconds
2025-12-14 03:10:53,673 - INFO - Training final model...
2025-12-14 03:10:54,348 - INFO - ⏱️ Training took 0.68 seconds
2025-12-14 03:10:54,348 - INFO - Performing residual analysis...
2025-12-14 03:10:55,345 - INFO - Generating XAI explanations...
2025-12-14 03:10:56,027 - INFO - Computing feature importance...
2025-12-14 03:10:56,559 - INFO - Experiment completed for CatBoost
2025-12-14 03:10:56,559 - INFO - Total time: 194.34s (3.24 min)
2025-12-14 03:10:56,559 - INFO - Starting comprehensive experiment for CatBoost
2025-12-14 03:11:04,183 - INFO - Performing feature analysis...
2025-12-14 03:11:05,341 - INFO - Model justification: Handles categorical features naturally, robust to hyperparameter tuning
2025-12-14 03:11:05,341 - INFO - Performing robust cross-validation...
2025-12-14 03:11:14,718 - INFO - CV Results - MSE: 0.7426 ± 0.0738
2025-12-14 03:11:14,718 - INFO - Starting hyperparameter optimization...
2025-12-14 03:13:48,729 - INFO - Best parameters for CatBoost: {'iterations': 784, 'depth': 8, 'learning_rate': 0.012453704291960252, 'l2_leaf_reg': 0.6146439247862419}
2025-12-14 03:13:48,729 - INFO - ⏱️ HPO took 154.01 seconds
2025-12-14 03:13:48,729 - INFO - Training final model...
2025-12-14 03:13:49,657 - INFO - ⏱️ Training took 0.93 seconds
2025-12-14 03:13:49,657 - INFO - Performing residual analysis...
2025-12-14 03:13:50,667 - INFO - Generating XAI explanations...
2025-12-14 03:13:51,444 - INFO - Computing feature importance...
2025-12-14 03:13:51,966 - INFO - Experiment completed for CatBoost
2025-12-14 03:13:51,966 - INFO - Total time: 175.03s (2.92 min)
2025-12-14 03:13:51,966 - INFO - Starting comprehensive experiment for CatBoost
2025-12-14 03:14:00,044 - INFO - Performing feature analysis...
2025-12-14 03:14:01,198 - INFO - Model justification: Handles categorical features naturally, robust to hyperparameter tuning
2025-12-14 03:14:01,198 - INFO - Performing robust cross-validation...
2025-12-14 03:14:10,500 - INFO - CV Results - MSE: 0.6575 ± 0.1047
2025-12-14 03:14:10,500 - INFO - Starting hyperparameter optimization...
2025-12-14 03:17:31,082 - INFO - Best parameters for CatBoost: {'iterations': 223, 'depth': 8, 'learning_rate': 0.033087074541969665, 'l2_leaf_reg': 0.06412099050490037}
2025-12-14 03:17:31,083 - INFO - ⏱️ HPO took 200.58 seconds
2025-12-14 03:17:31,083 - INFO - Training final model...
2025-12-14 03:17:31,661 - INFO - ⏱️ Training took 0.58 seconds
2025-12-14 03:17:31,661 - INFO - Performing residual analysis...
2025-12-14 03:17:32,705 - INFO - Generating XAI explanations...
2025-12-14 03:17:33,280 - INFO - Computing feature importance...
2025-12-14 03:17:33,949 - INFO - Experiment completed for CatBoost
2025-12-14 03:17:33,949 - INFO - Total time: 221.44s (3.69 min)
2025-12-14 03:17:33,950 - INFO - Starting comprehensive experiment for CatBoost
2025-12-14 03:17:42,675 - INFO - Performing feature analysis...
2025-12-14 03:17:43,832 - INFO - Model justification: Handles categorical features naturally, robust to hyperparameter tuning
2025-12-14 03:17:43,832 - INFO - Performing robust cross-validation...
2025-12-14 03:17:53,448 - INFO - CV Results - MSE: 0.8392 ± 0.1474
2025-12-14 03:17:53,449 - INFO - Starting hyperparameter optimization...
2025-12-14 03:20:55,896 - INFO - Best parameters for CatBoost: {'iterations': 707, 'depth': 6, 'learning_rate': 0.010328134530176914, 'l2_leaf_reg': 0.7494842614941178}
2025-12-14 03:20:55,896 - INFO - ⏱️ HPO took 182.45 seconds
2025-12-14 03:20:55,896 - INFO - Training final model...
2025-12-14 03:20:56,358 - INFO - ⏱️ Training took 0.46 seconds
2025-12-14 03:20:56,358 - INFO - Performing residual analysis...
2025-12-14 03:20:57,389 - INFO - Generating XAI explanations...
2025-12-14 03:20:57,953 - INFO - Computing feature importance...
2025-12-14 03:20:58,469 - INFO - Experiment completed for CatBoost
2025-12-14 03:20:58,469 - INFO - Total time: 204.14s (3.40 min)
2025-12-14 03:20:58,469 - INFO - Starting comprehensive experiment for CatBoost
2025-12-14 03:21:06,278 - INFO - Performing feature analysis...
2025-12-14 03:21:07,456 - INFO - Model justification: Handles categorical features naturally, robust to hyperparameter tuning
2025-12-14 03:21:07,456 - INFO - Performing robust cross-validation...
2025-12-14 03:21:16,234 - INFO - CV Results - MSE: 0.7982 ± 0.0825
2025-12-14 03:21:16,235 - INFO - Starting hyperparameter optimization...
2025-12-14 03:24:05,834 - INFO - Best parameters for CatBoost: {'iterations': 606, 'depth': 7, 'learning_rate': 0.012179890575830183, 'l2_leaf_reg': 1.4388260986665806}
2025-12-14 03:24:05,834 - INFO - ⏱️ HPO took 169.60 seconds
2025-12-14 03:24:05,834 - INFO - Training final model...
2025-12-14 03:24:06,273 - INFO - ⏱️ Training took 0.44 seconds
2025-12-14 03:24:06,273 - INFO - Performing residual analysis...
2025-12-14 03:24:07,333 - INFO - Generating XAI explanations...
2025-12-14 03:24:07,974 - INFO - Computing feature importance...
2025-12-14 03:24:08,500 - INFO - Experiment completed for CatBoost
2025-12-14 03:24:08,500 - INFO - Total time: 189.65s (3.16 min)
2025-12-14 03:24:08,501 - INFO - Starting comprehensive experiment for CatBoost
2025-12-14 03:24:17,329 - INFO - Performing feature analysis...
2025-12-14 03:24:18,493 - INFO - Model justification: Handles categorical features naturally, robust to hyperparameter tuning
2025-12-14 03:24:18,493 - INFO - Performing robust cross-validation...
2025-12-14 03:24:28,031 - INFO - CV Results - MSE: 0.6813 ± 0.0988
2025-12-14 03:24:28,031 - INFO - Starting hyperparameter optimization...
2025-12-14 03:29:14,254 - INFO - Best parameters for CatBoost: {'iterations': 476, 'depth': 10, 'learning_rate': 0.05969555959748985, 'l2_leaf_reg': 1.8729109673552415}
2025-12-14 03:29:14,254 - INFO - ⏱️ HPO took 286.22 seconds
2025-12-14 03:29:14,255 - INFO - Training final model...
2025-12-14 03:29:16,017 - INFO - ⏱️ Training took 1.76 seconds
2025-12-14 03:29:16,017 - INFO - Performing residual analysis...
2025-12-14 03:29:17,006 - INFO - Generating XAI explanations...
2025-12-14 03:29:17,775 - INFO - Computing feature importance...
2025-12-14 03:29:18,327 - INFO - Experiment completed for CatBoost
2025-12-14 03:29:18,327 - INFO - Total time: 309.44s (5.16 min)
2025-12-14 03:29:18,328 - INFO - Starting comprehensive experiment for CatBoost
2025-12-14 03:29:27,044 - INFO - Performing feature analysis...
2025-12-14 03:29:28,198 - INFO - Model justification: Handles categorical features naturally, robust to hyperparameter tuning
2025-12-14 03:29:28,199 - INFO - Performing robust cross-validation...
2025-12-14 03:29:37,686 - INFO - CV Results - MSE: 0.8168 ± 0.1110
2025-12-14 03:29:37,686 - INFO - Starting hyperparameter optimization...
2025-12-14 03:32:32,238 - INFO - Best parameters for CatBoost: {'iterations': 890, 'depth': 5, 'learning_rate': 0.011079834665225224, 'l2_leaf_reg': 1.1796132644615387}
2025-12-14 03:32:32,238 - INFO - ⏱️ HPO took 174.55 seconds
2025-12-14 03:32:32,239 - INFO - Training final model...
2025-12-14 03:32:32,796 - INFO - ⏱️ Training took 0.56 seconds
2025-12-14 03:32:32,797 - INFO - Performing residual analysis...
2025-12-14 03:32:33,876 - INFO - Generating XAI explanations...
2025-12-14 03:32:34,424 - INFO - Computing feature importance...
2025-12-14 03:32:34,948 - INFO - Experiment completed for CatBoost
2025-12-14 03:32:34,949 - INFO - Total time: 196.24s (3.27 min)
2025-12-14 03:32:34,949 - INFO - Starting comprehensive experiment for CatBoost
2025-12-14 03:32:43,393 - INFO - Performing feature analysis...
2025-12-14 03:32:44,560 - INFO - Model justification: Handles categorical features naturally, robust to hyperparameter tuning
2025-12-14 03:32:44,560 - INFO - Performing robust cross-validation...
2025-12-14 03:32:54,630 - INFO - CV Results - MSE: 0.8302 ± 0.1460
2025-12-14 03:32:54,630 - INFO - Starting hyperparameter optimization...
2025-12-14 03:35:42,606 - INFO - Best parameters for CatBoost: {'iterations': 959, 'depth': 7, 'learning_rate': 0.01218872260172496, 'l2_leaf_reg': 6.6125117070273065}
2025-12-14 03:35:42,606 - INFO - ⏱️ HPO took 167.98 seconds
2025-12-14 03:35:42,606 - INFO - Training final model...
2025-12-14 03:35:43,374 - INFO - ⏱️ Training took 0.77 seconds
2025-12-14 03:35:43,374 - INFO - Performing residual analysis...
2025-12-14 03:35:44,413 - INFO - Generating XAI explanations...
2025-12-14 03:35:45,099 - INFO - Computing feature importance...
2025-12-14 03:35:45,625 - INFO - Experiment completed for CatBoost
2025-12-14 03:35:45,626 - INFO - Total time: 190.30s (3.17 min)
2025-12-14 03:35:45,626 - INFO - Starting comprehensive experiment for CatBoost
2025-12-14 03:35:55,071 - INFO - Performing feature analysis...
2025-12-14 03:35:56,232 - INFO - Model justification: Handles categorical features naturally, robust to hyperparameter tuning
2025-12-14 03:35:56,232 - INFO - Performing robust cross-validation...
2025-12-14 03:36:05,393 - INFO - CV Results - MSE: 0.7074 ± 0.1720
2025-12-14 03:36:05,393 - INFO - Starting hyperparameter optimization...
2025-12-14 03:38:54,683 - INFO - Best parameters for CatBoost: {'iterations': 260, 'depth': 7, 'learning_rate': 0.06301951384424317, 'l2_leaf_reg': 1.2615751233429946}
2025-12-14 03:38:54,683 - INFO - ⏱️ HPO took 169.29 seconds
2025-12-14 03:38:54,683 - INFO - Training final model...
2025-12-14 03:38:55,188 - INFO - ⏱️ Training took 0.50 seconds
2025-12-14 03:38:55,188 - INFO - Performing residual analysis...
2025-12-14 03:38:56,261 - INFO - Generating XAI explanations...
2025-12-14 03:38:56,809 - INFO - Computing feature importance...
2025-12-14 03:38:57,312 - INFO - Experiment completed for CatBoost
2025-12-14 03:38:57,312 - INFO - Total time: 191.31s (3.19 min)
2025-12-14 03:38:57,312 - INFO - Starting comprehensive experiment for CatBoost
2025-12-14 03:39:06,480 - INFO - Performing feature analysis...
2025-12-14 03:39:07,651 - INFO - Model justification: Handles categorical features naturally, robust to hyperparameter tuning
2025-12-14 03:39:07,651 - INFO - Performing robust cross-validation...
2025-12-14 03:39:16,973 - INFO - CV Results - MSE: 0.7835 ± 0.1339
2025-12-14 03:39:16,973 - INFO - Starting hyperparameter optimization...
2025-12-14 03:42:31,719 - INFO - Best parameters for CatBoost: {'iterations': 817, 'depth': 8, 'learning_rate': 0.01075623226299327, 'l2_leaf_reg': 0.3613049113095654}
2025-12-14 03:42:31,719 - INFO - ⏱️ HPO took 194.75 seconds
2025-12-14 03:42:31,719 - INFO - Training final model...
2025-12-14 03:42:32,670 - INFO - ⏱️ Training took 0.95 seconds
2025-12-14 03:42:32,671 - INFO - Performing residual analysis...
2025-12-14 03:42:33,700 - INFO - Generating XAI explanations...
2025-12-14 03:42:34,699 - INFO - Computing feature importance...
2025-12-14 03:42:35,232 - INFO - Experiment completed for CatBoost
2025-12-14 03:42:35,232 - INFO - Total time: 217.54s (3.63 min)
2025-12-14 03:42:35,233 - INFO - Starting comprehensive experiment for CatBoost
2025-12-14 03:42:44,486 - INFO - Performing feature analysis...
2025-12-14 03:42:45,689 - INFO - Model justification: Handles categorical features naturally, robust to hyperparameter tuning
2025-12-14 03:42:45,689 - INFO - Performing robust cross-validation...
2025-12-14 03:42:55,096 - INFO - CV Results - MSE: 0.7801 ± 0.1248
2025-12-14 03:42:55,096 - INFO - Starting hyperparameter optimization...
2025-12-14 03:45:57,534 - INFO - Best parameters for CatBoost: {'iterations': 641, 'depth': 8, 'learning_rate': 0.01596950334578271, 'l2_leaf_reg': 7.579479953348009}
2025-12-14 03:45:57,534 - INFO - ⏱️ HPO took 182.44 seconds
2025-12-14 03:45:57,535 - INFO - Training final model...
2025-12-14 03:45:58,353 - INFO - ⏱️ Training took 0.82 seconds
2025-12-14 03:45:58,353 - INFO - Performing residual analysis...
2025-12-14 03:45:59,402 - INFO - Generating XAI explanations...
2025-12-14 03:46:00,124 - INFO - Computing feature importance...
2025-12-14 03:46:00,640 - INFO - Experiment completed for CatBoost
2025-12-14 03:46:00,640 - INFO - Total time: 205.03s (3.42 min)
2025-12-14 03:46:00,640 - INFO - Starting comprehensive experiment for CatBoost
2025-12-14 03:46:10,555 - INFO - Performing feature analysis...
2025-12-14 03:46:11,718 - INFO - Model justification: Handles categorical features naturally, robust to hyperparameter tuning
2025-12-14 03:46:11,718 - INFO - Performing robust cross-validation...
2025-12-14 03:46:21,253 - INFO - CV Results - MSE: 0.7392 ± 0.1269
2025-12-14 03:46:21,253 - INFO - Starting hyperparameter optimization...
2025-12-14 03:49:06,311 - INFO - Best parameters for CatBoost: {'iterations': 954, 'depth': 7, 'learning_rate': 0.01476682307966528, 'l2_leaf_reg': 2.7253784555900906}
2025-12-14 03:49:06,311 - INFO - ⏱️ HPO took 165.06 seconds
2025-12-14 03:49:06,312 - INFO - Training final model...
2025-12-14 03:49:07,055 - INFO - ⏱️ Training took 0.74 seconds
2025-12-14 03:49:07,055 - INFO - Performing residual analysis...
2025-12-14 03:49:08,096 - INFO - Generating XAI explanations...
2025-12-14 03:49:08,784 - INFO - Computing feature importance...
2025-12-14 03:49:09,326 - INFO - Experiment completed for CatBoost
2025-12-14 03:49:09,326 - INFO - Total time: 188.29s (3.14 min)
2025-12-14 03:49:09,326 - INFO - Starting comprehensive experiment for CatBoost
2025-12-14 03:49:17,884 - INFO - Performing feature analysis...
2025-12-14 03:49:19,039 - INFO - Model justification: Handles categorical features naturally, robust to hyperparameter tuning
2025-12-14 03:49:19,039 - INFO - Performing robust cross-validation...
2025-12-14 03:49:28,604 - INFO - CV Results - MSE: 0.7800 ± 0.1370
2025-12-14 03:49:28,605 - INFO - Starting hyperparameter optimization...
2025-12-14 03:53:11,001 - INFO - Best parameters for CatBoost: {'iterations': 707, 'depth': 6, 'learning_rate': 0.010328134530176914, 'l2_leaf_reg': 0.7494842614941178}
2025-12-14 03:53:11,001 - INFO - ⏱️ HPO took 222.40 seconds
2025-12-14 03:53:11,001 - INFO - Training final model...
2025-12-14 03:53:11,442 - INFO - ⏱️ Training took 0.44 seconds
2025-12-14 03:53:11,442 - INFO - Performing residual analysis...
2025-12-14 03:53:12,490 - INFO - Generating XAI explanations...
2025-12-14 03:53:13,056 - INFO - Computing feature importance...
2025-12-14 03:53:13,572 - INFO - Experiment completed for CatBoost
2025-12-14 03:53:13,572 - INFO - Total time: 243.87s (4.06 min)
2025-12-14 03:53:13,573 - INFO - Starting comprehensive experiment for CatBoost
2025-12-14 03:53:22,364 - INFO - Performing feature analysis...
2025-12-14 03:53:23,683 - INFO - Model justification: Handles categorical features naturally, robust to hyperparameter tuning
2025-12-14 03:53:23,683 - INFO - Performing robust cross-validation...
2025-12-14 03:53:33,105 - INFO - CV Results - MSE: 0.7406 ± 0.1262
2025-12-14 03:53:33,105 - INFO - Starting hyperparameter optimization...
2025-12-14 03:56:52,582 - INFO - Best parameters for CatBoost: {'iterations': 382, 'depth': 7, 'learning_rate': 0.020363961413610628, 'l2_leaf_reg': 0.8458422154856655}
2025-12-14 03:56:52,583 - INFO - ⏱️ HPO took 199.48 seconds
2025-12-14 03:56:52,583 - INFO - Training final model...
2025-12-14 03:56:53,137 - INFO - ⏱️ Training took 0.55 seconds
2025-12-14 03:56:53,137 - INFO - Performing residual analysis...
2025-12-14 03:56:54,177 - INFO - Generating XAI explanations...
2025-12-14 03:56:54,753 - INFO - Computing feature importance...
2025-12-14 03:56:55,268 - INFO - Experiment completed for CatBoost
2025-12-14 03:56:55,268 - INFO - Total time: 221.31s (3.69 min)
2025-12-14 03:56:55,268 - INFO - Starting comprehensive experiment for CatBoost
2025-12-14 03:57:03,671 - INFO - Performing feature analysis...
2025-12-14 03:57:04,838 - INFO - Model justification: Handles categorical features naturally, robust to hyperparameter tuning
2025-12-14 03:57:04,838 - INFO - Performing robust cross-validation...
2025-12-14 03:57:14,151 - INFO - CV Results - MSE: 0.6792 ± 0.0897
2025-12-14 03:57:14,151 - INFO - Starting hyperparameter optimization...
2025-12-14 04:00:05,100 - INFO - Best parameters for CatBoost: {'iterations': 784, 'depth': 8, 'learning_rate': 0.012453704291960252, 'l2_leaf_reg': 0.6146439247862419}
2025-12-14 04:00:05,100 - INFO - ⏱️ HPO took 170.95 seconds
2025-12-14 04:00:05,101 - INFO - Training final model...
2025-12-14 04:00:05,906 - INFO - ⏱️ Training took 0.81 seconds
2025-12-14 04:00:05,906 - INFO - Performing residual analysis...
2025-12-14 04:00:06,954 - INFO - Generating XAI explanations...
2025-12-14 04:00:07,716 - INFO - Computing feature importance...
2025-12-14 04:00:08,244 - INFO - Experiment completed for CatBoost
2025-12-14 04:00:08,244 - INFO - Total time: 192.59s (3.21 min)
2025-12-14 04:00:08,244 - INFO - Starting comprehensive experiment for CatBoost
2025-12-14 04:00:17,288 - INFO - Performing feature analysis...
2025-12-14 04:00:18,455 - INFO - Model justification: Handles categorical features naturally, robust to hyperparameter tuning
2025-12-14 04:00:18,455 - INFO - Performing robust cross-validation...
2025-12-14 04:00:28,163 - INFO - CV Results - MSE: 0.7842 ± 0.1644
2025-12-14 04:00:28,163 - INFO - Starting hyperparameter optimization...
2025-12-14 04:03:41,060 - INFO - Best parameters for CatBoost: {'iterations': 887, 'depth': 7, 'learning_rate': 0.012180415896208274, 'l2_leaf_reg': 1.1977249906077492}
2025-12-14 04:03:41,061 - INFO - ⏱️ HPO took 192.90 seconds
2025-12-14 04:03:41,061 - INFO - Training final model...
2025-12-14 04:03:41,806 - INFO - ⏱️ Training took 0.75 seconds
2025-12-14 04:03:41,806 - INFO - Performing residual analysis...
2025-12-14 04:03:42,846 - INFO - Generating XAI explanations...
2025-12-14 04:03:43,512 - INFO - Computing feature importance...
2025-12-14 04:03:44,033 - INFO - Experiment completed for CatBoost
2025-12-14 04:03:44,033 - INFO - Total time: 215.41s (3.59 min)
2025-12-14 04:03:44,034 - INFO - Starting comprehensive experiment for CatBoost
2025-12-14 04:03:52,599 - INFO - Performing feature analysis...
2025-12-14 04:03:53,753 - INFO - Model justification: Handles categorical features naturally, robust to hyperparameter tuning
2025-12-14 04:03:53,753 - INFO - Performing robust cross-validation...
2025-12-14 04:04:03,263 - INFO - CV Results - MSE: 0.7115 ± 0.1417
2025-12-14 04:04:03,264 - INFO - Starting hyperparameter optimization...
2025-12-14 04:06:52,637 - INFO - Best parameters for CatBoost: {'iterations': 784, 'depth': 8, 'learning_rate': 0.012453704291960252, 'l2_leaf_reg': 0.6146439247862419}
2025-12-14 04:06:52,637 - INFO - ⏱️ HPO took 169.37 seconds
2025-12-14 04:06:52,637 - INFO - Training final model...
2025-12-14 04:06:53,524 - INFO - ⏱️ Training took 0.89 seconds
2025-12-14 04:06:53,524 - INFO - Performing residual analysis...
2025-12-14 04:06:54,537 - INFO - Generating XAI explanations...
2025-12-14 04:06:55,487 - INFO - Computing feature importance...
2025-12-14 04:06:56,012 - INFO - Experiment completed for CatBoost
2025-12-14 04:06:56,012 - INFO - Total time: 191.60s (3.19 min)
2025-12-14 04:06:56,012 - INFO - Starting comprehensive experiment for CatBoost
2025-12-14 04:07:04,360 - INFO - Performing feature analysis...
2025-12-14 04:07:05,518 - INFO - Model justification: Handles categorical features naturally, robust to hyperparameter tuning
2025-12-14 04:07:05,519 - INFO - Performing robust cross-validation...
2025-12-14 04:07:15,028 - INFO - CV Results - MSE: 0.7685 ± 0.1759
2025-12-14 04:07:15,028 - INFO - Starting hyperparameter optimization...
2025-12-14 04:10:47,238 - INFO - Best parameters for CatBoost: {'iterations': 331, 'depth': 8, 'learning_rate': 0.02630682104973882, 'l2_leaf_reg': 1.5680529415988216}
2025-12-14 04:10:47,238 - INFO - ⏱️ HPO took 212.21 seconds
2025-12-14 04:10:47,238 - INFO - Training final model...
2025-12-14 04:10:47,689 - INFO - ⏱️ Training took 0.45 seconds
2025-12-14 04:10:47,689 - INFO - Performing residual analysis...
2025-12-14 04:10:48,714 - INFO - Generating XAI explanations...
2025-12-14 04:10:49,316 - INFO - Computing feature importance...
2025-12-14 04:10:49,824 - INFO - Experiment completed for CatBoost
2025-12-14 04:10:49,824 - INFO - Total time: 233.43s (3.89 min)
2025-12-14 04:10:49,824 - INFO - Starting comprehensive experiment for CatBoost
2025-12-14 04:10:57,452 - INFO - Performing feature analysis...
2025-12-14 04:10:58,620 - INFO - Model justification: Handles categorical features naturally, robust to hyperparameter tuning
2025-12-14 04:10:58,620 - INFO - Performing robust cross-validation...
2025-12-14 04:11:08,138 - INFO - CV Results - MSE: 0.6799 ± 0.1372
2025-12-14 04:11:08,138 - INFO - Starting hyperparameter optimization...
2025-12-14 04:14:35,171 - INFO - Best parameters for CatBoost: {'iterations': 784, 'depth': 8, 'learning_rate': 0.012453704291960252, 'l2_leaf_reg': 0.6146439247862419}
2025-12-14 04:14:35,171 - INFO - ⏱️ HPO took 207.03 seconds
2025-12-14 04:14:35,171 - INFO - Training final model...
2025-12-14 04:14:35,953 - INFO - ⏱️ Training took 0.78 seconds
2025-12-14 04:14:35,954 - INFO - Performing residual analysis...
2025-12-14 04:14:36,962 - INFO - Generating XAI explanations...
2025-12-14 04:14:37,732 - INFO - Computing feature importance...
2025-12-14 04:14:38,260 - INFO - Experiment completed for CatBoost
2025-12-14 04:14:38,260 - INFO - Total time: 228.06s (3.80 min)
